<html>
<body>
<pre>
<h1>µVision Build Log</h1>
<h2>Tool Versions:</h2>
IDE-Version: ¦ÌVision V5.33.0.0
Copyright (C) 2020 ARM Ltd and ARM Germany GmbH. All rights reserved.
License Information: admin admin, admin, LIC=LJWP0-BZAXX-IN0A7-ED57T-4QU6A-0H0DN
 
Tool Versions:
Toolchain:       MDK-ARM Professional  Version: 5.33.0.0
Toolchain Path:  D:\Keil_5\Keil_v5\ARM\ARMCC\Bin
C Compiler:      Armcc.exe V5.06 update 7 (build 960)
Assembler:       Armasm.exe V5.06 update 7 (build 960)
Linker/Locator:  ArmLink.exe V5.06 update 7 (build 960)
Library Manager: ArmAr.exe V5.06 update 7 (build 960)
Hex Converter:   FromElf.exe V5.06 update 7 (build 960)
CPU DLL:         SARMCM3.DLL V5.33.0.0
Dialog DLL:      DCM.DLL V1.17.3.0
Target DLL:      CMSIS_AGDI.dll V1.32.12.0
Dialog DLL:      TCM.DLL V1.48.0.0
 
<h2>Project:</h2>
D:\HALHAL\111_RM24\24_Wolf_4Wheel_Infantry\Head\DJI_CIMU\MDK-ARM\ins_task.uvprojx
Project File Date:  04/15/2024

<h2>Output:</h2>
*** Using Compiler 'V5.06 update 7 (build 960)', folder: 'D:\Keil_5\Keil_v5\ARM\ARMCC\Bin'
Build target 'ins_task'
compiling Monitor_RM_CAN.c...
linking...
Program Size: Code=87496 RO-data=1708 RW-data=3284 ZI-data=47412  
FromELF: creating hex file...
"ins_task\ins_task.axf" - 0 Error(s), 0 Warning(s).

<h2>Software Packages used:</h2>

Package Vendor: ARM
                http://www.keil.com/pack/ARM.CMSIS.5.5.1.pack
                ARM.CMSIS.5.5.1
                CMSIS (Cortex Microcontroller Software Interface Standard)
   * Component: CORE Version: 5.2.0
   * Component: DSP Variant: Library Version: 1.6.0

Package Vendor: Keil
                https://www.keil.com/pack/Keil.STM32F4xx_DFP.2.17.1.pack
                Keil.STM32F4xx_DFP.2.17.1
                STMicroelectronics STM32F4 Series Device Support, Drivers and Examples

<h2>Collection of Component include folders:</h2>
  .\RTE\_ins_task
  D:\Keil_5\Packs\ARM\CMSIS\5.5.1\CMSIS\Core\Include
  D:\Keil_5\Packs\ARM\CMSIS\5.5.1\CMSIS\DSP\Include
  D:\Keil_5\Packs\Keil\STM32F4xx_DFP\2.17.1\Drivers\CMSIS\Device\ST\STM32F4xx\Include

<h2>Collection of Component Files used:</h2>

   * Component: ARM::CMSIS:CORE:5.2.0

   * Component: ARM::CMSIS:DSP:Library:1.6.0
      Include file:  CMSIS\DSP\Include\arm_math.h
      Library file:  CMSIS\DSP\Lib\ARM\arm_cortexM4lf_math.lib
Build Time Elapsed:  00:00:04
</pre>
</body>
</html>
