Component: ARM Compiler 5.06 update 7 (build 960) Tool: armlink [4d3601]

==============================================================================

Section Cross References

    main.o(i.HAL_TIM_PeriodElapsedCallback) refers to stm32f4xx_hal.o(i.HAL_IncTick) for HAL_IncTick
    main.o(i.SystemClock_Config) refers to memseta.o(.text) for __aeabi_memclr4
    main.o(i.SystemClock_Config) refers to stm32f4xx_hal_rcc.o(i.HAL_RCC_OscConfig) for HAL_RCC_OscConfig
    main.o(i.SystemClock_Config) refers to main.o(i.Error_Handler) for Error_Handler
    main.o(i.SystemClock_Config) refers to stm32f4xx_hal_rcc.o(i.HAL_RCC_ClockConfig) for HAL_RCC_ClockConfig
    main.o(i.main) refers to stm32f4xx_hal.o(i.HAL_Init) for HAL_Init
    main.o(i.main) refers to main.o(i.SystemClock_Config) for SystemClock_Config
    main.o(i.main) refers to gpio.o(i.MX_GPIO_Init) for MX_GPIO_Init
    main.o(i.main) refers to dma.o(i.MX_DMA_Init) for MX_DMA_Init
    main.o(i.main) refers to spi.o(i.MX_SPI1_Init) for MX_SPI1_Init
    main.o(i.main) refers to tim.o(i.MX_TIM5_Init) for MX_TIM5_Init
    main.o(i.main) refers to i2c.o(i.MX_I2C3_Init) for MX_I2C3_Init
    main.o(i.main) refers to tim.o(i.MX_TIM10_Init) for MX_TIM10_Init
    main.o(i.main) refers to usart.o(i.MX_USART1_UART_Init) for MX_USART1_UART_Init
    main.o(i.main) refers to can.o(i.MX_CAN2_Init) for MX_CAN2_Init
    main.o(i.main) refers to tim.o(i.MX_TIM4_Init) for MX_TIM4_Init
    main.o(i.main) refers to can.o(i.MX_CAN1_Init) for MX_CAN1_Init
    main.o(i.main) refers to usart.o(i.MX_USART3_UART_Init) for MX_USART3_UART_Init
    main.o(i.main) refers to usart.o(i.MX_USART6_UART_Init) for MX_USART6_UART_Init
    main.o(i.main) refers to tim.o(i.MX_TIM1_Init) for MX_TIM1_Init
    main.o(i.main) refers to tim.o(i.MX_TIM8_Init) for MX_TIM8_Init
    main.o(i.main) refers to freertos.o(i.MX_FREERTOS_Init) for MX_FREERTOS_Init
    main.o(i.main) refers to cmsis_os.o(i.osKernelStart) for osKernelStart
    gpio.o(i.MX_GPIO_Init) refers to memseta.o(.text) for __aeabi_memclr4
    gpio.o(i.MX_GPIO_Init) refers to stm32f4xx_hal_gpio.o(i.HAL_GPIO_WritePin) for HAL_GPIO_WritePin
    gpio.o(i.MX_GPIO_Init) refers to stm32f4xx_hal_gpio.o(i.HAL_GPIO_Init) for HAL_GPIO_Init
    gpio.o(i.MX_GPIO_Init) refers to stm32f4xx_hal_cortex.o(i.HAL_NVIC_SetPriority) for HAL_NVIC_SetPriority
    gpio.o(i.MX_GPIO_Init) refers to stm32f4xx_hal_cortex.o(i.HAL_NVIC_EnableIRQ) for HAL_NVIC_EnableIRQ
    freertos.o(i.All_Init_Run) refers to usb_device.o(i.MX_USB_DEVICE_Init) for MX_USB_DEVICE_Init
    freertos.o(i.All_Init_Run) refers to port.o(i.vPortEnterCritical) for vPortEnterCritical
    freertos.o(i.All_Init_Run) refers to bsp_delay.o(i.delay_init) for delay_init
    freertos.o(i.All_Init_Run) refers to bsp_buzzer.o(i.Buzzer_Init) for Buzzer_Init
    freertos.o(i.All_Init_Run) refers to calibrate_task.o(i.cali_param_init) for cali_param_init
    freertos.o(i.All_Init_Run) refers to bsp_can.o(i.CAN_1_Filter_Config) for CAN_1_Filter_Config
    freertos.o(i.All_Init_Run) refers to bsp_can.o(i.CAN_2_Filter_Config) for CAN_2_Filter_Config
    freertos.o(i.All_Init_Run) refers to chassis_control.o(i.Robot_Init) for Robot_Init
    freertos.o(i.All_Init_Run) refers to chassis_control.o(i.Chassis_Init) for Chassis_Init
    freertos.o(i.All_Init_Run) refers to stm32f4xx_hal_tim.o(i.HAL_TIM_Base_Start) for HAL_TIM_Base_Start
    freertos.o(i.All_Init_Run) refers to tim.o(i.HAL_TIM_MspPostInit) for HAL_TIM_MspPostInit
    freertos.o(i.All_Init_Run) refers to stm32f4xx_hal_tim.o(i.HAL_TIM_PWM_Start) for HAL_TIM_PWM_Start
    freertos.o(i.All_Init_Run) refers to memcpya.o(.text) for __aeabi_memcpy4
    freertos.o(i.All_Init_Run) refers to cmsis_os.o(i.osThreadCreate) for osThreadCreate
    freertos.o(i.All_Init_Run) refers to port.o(i.vPortExitCritical) for vPortExitCritical
    freertos.o(i.All_Init_Run) refers to tasks.o(i.vTaskDelete) for vTaskDelete
    freertos.o(i.All_Init_Run) refers to dr16_remote.o(.data) for DR16_Fun
    freertos.o(i.All_Init_Run) refers to usart.o(.bss) for huart3
    freertos.o(i.All_Init_Run) refers to control_vision.o(.data) for Control_Vision_FUN
    freertos.o(i.All_Init_Run) refers to tim.o(.bss) for htim1
    freertos.o(i.All_Init_Run) refers to can.o(.bss) for hcan1
    freertos.o(i.All_Init_Run) refers to freertos.o(.constdata) for .constdata
    freertos.o(i.All_Init_Run) refers to freertos.o(.data) for Task_ControlHandle
    freertos.o(i.MX_FREERTOS_Init) refers to queue.o(i.xQueueGenericCreate) for xQueueGenericCreate
    freertos.o(i.MX_FREERTOS_Init) refers to cmsis_os.o(i.osMessageCreate) for osMessageCreate
    freertos.o(i.MX_FREERTOS_Init) refers to memcpya.o(.text) for __aeabi_memcpy4
    freertos.o(i.MX_FREERTOS_Init) refers to cmsis_os.o(i.osThreadCreate) for osThreadCreate
    freertos.o(i.MX_FREERTOS_Init) refers to freertos.o(.data) for CAN2_Queue
    freertos.o(i.MX_FREERTOS_Init) refers to freertos.o(.constdata) for .constdata
[...]
    gyro_update_flag                         0x20000ad5   Data           1  ins_task.o(.data)
    accel_update_flag                        0x20000ad6   Data           1  ins_task.o(.data)
    accel_temp_update_flag                   0x20000ad7   Data           1  ins_task.o(.data)
    mag_update_flag                          0x20000ad8   Data           1  ins_task.o(.data)
    imu_start_dma_flag                       0x20000ad9   Data           1  ins_task.o(.data)
    gyro_scale_factor                        0x20000adc   Data          36  ins_task.o(.data)
    accel_scale_factor                       0x20000b00   Data          36  ins_task.o(.data)
    mag_scale_factor                         0x20000b24   Data          36  ins_task.o(.data)
    RGB_flow_color                           0x20000b50   Data          28  led_flow_task.o(.data)
    twoKp                                    0x20000b6c   Data           4  mahonyahrs.o(.data)
    twoKi                                    0x20000b70   Data           4  mahonyahrs.o(.data)
    integralFBx                              0x20000b74   Data           4  mahonyahrs.o(.data)
    integralFBy                              0x20000b78   Data           4  mahonyahrs.o(.data)
    integralFBz                              0x20000b7c   Data           4  mahonyahrs.o(.data)
    SystemCoreClock                          0x20000ba0   Data           4  system_stm32f4xx.o(.data)
    xjj                                      0x20000ba4   Data           4  task_canmsg.o(.data)
    ymy                                      0x20000ba8   Data           4  task_canmsg.o(.data)
    Power_Meter                              0x20000bac   Data           8  task_canmsg.o(.data)
    ainimemeda                               0x20000bb4   Data           4  task_canmsg.o(.data)
    uwTick                                   0x20000bb8   Data           4  stm32f4xx_hal.o(.data)
    uwTickPrio                               0x20000bbc   Data           4  stm32f4xx_hal.o(.data)
    uwTickFreq                               0x20000bc0   Data           1  stm32f4xx_hal.o(.data)
    pxCurrentTCB                             0x20000bc4   Data           4  tasks.o(.data)
    USBD_CDC                                 0x20000c50   Data          56  usbd_cdc.o(.data)
    hcan1                                    0x2000137c   Data          40  can.o(.bss)
    hcan2                                    0x200013a4   Data          40  can.o(.bss)
    hi2c3                                    0x200013cc   Data          84  i2c.o(.bss)
    hspi1                                    0x20001420   Data          88  spi.o(.bss)
    hdma_spi1_rx                             0x20001478   Data          96  spi.o(.bss)
    hdma_spi1_tx                             0x200014d8   Data          96  spi.o(.bss)
    htim1                                    0x20001538   Data          72  tim.o(.bss)
    htim4                                    0x20001580   Data          72  tim.o(.bss)
    htim5                                    0x200015c8   Data          72  tim.o(.bss)
    htim8                                    0x20001610   Data          72  tim.o(.bss)
    htim10                                   0x20001658   Data          72  tim.o(.bss)
    hdma_tim8_ch3                            0x200016a0   Data          96  tim.o(.bss)
    huart1                                   0x20001700   Data          68  usart.o(.bss)
    huart3                                   0x20001744   Data          68  usart.o(.bss)
    huart6                                   0x20001788   Data          68  usart.o(.bss)
    hdma_usart1_rx                           0x200017cc   Data          96  usart.o(.bss)
    hdma_usart3_rx                           0x2000182c   Data          96  usart.o(.bss)
    hdma_usart6_rx                           0x2000188c   Data          96  usart.o(.bss)
    hUsbDeviceFS                             0x200018ec   Data         732  usb_device.o(.bss)
    hpcd_USB_OTG_FS                          0x20001bc8   Data        1292  usbd_conf.o(.bss)
    USBD_StrDesc                             0x200022f4   Data         512  usbd_desc.o(.bss)
    UserRxBufferFS                           0x200024f4   Data        2048  usbd_cdc_if.o(.bss)
    UserTxBufferFS                           0x20002cf4   Data        2048  usbd_cdc_if.o(.bss)
    htim6                                    0x200034f4   Data          72  stm32f4xx_hal_timebase_tim.o(.bss)
    DJI_C_IMU                                0x2000353c   Data          48  dji_imu.o(.bss)
    M2006_Reload_1                           0x2000356c   Data         124  m2006_motor.o(.bss)
    M2006_Reload_2                           0x200035e8   Data         124  m2006_motor.o(.bss)
    M2006_Reload_3                           0x20003664   Data         124  m2006_motor.o(.bss)
    M6020s_Yaw                               0x200036e0   Data         152  m6020_motor.o(.bss)
    M6020s_Yaw_Follow                        0x20003778   Data         152  m6020_motor.o(.bss)
    M6020s_Pitch                             0x20003810   Data         152  m6020_motor.o(.bss)
    M6020s                                   0x200038a8   Data         608  m6020_motor.o(.bss)
    DR16                                     0x20003b08   Data          48  dr16_remote.o(.bss)
    RM_ME                                    0x20003b38   Data          48  rm_message.o(.bss)
    Vision_DataBuff                          0x20003e18   Data          14  control_vision.o(.bss)
    VisionData                               0x20003e28   Data          88  control_vision.o(.bss)
    VisionSend_IMU                           0x20003e80   Data          16  control_vision.o(.bss)
    Send_Msg                                 0x20003e90   Data          16  control_vision.o(.bss)
    M2006s                                   0x20003eb8   Data         372  shot.o(.bss)
    roll_inc                                 0x2000402c   Data         124  shot.o(.bss)
    roll_pos                                 0x200040a8   Data         124  shot.o(.bss)
    shot                                     0x20004124   Data          32  shot.o(.bss)
    cali_sensor                              0x20004178   Data          13  calibrate_task.o(.bss)
    accel_dma_rx_buf                         0x20004188   Data           9  ins_task.o(.bss)
    bmi088_real_data                         0x20004194   Data          36  ins_task.o(.bss)
    gyro_offset                              0x200041b8   Data          12  ins_task.o(.bss)
    gyro_cali_offset                         0x200041c4   Data          12  ins_task.o(.bss)
    accel_offset                             0x200041d0   Data          12  ins_task.o(.bss)
    accel_cali_offset                        0x200041dc   Data          12  ins_task.o(.bss)
    ist8310_real_data                        0x200041e8   Data          16  ins_task.o(.bss)
    mag_offset                               0x200041f8   Data          12  ins_task.o(.bss)
    mag_cali_offset                          0x20004204   Data          12  ins_task.o(.bss)
    INS_angle                                0x200042a4   Data          12  ins_task.o(.bss)
    INS_gyro                                 0x200042b0   Data          12  ins_task.o(.bss)
    Buzzer                                   0x200042bc   Data          10  bsp_buzzer.o(.bss)
    CAN1_Handler                             0x200042c8   Data          40  bsp_can.o(.bss)
    CAN_Rx_Heade                             0x200042f0   Data          28  bsp_can.o(.bss)
    Can_Data                                 0x2000430c   Data         152  bsp_can.o(.bss)
    pFlash                                   0x200043a4   Data          32  stm32f4xx_hal_flash.o(.bss)
    xQueueRegistry                           0x200043c4   Data          64  queue.o(.bss)
    __initial_sp                             0x2000c608   Data           0  startup_stm32f407xx.o(STACK)



==============================================================================

Memory Map of the image

  Image Entry point : 0x08000189

  Load Region LR_IROM1 (Base: 0x08000000, Size: 0x00016948, Max: 0x00100000, ABSOLUTE, COMPRESSED[0x00015fc8])

    Execution Region ER_IROM1 (Exec base: 0x08000000, Load base: 0x08000000, Size: 0x00015c74, Max: 0x00100000, ABSOLUTE)

    Exec Addr    Load Addr    Size         Type   Attr      Idx    E Section Name        Object

    0x08000000   0x08000000   0x00000188   Data   RO         3797    RESET               startup_stm32f407xx.o
    0x08000188   0x08000188   0x00000000   Code   RO        10571  * .ARM.Collect$$$$00000000  mc_w.l(entry.o)
    0x08000188   0x08000188   0x00000004   Code   RO        10669    .ARM.Collect$$$$00000001  mc_w.l(entry2.o)
    0x0800018c   0x0800018c   0x00000004   Code   RO        10672    .ARM.Collect$$$$00000004  mc_w.l(entry5.o)
    0x08000190   0x08000190   0x00000000   Code   RO        10674    .ARM.Collect$$$$00000008  mc_w.l(entry7b.o)
    0x08000190   0x08000190   0x00000000   Code   RO        10676    .ARM.Collect$$$$0000000A  mc_w.l(entry8b.o)
    0x08000190   0x08000190   0x00000008   Code   RO        10677    .ARM.Collect$$$$0000000B  mc_w.l(entry9a.o)
    0x08000198   0x08000198   0x00000004   Code   RO        10684    .ARM.Collect$$$$0000000E  mc_w.l(entry12b.o)
    0x0800019c   0x0800019c   0x00000000   Code   RO        10679    .ARM.Collect$$$$0000000F  mc_w.l(entry10a.o)
    0x0800019c   0x0800019c   0x00000000   Code   RO        10681    .ARM.Collect$$$$00000011  mc_w.l(entry11a.o)
    0x0800019c   0x0800019c   0x00000004   Code   RO        10670    .ARM.Collect$$$$00002712  mc_w.l(entry2.o)
    0x080001a0   0x080001a0   0x000000be   Code   RO         9972    .emb_text           port.o
    0x0800025e   0x0800025e   0x00000002   PAD
    0x08000260   0x08000260   0x00000024   Code   RO         3798    .text               startup_stm32f407xx.o
    0x08000284   0x08000284   0x00000062   Code   RO        10574    .text               mc_w.l(uldiv.o)
    0x080002e6   0x080002e6   0x00000024   Code   RO        10576    .text               mc_w.l(memcpya.o)
    0x0800030a   0x0800030a   0x00000024   Code   RO        10580    .text               mc_w.l(memseta.o)
    0x0800032e   0x0800032e   0x0000000e   Code   RO        10582    .text               mc_w.l(strlen.o)
    0x0800033c   0x0800033c   0x0000014e   Code   RO        10586    .text               mf_w.l(dadd.o)
    0x0800048a   0x0800048a   0x00000026   Code   RO        10590    .text               mf_w.l(f2d.o)
    0x080004b0   0x080004b0   0x00000038   Code   RO        10592    .text               mf_w.l(d2f.o)
    0x080004e8   0x080004e8   0x0000001e   Code   RO        10685    .text               mc_w.l(llshl.o)
    0x08000506   0x08000506   0x00000020   Code   RO        10687    .text               mc_w.l(llushr.o)
    0x08000526   0x08000526   0x00000024   Code   RO        10689    .text               mc_w.l(llsshr.o)
    0x0800054a   0x0800054a   0x00000000   Code   RO        10698    .text               mc_w.l(iusefp.o)
    0x0800054a   0x0800054a   0x0000006e   Code   RO        10699    .text               mf_w.l(fepilogue.o)
    0x080005b8   0x080005b8   0x000000ba   Code   RO        10701    .text               mf_w.l(depilogue.o)
    0x08000672   0x08000672   0x000000a2   Code   RO        10709    .text               mf_w.l(dsqrt.o)
    0x08000714   0x08000714   0x00000024   Code   RO        10717    .text               mc_w.l(init.o)
    0x08000738   0x08000738   0x00000056   Code   RO        10731    .text               mc_w.l(__dczerorl2.o)
    0x0800078e   0x0800078e   0x00000002   PAD
    0x08000790   0x08000790   0x00000028   Code   RO         3286    i.AHRS_init         ins_task.o
    0x080007b8   0x080007b8   0x0000006a   Code   RO         3287    i.AHRS_update       ins_task.o
    0x08000822   0x08000822   0x00000002   PAD
    0x08000824   0x08000824   0x000000d8   Code   RO          302    i.All_Init_Run      freertos.o
    0x080008fc   0x080008fc   0x00000160   Code   RO         2910    i.Auto_Shoot        shot.o
    0x08000a5c   0x08000a5c   0x00000014   Code   RO         1610    i.BMI088_ACCEL_NS_H  bmi088middleware.o
    0x08000a70   0x08000a70   0x00000014   Code   RO         1611    i.BMI088_ACCEL_NS_L  bmi088middleware.o
    0x08000a84   0x08000a84   0x00000002   Code   RO         1612    i.BMI088_GPIO_init  bmi088middleware.o
    0x08000a86   0x08000a86   0x00000002   PAD
    0x08000a88   0x08000a88   0x00000014   Code   RO         1613    i.BMI088_GYRO_NS_H  bmi088middleware.o
    0x08000a9c   0x08000a9c   0x00000014   Code   RO         1614    i.BMI088_GYRO_NS_L  bmi088middleware.o
    0x08000ab0   0x08000ab0   0x00000090   Code   RO         1348    i.BMI088_accel_read_over  bmi088driver.o
    0x08000b40   0x08000b40   0x00000002   Code   RO         1615    i.BMI088_com_init   bmi088middleware.o
    0x08000b42   0x08000b42   0x0000000c   Code   RO         1616    i.BMI088_delay_ms   bmi088middleware.o
    0x08000b4e   0x08000b4e   0x0000000c   Code   RO         1617    i.BMI088_delay_us   bmi088middleware.o
    0x08000b5a   0x08000b5a   0x00000002   PAD
    0x08000b5c   0x08000b5c   0x00000068   Code   RO         1349    i.BMI088_gyro_read_over  bmi088driver.o
    0x08000bc4   0x08000bc4   0x00000034   Code   RO         1350    i.BMI088_init       bmi088driver.o
    0x08000bf8   0x08000bf8   0x0000017c   Code   RO         1351    i.BMI088_read       bmi088driver.o
    0x08000d74   0x08000d74   0x00000026   Code   RO         1354    i.BMI088_read_muli_reg  bmi088driver.o
    0x08000d9a   0x08000d9a   0x00000018   Code   RO         1355    i.BMI088_read_single_reg  bmi088driver.o
    0x08000db2   0x08000db2   0x00000002   PAD
    0x08000db4   0x08000db4   0x00000020   Code   RO         1618    i.BMI088_read_write_byte  bmi088middleware.o
    0x08000dd4   0x08000dd4   0x00000034   Code   RO         1356    i.BMI088_temperature_read_over  bmi088driver.o
    0x08000e08   0x08000e08   0x00000014   Code   RO         1357    i.BMI088_write_single_reg  bmi088driver.o
    0x08000e1c   0x08000e1c   0x00000004   Code   RO         1116    i.BusFault_Handler  stm32f4xx_it.o
    0x08000e20   0x08000e20   0x00000024   Code   RO         3805    i.Buzzer_Init       bsp_buzzer.o
    0x08000e44   0x08000e44   0x00000128   Code   RO         3806    i.Buzzer_Processing  bsp_buzzer.o
    0x08000f6c   0x08000f6c   0x00000078   Code   RO         4194    i.CAN1_REC          task_canmsg.o
    0x08000fe4   0x08000fe4   0x0000002c   Code   RO         1117    i.CAN1_RX0_IRQHandler  stm32f4xx_it.o
    0x08001010   0x08001010   0x00000038   Code   RO         4195    i.CAN2_REC          task_canmsg.o
    0x08001048   0x08001048   0x0000002c   Code   RO         1118    i.CAN2_RX0_IRQHandler  stm32f4xx_it.o
    0x08001074   0x08001074   0x0000003c   Code   RO         4073    i.CAN_1_Filter_Config  bsp_can.o
    0x080010b0   0x080010b0   0x00000040   Code   RO         4074    i.CAN_2_Filter_Config  bsp_can.o
    0x080010f0   0x080010f0   0x00000098   Code   RO         4075    i.CAN_RxMessage_Export_Date  bsp_can.o
    0x08001188   0x08001188   0x00000044   Code   RO         1046    i.CDC_Control_FS    usbd_cdc_if.o
    0x080011cc   0x080011cc   0x00000004   Code   RO         1047    i.CDC_DeInit_FS     usbd_cdc_if.o
    0x080011d0   0x080011d0   0x00000024   Code   RO         1048    i.CDC_Init_FS       usbd_cdc_if.o
    0x080011f4   0x080011f4   0x00000028   Code   RO         1049    i.CDC_Receive_FS    usbd_cdc_if.o
    0x0800121c   0x0800121c   0x0000000c   Code   RO         1050    i.CDC_TransmitCplt_FS  usbd_cdc_if.o
    0x08001228   0x08001228   0x00000038   Code   RO         1051    i.CDC_Transmit_FS   usbd_cdc_if.o
    0x08001260   0x08001260   0x000000bc   Code   RO         3594    i.CLOUD_Incremental_PID  pid.o
    0x0800131c   0x0800131c   0x00000100   Code   RO         3595    i.CLOUD_Position_PID  pid.o
    0x0800141c   0x0800141c   0x00000030   Code   RO         2823    i.Chassis_Follow_control  robot_control.o
    0x0800144c   0x0800144c   0x00000038   Code   RO         2212    i.Chassis_Init      chassis_control.o
    0x08001484   0x08001484   0x00000020   Code   RO         2213    i.Chassis_processing  chassis_control.o
    0x080014a4   0x080014a4   0x0000002c   Code   RO         1977    i.Check_DR16        dr16_remote.o
    0x080014d0   0x080014d0   0x00000048   Code   RO         1839    i.Check_M2006       m2006_motor.o
    0x08001518   0x08001518   0x00000048   Code   RO         1910    i.Check_M6020       m6020_motor.o
    0x08001560   0x08001560   0x00000044   Code   RO         2435    i.Check_Vision      control_vision.o
    0x080015a4   0x080015a4   0x00000024   Code   RO         3735    i.Checksum_CRC8     crc.o
    0x080015c8   0x080015c8   0x00000030   Code   RO         2824    i.Cloud_control     robot_control.o
    0x080015f8   0x080015f8   0x00000040   Code   RO         2356    i.Cloud_getPitchAngleWithDown  cloud_control.o
    0x08001638   0x08001638   0x00000044   Code   RO         2357    i.Cloud_getPitchAngleWithUp  cloud_control.o
    0x0800167c   0x0800167c   0x00000030   Code   RO         2215    i.Cloud_processing  chassis_control.o
    0x080016ac   0x080016ac   0x00000020   Code   RO         2216    i.ComputeMinOffset  chassis_control.o
    0x080016cc   0x080016cc   0x0000006c   Code   RO         3684    i.CountReset        speedramp.o
    0x08001738   0x08001738   0x00000010   Code   RO         1119    i.DMA1_Stream1_IRQHandler  stm32f4xx_it.o
    0x08001748   0x08001748   0x00000010   Code   RO         1120    i.DMA2_Stream1_IRQHandler  stm32f4xx_it.o
    0x08001758   0x08001758   0x00000898   Code   RO         3288    i.DMA2_Stream2_IRQHandler  ins_task.o
    0x08001ff0   0x08001ff0   0x00000010   Code   RO         1121    i.DMA2_Stream4_IRQHandler  stm32f4xx_it.o
    0x08002000   0x08002000   0x00000010   Code   RO         1122    i.DMA2_Stream5_IRQHandler  stm32f4xx_it.o
    0x08002010   0x08002010   0x00000034   Code   RO         5437    i.DMA_CalcBaseAndBitshift  stm32f4xx_hal_dma.o
    0x08002044   0x08002044   0x000000aa   Code   RO         5438    i.DMA_CheckFifoParam  stm32f4xx_hal_dma.o
    0x080020ee   0x080020ee   0x0000002c   Code   RO         5439    i.DMA_SetConfig     stm32f4xx_hal_dma.o
    0x0800211a   0x0800211a   0x00000002   PAD
    0x0800211c   0x0800211c   0x00000068   Code   RO         2593    i.DR16_0x175_Can1_SendData  monitor_rm_can.o
    0x08002184   0x08002184   0x00000068   Code   RO         2594    i.DR16_0x185_Can1_SendData  monitor_rm_can.o
    0x080021ec   0x080021ec   0x000000c4   Code   RO         1978    i.DR16_DataCheck    dr16_remote.o
    0x080022b0   0x080022b0   0x00000044   Code   RO         1979    i.DR16_Handler      dr16_remote.o
    0x080022f4   0x080022f4   0x000001f8   Code   RO         1980    i.DR16_Process      dr16_remote.o
    0x080024ec   0x080024ec   0x00000044   Code   RO         1981    i.DR16_USART_Receive_DMA  dr16_remote.o
    0x08002530   0x08002530   0x00000038   Code   RO         4244    i.Debug             task_debug.o
    0x08002568   0x08002568   0x00000002   Code   RO         1123    i.DebugMon_Handler  stm32f4xx_it.o
    0x0800256a   0x0800256a   0x0000000a   Code   RO         1124    i.EXTI0_IRQHandler  stm32f4xx_it.o
    0x08002574   0x08002574   0x0000000a   Code   RO         1125    i.EXTI3_IRQHandler  stm32f4xx_it.o
    0x0800257e   0x0800257e   0x0000000a   Code   RO         1126    i.EXTI4_IRQHandler  stm32f4xx_it.o
    0x08002588   0x08002588   0x0000000a   Code   RO         1127    i.EXTI9_5_IRQHandler  stm32f4xx_it.o
    0x08002592   0x08002592   0x00000002   Code   RO            4    i.Error_Handler     main.o
    0x08002594   0x08002594   0x00000160   Code   RO         1707    i.Euler_Send_Fun    dji_imu.o
    0x080026f4   0x080026f4   0x0000005c   Code   RO         5207    i.FLASH_Erase_Sector  stm32f4xx_hal_flash_ex.o
    0x08002750   0x08002750   0x00000078   Code   RO         5208    i.FLASH_FlushCaches  stm32f4xx_hal_flash_ex.o
    0x080027c8   0x080027c8   0x00000030   Code   RO         5209    i.FLASH_MassErase   stm32f4xx_hal_flash_ex.o
    0x080027f8   0x080027f8   0x00000024   Code   RO         5089    i.FLASH_Program_Byte  stm32f4xx_hal_flash.o
    0x0800281c   0x0800281c   0x0000003c   Code   RO         5090    i.FLASH_Program_DoubleWord  stm32f4xx_hal_flash.o
    0x08002858   0x08002858   0x00000028   Code   RO         5091    i.FLASH_Program_HalfWord  stm32f4xx_hal_flash.o
    0x08002880   0x08002880   0x00000028   Code   RO         5092    i.FLASH_Program_Word  stm32f4xx_hal_flash.o
    0x080028a8   0x080028a8   0x00000098   Code   RO         5093    i.FLASH_SetErrorCode  stm32f4xx_hal_flash.o
    0x08002940   0x08002940   0x00000064   Code   RO         5094    i.FLASH_WaitForLastOperation  stm32f4xx_hal_flash.o
    0x080029a4   0x080029a4   0x0000001a   Code   RO         3771    i.Filter_IIRLPF     user_filter.o
    0x080029be   0x080029be   0x00000002   PAD
    0x080029c0   0x080029c0   0x000000d0   Code   RO         2911    i.FricSpeed_Change  shot.o
    0x08002a90   0x08002a90   0x00000048   Code   RO         1982    i.GetKeyMouseAction  dr16_remote.o
    0x08002ad8   0x08002ad8   0x0000000c   Code   RO         2436    i.GetVisionDiscMode  control_vision.o
    0x08002ae4   0x08002ae4   0x00000034   Code   RO         2437    i.Get_CRC16_Check_Sum  control_vision.o
    0x08002b18   0x08002b18   0x00000034   Code   RO          956    i.Get_SerialNum     usbd_desc.o
    0x08002b4c   0x08002b4c   0x0000002a   Code   RO         6116    i.HAL_CAN_ActivateNotification  stm32f4xx_hal_can.o
    0x08002b76   0x08002b76   0x00000156   Code   RO         6117    i.HAL_CAN_AddTxMessage  stm32f4xx_hal_can.o
    0x08002ccc   0x08002ccc   0x00000124   Code   RO         6118    i.HAL_CAN_ConfigFilter  stm32f4xx_hal_can.o
    0x08002df0   0x08002df0   0x00000002   Code   RO         6121    i.HAL_CAN_ErrorCallback  stm32f4xx_hal_can.o
    0x08002df2   0x08002df2   0x0000017a   Code   RO         6124    i.HAL_CAN_GetRxMessage  stm32f4xx_hal_can.o
    0x08002f6c   0x08002f6c   0x0000024e   Code   RO         6128    i.HAL_CAN_IRQHandler  stm32f4xx_hal_can.o
    0x080031ba   0x080031ba   0x00000174   Code   RO         6129    i.HAL_CAN_Init      stm32f4xx_hal_can.o
    0x0800332e   0x0800332e   0x00000002   PAD
    0x08003330   0x08003330   0x00000160   Code   RO          413    i.HAL_CAN_MspInit   can.o
    0x08003490   0x08003490   0x00000002   Code   RO         6136    i.HAL_CAN_RxFifo0FullCallback  stm32f4xx_hal_can.o
    0x08003492   0x08003492   0x00000002   Code   RO         6137    i.HAL_CAN_RxFifo0MsgPendingCallback  stm32f4xx_hal_can.o
    0x08003494   0x08003494   0x00000002   Code   RO         6138    i.HAL_CAN_RxFifo1FullCallback  stm32f4xx_hal_can.o
    0x08003496   0x08003496   0x00000002   Code   RO         6139    i.HAL_CAN_RxFifo1MsgPendingCallback  stm32f4xx_hal_can.o
    0x08003498   0x08003498   0x00000002   Code   RO         6140    i.HAL_CAN_SleepCallback  stm32f4xx_hal_can.o
    0x0800349a   0x0800349a   0x0000005e   Code   RO         6141    i.HAL_CAN_Start     stm32f4xx_hal_can.o
    0x080034f8   0x080034f8   0x00000002   Code   RO         6143    i.HAL_CAN_TxMailbox0AbortCallback  stm32f4xx_hal_can.o
    0x080034fa   0x080034fa   0x00000002   Code   RO         6144    i.HAL_CAN_TxMailbox0CompleteCallback  stm32f4xx_hal_can.o
    0x080034fc   0x080034fc   0x00000002   Code   RO         6145    i.HAL_CAN_TxMailbox1AbortCallback  stm32f4xx_hal_can.o
    0x080034fe   0x080034fe   0x00000002   Code   RO         6146    i.HAL_CAN_TxMailbox1CompleteCallback  stm32f4xx_hal_can.o
    0x08003500   0x08003500   0x00000002   Code   RO         6147    i.HAL_CAN_TxMailbox2AbortCallback  stm32f4xx_hal_can.o
    0x08003502   0x08003502   0x00000002   Code   RO         6148    i.HAL_CAN_TxMailbox2CompleteCallback  stm32f4xx_hal_can.o
    0x08003504   0x08003504   0x00000002   Code   RO         6150    i.HAL_CAN_WakeUpFromRxMsgCallback  stm32f4xx_hal_can.o
    0x08003506   0x08003506   0x000000ac   Code   RO         5440    i.HAL_DMA_Abort     stm32f4xx_hal_dma.o
    0x080035b2   0x080035b2   0x00000028   Code   RO         5441    i.HAL_DMA_Abort_IT  stm32f4xx_hal_dma.o
    0x080035da   0x080035da   0x00000002   PAD
    0x080035dc   0x080035dc   0x00000240   Code   RO         5445    i.HAL_DMA_IRQHandler  stm32f4xx_hal_dma.o
    0x0800381c   0x0800381c   0x000000ec   Code   RO         5446    i.HAL_DMA_Init      stm32f4xx_hal_dma.o
    0x08003908   0x08003908   0x00000066   Code   RO         5449    i.HAL_DMA_Start     stm32f4xx_hal_dma.o
    0x0800396e   0x0800396e   0x00000092   Code   RO         5450    i.HAL_DMA_Start_IT  stm32f4xx_hal_dma.o
    0x08003a00   0x08003a00   0x00000028   Code   RO         5864    i.HAL_Delay         stm32f4xx_hal.o
    0x08003a28   0x08003a28   0x000000ac   Code   RO         5219    i.HAL_FLASHEx_Erase  stm32f4xx_hal_flash_ex.o
    0x08003ad4   0x08003ad4   0x00000014   Code   RO         5098    i.HAL_FLASH_Lock    stm32f4xx_hal_flash.o
    0x08003ae8   0x08003ae8   0x00000098   Code   RO         5103    i.HAL_FLASH_Program  stm32f4xx_hal_flash.o
    0x08003b80   0x08003b80   0x00000034   Code   RO         5105    i.HAL_FLASH_Unlock  stm32f4xx_hal_flash.o
    0x08003bb4   0x08003bb4   0x000000a8   Code   RO         3289    i.HAL_GPIO_EXTI_Callback  ins_task.o
    0x08003c5c   0x08003c5c   0x0000001c   Code   RO         5332    i.HAL_GPIO_EXTI_IRQHandler  stm32f4xx_hal_gpio.o
    0x08003c78   0x08003c78   0x000001f4   Code   RO         5333    i.HAL_GPIO_Init     stm32f4xx_hal_gpio.o
    0x08003e6c   0x08003e6c   0x00000010   Code   RO         5335    i.HAL_GPIO_ReadPin  stm32f4xx_hal_gpio.o
    0x08003e7c   0x08003e7c   0x0000000c   Code   RO         5337    i.HAL_GPIO_WritePin  stm32f4xx_hal_gpio.o
    0x08003e88   0x08003e88   0x0000000c   Code   RO         5870    i.HAL_GetTick       stm32f4xx_hal.o
    0x08003e94   0x08003e94   0x000001d0   Code   RO         6360    i.HAL_I2C_Init      stm32f4xx_hal_i2c.o
    0x08004064   0x08004064   0x000002f4   Code   RO         6378    i.HAL_I2C_Mem_Read  stm32f4xx_hal_i2c.o
    0x08004358   0x08004358   0x00000164   Code   RO         6381    i.HAL_I2C_Mem_Write  stm32f4xx_hal_i2c.o
    0x080044bc   0x080044bc   0x000000c8   Code   RO          486    i.HAL_I2C_MspInit   i2c.o
    0x08004584   0x08004584   0x00000018   Code   RO         5876    i.HAL_IncTick       stm32f4xx_hal.o
    0x0800459c   0x0800459c   0x0000003c   Code   RO         5877    i.HAL_Init          stm32f4xx_hal.o
    0x080045d8   0x080045d8   0x000000b4   Code   RO         1309    i.HAL_InitTick      stm32f4xx_hal_timebase_tim.o
    0x0800468c   0x0800468c   0x00000054   Code   RO         1285    i.HAL_MspInit       stm32f4xx_hal_msp.o
    0x080046e0   0x080046e0   0x00000020   Code   RO         5722    i.HAL_NVIC_EnableIRQ  stm32f4xx_hal_cortex.o
    0x08004700   0x08004700   0x0000007c   Code   RO         5728    i.HAL_NVIC_SetPriority  stm32f4xx_hal_cortex.o
    0x0800477c   0x0800477c   0x00000028   Code   RO         5729    i.HAL_NVIC_SetPriorityGrouping  stm32f4xx_hal_cortex.o
    0x080047a4   0x080047a4   0x00000044   Code   RO         5730    i.HAL_NVIC_SystemReset  stm32f4xx_hal_cortex.o
    0x080047e8   0x080047e8   0x00000002   Code   RO         4581    i.HAL_PCDEx_LPM_Callback  stm32f4xx_hal_pcd_ex.o
    0x080047ea   0x080047ea   0x0000000a   Code   RO         4582    i.HAL_PCDEx_SetRxFiFo  stm32f4xx_hal_pcd_ex.o
    0x080047f4   0x080047f4   0x0000004e   Code   RO         4583    i.HAL_PCDEx_SetTxFiFo  stm32f4xx_hal_pcd_ex.o
    0x08004842   0x08004842   0x0000000e   Code   RO          749    i.HAL_PCD_ConnectCallback  usbd_conf.o
    0x08004850   0x08004850   0x00000020   Code   RO          750    i.HAL_PCD_DataInStageCallback  usbd_conf.o
    0x08004870   0x08004870   0x00000020   Code   RO          751    i.HAL_PCD_DataOutStageCallback  usbd_conf.o
    0x08004890   0x08004890   0x0000000e   Code   RO          752    i.HAL_PCD_DisconnectCallback  usbd_conf.o
    0x0800489e   0x0800489e   0x00000042   Code   RO         4346    i.HAL_PCD_EP_Abort  stm32f4xx_hal_pcd.o
    0x080048e0   0x080048e0   0x0000006a   Code   RO         4347    i.HAL_PCD_EP_Close  stm32f4xx_hal_pcd.o
    0x0800494a   0x0800494a   0x0000007c   Code   RO         4348    i.HAL_PCD_EP_ClrStall  stm32f4xx_hal_pcd.o
    0x080049c6   0x080049c6   0x00000016   Code   RO         4350    i.HAL_PCD_EP_GetRxCount  stm32f4xx_hal_pcd.o
    0x080049dc   0x080049dc   0x0000008c   Code   RO         4351    i.HAL_PCD_EP_Open   stm32f4xx_hal_pcd.o
    0x08004a68   0x08004a68   0x00000058   Code   RO         4352    i.HAL_PCD_EP_Receive  stm32f4xx_hal_pcd.o
    0x08004ac0   0x08004ac0   0x0000008a   Code   RO         4353    i.HAL_PCD_EP_SetStall  stm32f4xx_hal_pcd.o
    0x08004b4a   0x08004b4a   0x0000005a   Code   RO         4354    i.HAL_PCD_EP_Transmit  stm32f4xx_hal_pcd.o
    0x08004ba4   0x08004ba4   0x000006ca   Code   RO         4356    i.HAL_PCD_IRQHandler  stm32f4xx_hal_pcd.o
    0x0800526e   0x0800526e   0x00000012   Code   RO          753    i.HAL_PCD_ISOINIncompleteCallback  usbd_conf.o
    0x08005280   0x08005280   0x00000012   Code   RO          754    i.HAL_PCD_ISOOUTIncompleteCallback  usbd_conf.o
    0x08005292   0x08005292   0x00000166   Code   RO         4359    i.HAL_PCD_Init      stm32f4xx_hal_pcd.o
    0x080053f8   0x080053f8   0x000000a8   Code   RO          756    i.HAL_PCD_MspInit   usbd_conf.o
    0x080054a0   0x080054a0   0x00000030   Code   RO          757    i.HAL_PCD_ResetCallback  usbd_conf.o
    0x080054d0   0x080054d0   0x0000000e   Code   RO          758    i.HAL_PCD_ResumeCallback  usbd_conf.o
    0x080054de   0x080054de   0x0000000e   Code   RO          759    i.HAL_PCD_SOFCallback  usbd_conf.o
    0x080054ec   0x080054ec   0x00000036   Code   RO         4365    i.HAL_PCD_SetAddress  stm32f4xx_hal_pcd.o
    0x08005522   0x08005522   0x00000012   Code   RO          760    i.HAL_PCD_SetupStageCallback  usbd_conf.o
    0x08005534   0x08005534   0x0000004a   Code   RO         4368    i.HAL_PCD_Start     stm32f4xx_hal_pcd.o
    0x0800557e   0x0800557e   0x00000002   PAD
    0x08005580   0x08005580   0x00000034   Code   RO          761    i.HAL_PCD_SuspendCallback  usbd_conf.o
    0x080055b4   0x080055b4   0x00000184   Code   RO         4934    i.HAL_RCC_ClockConfig  stm32f4xx_hal_rcc.o
    0x08005738   0x08005738   0x00000044   Code   RO         4938    i.HAL_RCC_GetClockConfig  stm32f4xx_hal_rcc.o
    0x0800577c   0x0800577c   0x0000000c   Code   RO         4939    i.HAL_RCC_GetHCLKFreq  stm32f4xx_hal_rcc.o
    0x08005788   0x08005788   0x00000020   Code   RO         4941    i.HAL_RCC_GetPCLK1Freq  stm32f4xx_hal_rcc.o
    0x080057a8   0x080057a8   0x00000020   Code   RO         4942    i.HAL_RCC_GetPCLK2Freq  stm32f4xx_hal_rcc.o
    0x080057c8   0x080057c8   0x000000b0   Code   RO         4943    i.HAL_RCC_GetSysClockFreq  stm32f4xx_hal_rcc.o
    0x08005878   0x08005878   0x0000049c   Code   RO         4946    i.HAL_RCC_OscConfig  stm32f4xx_hal_rcc.o
    0x08005d14   0x08005d14   0x000000c8   Code   RO         6850    i.HAL_SPI_Init      stm32f4xx_hal_spi.o
    0x08005ddc   0x08005ddc   0x00000158   Code   RO          528    i.HAL_SPI_MspInit   spi.o
    0x08005f34   0x08005f34   0x0000022a   Code   RO         6859    i.HAL_SPI_TransmitReceive  stm32f4xx_hal_spi.o
    0x0800615e   0x0800615e   0x00000002   Code   RO         7878    i.HAL_TIMEx_BreakCallback  stm32f4xx_hal_tim_ex.o
    0x08006160   0x08006160   0x00000002   Code   RO         7879    i.HAL_TIMEx_CommutCallback  stm32f4xx_hal_tim_ex.o
    0x08006162   0x08006162   0x00000074   Code   RO         7881    i.HAL_TIMEx_ConfigBreakDeadTime  stm32f4xx_hal_tim_ex.o
    0x080061d6   0x080061d6   0x00000002   PAD
    0x080061d8   0x080061d8   0x000000b4   Code   RO         7897    i.HAL_TIMEx_MasterConfigSynchronization  stm32f4xx_hal_tim_ex.o
    0x0800628c   0x0800628c   0x00000066   Code   RO         7163    i.HAL_TIM_Base_Init  stm32f4xx_hal_tim.o
    0x080062f2   0x080062f2   0x00000002   PAD
    0x080062f4   0x080062f4   0x00000138   Code   RO          570    i.HAL_TIM_Base_MspInit  tim.o
    0x0800642c   0x0800642c   0x0000009c   Code   RO         7166    i.HAL_TIM_Base_Start  stm32f4xx_hal_tim.o
    0x080064c8   0x080064c8   0x000000a8   Code   RO         7168    i.HAL_TIM_Base_Start_IT  stm32f4xx_hal_tim.o
    0x08006570   0x08006570   0x0000010c   Code   RO         7172    i.HAL_TIM_ConfigClockSource  stm32f4xx_hal_tim.o
    0x0800667c   0x0800667c   0x00000002   Code   RO         7193    i.HAL_TIM_ErrorCallback  stm32f4xx_hal_tim.o
    0x0800667e   0x0800667e   0x00000002   Code   RO         7197    i.HAL_TIM_IC_CaptureCallback  stm32f4xx_hal_tim.o
    0x08006680   0x08006680   0x00000196   Code   RO         7211    i.HAL_TIM_IRQHandler  stm32f4xx_hal_tim.o
    0x08006816   0x08006816   0x00000002   PAD
    0x08006818   0x08006818   0x000001cc   Code   RO          571    i.HAL_TIM_MspPostInit  tim.o
    0x080069e4   0x080069e4   0x00000002   Code   RO         7214    i.HAL_TIM_OC_DelayElapsedCallback  stm32f4xx_hal_tim.o
    0x080069e6   0x080069e6   0x00000104   Code   RO         7235    i.HAL_TIM_PWM_ConfigChannel  stm32f4xx_hal_tim.o
    0x08006aea   0x08006aea   0x00000066   Code   RO         7238    i.HAL_TIM_PWM_Init  stm32f4xx_hal_tim.o
    0x08006b50   0x08006b50   0x00000002   Code   RO         7240    i.HAL_TIM_PWM_MspInit  stm32f4xx_hal_tim.o
    0x08006b52   0x08006b52   0x00000002   Code   RO         7241    i.HAL_TIM_PWM_PulseFinishedCallback  stm32f4xx_hal_tim.o
    0x08006b54   0x08006b54   0x00000002   Code   RO         7242    i.HAL_TIM_PWM_PulseFinishedHalfCpltCallback  stm32f4xx_hal_tim.o
    0x08006b56   0x08006b56   0x00000002   PAD
    0x08006b58   0x08006b58   0x0000010c   Code   RO         7243    i.HAL_TIM_PWM_Start  stm32f4xx_hal_tim.o
    0x08006c64   0x08006c64   0x00000248   Code   RO         7244    i.HAL_TIM_PWM_Start_DMA  stm32f4xx_hal_tim.o
    0x08006eac   0x08006eac   0x00000018   Code   RO            5    i.HAL_TIM_PeriodElapsedCallback  main.o
    0x08006ec4   0x08006ec4   0x00000002   Code   RO         7254    i.HAL_TIM_TriggerCallback  stm32f4xx_hal_tim.o
    0x08006ec6   0x08006ec6   0x00000002   Code   RO         8156    i.HAL_UARTEx_RxEventCallback  stm32f4xx_hal_uart.o
    0x08006ec8   0x08006ec8   0x00000002   Code   RO         8170    i.HAL_UART_ErrorCallback  stm32f4xx_hal_uart.o
    0x08006eca   0x08006eca   0x00000002   PAD
    0x08006ecc   0x08006ecc   0x000002e0   Code   RO         8173    i.HAL_UART_IRQHandler  stm32f4xx_hal_uart.o
    0x080071ac   0x080071ac   0x00000072   Code   RO         8174    i.HAL_UART_Init     stm32f4xx_hal_uart.o
    0x0800721e   0x0800721e   0x00000002   PAD
    0x08007220   0x08007220   0x000002b4   Code   RO          642    i.HAL_UART_MspInit  usart.o
    0x080074d4   0x080074d4   0x00000002   Code   RO         8180    i.HAL_UART_RxCpltCallback  stm32f4xx_hal_uart.o
    0x080074d6   0x080074d6   0x00000002   Code   RO         8185    i.HAL_UART_TxCpltCallback  stm32f4xx_hal_uart.o
    0x080074d8   0x080074d8   0x00000004   Code   RO         1128    i.HardFault_Handler  stm32f4xx_it.o
    0x080074dc   0x080074dc   0x00000020   Code   RO         4309    i.Host_Run          task_host.o
    0x080074fc   0x080074fc   0x0000003e   Code   RO         6403    i.I2C_IsAcknowledgeFailed  stm32f4xx_hal_i2c.o
    0x0800753a   0x0800753a   0x00000002   PAD
    0x0800753c   0x0800753c   0x00000160   Code   RO         6414    i.I2C_RequestMemoryRead  stm32f4xx_hal_i2c.o
    0x0800769c   0x0800769c   0x000000e0   Code   RO         6415    i.I2C_RequestMemoryWrite  stm32f4xx_hal_i2c.o
    0x0800777c   0x0800777c   0x0000005c   Code   RO         6423    i.I2C_WaitOnBTFFlagUntilTimeout  stm32f4xx_hal_i2c.o
    0x080077d8   0x080077d8   0x00000086   Code   RO         6424    i.I2C_WaitOnFlagUntilTimeout  stm32f4xx_hal_i2c.o
    0x0800785e   0x0800785e   0x000000c4   Code   RO         6425    i.I2C_WaitOnMasterAddressFlagUntilTimeout  stm32f4xx_hal_i2c.o
    0x08007922   0x08007922   0x00000080   Code   RO         6426    i.I2C_WaitOnRXNEFlagUntilTimeout  stm32f4xx_hal_i2c.o
    0x080079a2   0x080079a2   0x0000005c   Code   RO         6429    i.I2C_WaitOnTXEFlagUntilTimeout  stm32f4xx_hal_i2c.o
    0x080079fe   0x080079fe   0x00000002   PAD
    0x08007a00   0x08007a00   0x000000f0   Code   RO         4156    i.IMU_Send          task_imu_send.o
    0x08007af0   0x08007af0   0x0000007c   Code   RO         3290    i.INS_cali_gyro     ins_task.o
    0x08007b6c   0x08007b6c   0x00000048   Code   RO         3291    i.INS_set_cali_gyro  ins_task.o
    0x08007bb4   0x08007bb4   0x00000304   Code   RO         3292    i.INS_task          ins_task.o
    0x08007eb8   0x08007eb8   0x0000003e   Code   RO          957    i.IntToUnicode      usbd_desc.o
    0x08007ef6   0x08007ef6   0x00000002   PAD
    0x08007ef8   0x08007ef8   0x000000d0   Code   RO         1983    i.KeyMouseFlag_Update  dr16_remote.o
    0x08007fc8   0x08007fc8   0x0000005c   Code   RO         2358    i.Laser_Control     cloud_control.o
    0x08008024   0x08008024   0x00000110   Code   RO         1840    i.M2006_getInfo     m2006_motor.o
    0x08008134   0x08008134   0x00000100   Code   RO         1911    i.M6020_getInfo     m6020_motor.o
    0x08008234   0x08008234   0x00000048   Code   RO          414    i.MX_CAN1_Init      can.o
    0x0800827c   0x0800827c   0x00000044   Code   RO          415    i.MX_CAN2_Init      can.o
    0x080082c0   0x080082c0   0x000000a8   Code   RO          461    i.MX_DMA_Init       dma.o
    0x08008368   0x08008368   0x00000160   Code   RO          303    i.MX_FREERTOS_Init  freertos.o
    0x080084c8   0x080084c8   0x00000234   Code   RO          278    i.MX_GPIO_Init      gpio.o
    0x080086fc   0x080086fc   0x0000003c   Code   RO          487    i.MX_I2C3_Init      i2c.o
    0x08008738   0x08008738   0x00000048   Code   RO          529    i.MX_SPI1_Init      spi.o
    0x08008780   0x08008780   0x0000006c   Code   RO          572    i.MX_TIM10_Init     tim.o
    0x080087ec   0x080087ec   0x000000ec   Code   RO          573    i.MX_TIM1_Init      tim.o
    0x080088d8   0x080088d8   0x000000a4   Code   RO          574    i.MX_TIM4_Init      tim.o
    0x0800897c   0x0800897c   0x000000c4   Code   RO          575    i.MX_TIM5_Init      tim.o
    0x08008a40   0x08008a40   0x000000d4   Code   RO          576    i.MX_TIM8_Init      tim.o
    0x08008b14   0x08008b14   0x00000038   Code   RO          643    i.MX_USART1_UART_Init  usart.o
    0x08008b4c   0x08008b4c   0x00000038   Code   RO          644    i.MX_USART3_UART_Init  usart.o
    0x08008b84   0x08008b84   0x00000038   Code   RO          645    i.MX_USART6_UART_Init  usart.o
    0x08008bbc   0x08008bbc   0x0000004c   Code   RO          701    i.MX_USB_DEVICE_Init  usb_device.o
    0x08008c08   0x08008c08   0x000005ac   Code   RO         3560    i.MahonyAHRSupdate  mahonyahrs.o
    0x080091b4   0x080091b4   0x000002fc   Code   RO         3561    i.MahonyAHRSupdateIMU  mahonyahrs.o
    0x080094b0   0x080094b0   0x00000004   Code   RO         1129    i.MemManage_Handler  stm32f4xx_it.o
    0x080094b4   0x080094b4   0x00000068   Code   RO         2596    i.Motor_0x1FF_SendData  monitor_rm_can.o
    0x0800951c   0x0800951c   0x00000068   Code   RO         2597    i.Motor_0x200_Can2_SendData  monitor_rm_can.o
    0x08009584   0x08009584   0x00000002   Code   RO         1130    i.NMI_Handler       stm32f4xx_it.o
    0x08009586   0x08009586   0x00000002   PAD
    0x08009588   0x08009588   0x00000010   Code   RO         1131    i.OTG_FS_IRQHandler  stm32f4xx_it.o
    0x08009598   0x08009598   0x00000064   Code   RO         4372    i.PCD_EP_OutSetupPacket_int  stm32f4xx_hal_pcd.o
    0x080095fc   0x080095fc   0x00000144   Code   RO         4373    i.PCD_EP_OutXfrComplete_int  stm32f4xx_hal_pcd.o
    0x08009740   0x08009740   0x000000b6   Code   RO         4374    i.PCD_WriteEmptyTxFifo  stm32f4xx_hal_pcd.o
    0x080097f6   0x080097f6   0x00000002   PAD
    0x080097f8   0x080097f8   0x000001f0   Code   RO         3599    i.PID_calc          pid.o
    0x080099e8   0x080099e8   0x00000060   Code   RO         3601    i.PID_init          pid.o
    0x08009a48   0x08009a48   0x00000208   Code   RO         2359    i.Pit_AngleLimit    cloud_control.o
    0x08009c50   0x08009c50   0x00000044   Code   RO         4196    i.PowerMeter_Update  task_canmsg.o
    0x08009c94   0x08009c94   0x00000150   Code   RO         2096    i.RGB_Control       ws2812.o
    0x08009de4   0x08009de4   0x00000090   Code   RO         2060    i.RM_Mess_getInfo   rm_message.o
    0x08009e74   0x08009e74   0x00000170   Code   RO         2912    i.Reload_Reset      shot.o
    0x08009fe4   0x08009fe4   0x00000114   Code   RO         1984    i.RemoteControl_Output  dr16_remote.o
    0x0800a0f8   0x0800a0f8   0x00000574   Code   RO         3062    i.RemoteControl_PC_Update  status_update.o
    0x0800a66c   0x0800a66c   0x0000000c   Code   RO         3063    i.RemoteControl_Update  status_update.o
    0x0800a678   0x0800a678   0x0000019c   Code   RO         3064    i.RemoteMode_Update  status_update.o
    0x0800a814   0x0800a814   0x0000001e   Code   RO         4282    i.RobotControl      task_robotcontrol.o
    0x0800a832   0x0800a832   0x00000002   PAD
    0x0800a834   0x0800a834   0x0000001c   Code   RO         2825    i.Robot_ChangeControlSource  robot_control.o
    0x0800a850   0x0800a850   0x00000010   Code   RO         2826    i.Robot_Disable     robot_control.o
    0x0800a860   0x0800a860   0x00000010   Code   RO         2219    i.Robot_Init        chassis_control.o
    0x0800a870   0x0800a870   0x00000010   Code   RO         2827    i.Robot_Reset       robot_control.o
    0x0800a880   0x0800a880   0x00000010   Code   RO         2828    i.Robot_Soft_Reset  robot_control.o
    0x0800a890   0x0800a890   0x0000001a   Code   RO         2829    i.Robot_control     robot_control.o
    0x0800a8aa   0x0800a8aa   0x00000002   PAD
    0x0800a8ac   0x0800a8ac   0x00000084   Code   RO         2913    i.Roll_Init         shot.o
    0x0800a930   0x0800a930   0x0000017c   Code   RO         2914    i.Roll_Mode         shot.o
    0x0800aaac   0x0800aaac   0x00000040   Code   RO         2915    i.Roll_Preload      shot.o
    0x0800aaec   0x0800aaec   0x0000273c   Code   RO         3996    i.SPI1_DMA_enable   bsp_spi.o
    0x0800d228   0x0800d228   0x00000180   Code   RO         3997    i.SPI1_DMA_init     bsp_spi.o
    0x0800d3a8   0x0800d3a8   0x0000006c   Code   RO         6888    i.SPI_EndRxTxTransaction  stm32f4xx_hal_spi.o
    0x0800d414   0x0800d414   0x000000d8   Code   RO         6893    i.SPI_WaitFlagStateUntilTimeout  stm32f4xx_hal_spi.o
    0x0800d4ec   0x0800d4ec   0x00000012   Code   RO        10214    i.SWAPBYTE          usbd_ctlreq.o
    0x0800d4fe   0x0800d4fe   0x00000002   Code   RO         2220    i.Ship_ChassisWorkMode_Follow  chassis_control.o
    0x0800d500   0x0800d500   0x00000010   Code   RO         2916    i.Shoot_MotorInObstruct  shot.o
    0x0800d510   0x0800d510   0x00000008   Code   RO         2830    i.Shot_control      robot_control.o
    0x0800d518   0x0800d518   0x0000007c   Code   RO         3686    i.SpeedRampCalc     speedramp.o
    0x0800d594   0x0800d594   0x0000004c   Code   RO         2917    i.Speed_Reme        shot.o
    0x0800d5e0   0x0800d5e0   0x0000009c   Code   RO         2918    i.State_detection   shot.o
    0x0800d67c   0x0800d67c   0x0000006c   Code   RO         2097    i.Supcap_stauts     ws2812.o
    0x0800d6e8   0x0800d6e8   0x00000034   Code   RO         9973    i.SysTick_Handler   port.o
    0x0800d71c   0x0800d71c   0x000000b4   Code   RO            6    i.SystemClock_Config  main.o
    0x0800d7d0   0x0800d7d0   0x00000064   Code   RO         4120    i.SystemInit        system_stm32f4xx.o
    0x0800d834   0x0800d834   0x00000010   Code   RO         1132    i.TIM6_DAC_IRQHandler  stm32f4xx_it.o
    0x0800d844   0x0800d844   0x000000d8   Code   RO         7256    i.TIM_Base_SetConfig  stm32f4xx_hal_tim.o
    0x0800d91c   0x0800d91c   0x00000022   Code   RO         7257    i.TIM_CCxChannelCmd  stm32f4xx_hal_tim.o
    0x0800d93e   0x0800d93e   0x00000068   Code   RO         7260    i.TIM_DMADelayPulseCplt  stm32f4xx_hal_tim.o
    0x0800d9a6   0x0800d9a6   0x00000040   Code   RO         7261    i.TIM_DMADelayPulseHalfCplt  stm32f4xx_hal_tim.o
    0x0800d9e6   0x0800d9e6   0x0000005e   Code   RO         7262    i.TIM_DMAError      stm32f4xx_hal_tim.o
    0x0800da44   0x0800da44   0x00000016   Code   RO         7267    i.TIM_ETR_SetConfig  stm32f4xx_hal_tim.o
    0x0800da5a   0x0800da5a   0x00000012   Code   RO         7268    i.TIM_ITRx_SetConfig  stm32f4xx_hal_tim.o
    0x0800da6c   0x0800da6c   0x00000070   Code   RO         7269    i.TIM_OC1_SetConfig  stm32f4xx_hal_tim.o
    0x0800dadc   0x0800dadc   0x0000007c   Code   RO         7270    i.TIM_OC2_SetConfig  stm32f4xx_hal_tim.o
    0x0800db58   0x0800db58   0x00000078   Code   RO         7271    i.TIM_OC3_SetConfig  stm32f4xx_hal_tim.o
    0x0800dbd0   0x0800dbd0   0x00000054   Code   RO         7272    i.TIM_OC4_SetConfig  stm32f4xx_hal_tim.o
    0x0800dc24   0x0800dc24   0x00000026   Code   RO         7274    i.TIM_TI1_ConfigInputStage  stm32f4xx_hal_tim.o
    0x0800dc4a   0x0800dc4a   0x00000028   Code   RO         7276    i.TIM_TI2_ConfigInputStage  stm32f4xx_hal_tim.o
    0x0800dc72   0x0800dc72   0x00000014   Code   RO         8187    i.UART_DMAAbortOnError  stm32f4xx_hal_uart.o
    0x0800dc86   0x0800dc86   0x0000006c   Code   RO         8197    i.UART_EndRxTransfer  stm32f4xx_hal_uart.o
    0x0800dcf2   0x0800dcf2   0x00000020   Code   RO         8198    i.UART_EndTransmit_IT  stm32f4xx_hal_uart.o
    0x0800dd12   0x0800dd12   0x000000f8   Code   RO         8200    i.UART_Receive_IT   stm32f4xx_hal_uart.o
    0x0800de0a   0x0800de0a   0x00000002   PAD
    0x0800de0c   0x0800de0c   0x0000022c   Code   RO         8201    i.UART_SetConfig    stm32f4xx_hal_uart.o
    0x0800e038   0x0800e038   0x00000060   Code   RO         8204    i.UART_Transmit_IT  stm32f4xx_hal_uart.o
    0x0800e098   0x0800e098   0x00000010   Code   RO         1133    i.USART1_IRQHandler  stm32f4xx_it.o
    0x0800e0a8   0x0800e0a8   0x00000088   Code   RO         1134    i.USART3_IRQHandler  stm32f4xx_it.o
    0x0800e130   0x0800e130   0x00000010   Code   RO         1135    i.USART6_IRQHandler  stm32f4xx_it.o
    0x0800e140   0x0800e140   0x00000044   Code   RO         1985    i.USART_Receive_DMA_NO_IT  dr16_remote.o
    0x0800e184   0x0800e184   0x00000044   Code   RO         2438    i.USART_Receive_DMA_NO_IT  control_vision.o
    0x0800e1c8   0x0800e1c8   0x000000c4   Code   RO        10377    i.USBD_CDC_DataIn   usbd_cdc.o
    0x0800e28c   0x0800e28c   0x00000048   Code   RO        10378    i.USBD_CDC_DataOut  usbd_cdc.o
    0x0800e2d4   0x0800e2d4   0x000000d4   Code   RO        10379    i.USBD_CDC_DeInit   usbd_cdc.o
    0x0800e3a8   0x0800e3a8   0x00000050   Code   RO        10380    i.USBD_CDC_EP0_RxReady  usbd_cdc.o
    0x0800e3f8   0x0800e3f8   0x00000010   Code   RO        10381    i.USBD_CDC_GetDeviceQualifierDescriptor  usbd_cdc.o
    0x0800e408   0x0800e408   0x00000044   Code   RO        10382    i.USBD_CDC_GetFSCfgDesc  usbd_cdc.o
    0x0800e44c   0x0800e44c   0x00000048   Code   RO        10383    i.USBD_CDC_GetHSCfgDesc  usbd_cdc.o
    0x0800e494   0x0800e494   0x00000044   Code   RO        10384    i.USBD_CDC_GetOtherSpeedCfgDesc  usbd_cdc.o
    0x0800e4d8   0x0800e4d8   0x000001a0   Code   RO        10385    i.USBD_CDC_Init     usbd_cdc.o
    0x0800e678   0x0800e678   0x00000050   Code   RO        10386    i.USBD_CDC_ReceivePacket  usbd_cdc.o
    0x0800e6c8   0x0800e6c8   0x00000018   Code   RO        10387    i.USBD_CDC_RegisterInterface  usbd_cdc.o
    0x0800e6e0   0x0800e6e0   0x0000001e   Code   RO        10388    i.USBD_CDC_SetRxBuffer  usbd_cdc.o
    0x0800e6fe   0x0800e6fe   0x00000024   Code   RO        10389    i.USBD_CDC_SetTxBuffer  usbd_cdc.o
    0x0800e722   0x0800e722   0x00000140   Code   RO        10390    i.USBD_CDC_Setup    usbd_cdc.o
    0x0800e862   0x0800e862   0x00000002   PAD
    0x0800e864   0x0800e864   0x00000064   Code   RO        10391    i.USBD_CDC_TransmitPacket  usbd_cdc.o
    0x0800e8c8   0x0800e8c8   0x0000001c   Code   RO        10052    i.USBD_ClrClassConfig  usbd_core.o
    0x0800e8e4   0x0800e8e4   0x0000003e   Code   RO        10215    i.USBD_ClrFeature   usbd_ctlreq.o
    0x0800e922   0x0800e922   0x00000006   Code   RO        10053    i.USBD_CoreFindEP   usbd_core.o
    0x0800e928   0x0800e928   0x00000006   Code   RO        10054    i.USBD_CoreFindIF   usbd_core.o
    0x0800e92e   0x0800e92e   0x00000018   Code   RO        10317    i.USBD_CtlContinueRx  usbd_ioreq.o
    0x0800e946   0x0800e946   0x00000018   Code   RO        10318    i.USBD_CtlContinueSendData  usbd_ioreq.o
    0x0800e95e   0x0800e95e   0x00000018   Code   RO        10216    i.USBD_CtlError     usbd_ctlreq.o
    0x0800e976   0x0800e976   0x00000028   Code   RO        10319    i.USBD_CtlPrepareRx  usbd_ioreq.o
    0x0800e99e   0x0800e99e   0x0000001a   Code   RO        10320    i.USBD_CtlReceiveStatus  usbd_ioreq.o
    0x0800e9b8   0x0800e9b8   0x00000022   Code   RO        10321    i.USBD_CtlSendData  usbd_ioreq.o
    0x0800e9da   0x0800e9da   0x0000001a   Code   RO        10322    i.USBD_CtlSendStatus  usbd_ioreq.o
    0x0800e9f4   0x0800e9f4   0x00000034   Code   RO          958    i.USBD_FS_ConfigStrDescriptor  usbd_desc.o
    0x0800ea28   0x0800ea28   0x00000010   Code   RO          959    i.USBD_FS_DeviceDescriptor  usbd_desc.o
    0x0800ea38   0x0800ea38   0x00000038   Code   RO          960    i.USBD_FS_InterfaceStrDescriptor  usbd_desc.o
    0x0800ea70   0x0800ea70   0x00000010   Code   RO          961    i.USBD_FS_LangIDStrDescriptor  usbd_desc.o
    0x0800ea80   0x0800ea80   0x0000002c   Code   RO          962    i.USBD_FS_ManufacturerStrDescriptor  usbd_desc.o
    0x0800eaac   0x0800eaac   0x00000040   Code   RO          963    i.USBD_FS_ProductStrDescriptor  usbd_desc.o
    0x0800eaec   0x0800eaec   0x00000018   Code   RO          964    i.USBD_FS_SerialStrDescriptor  usbd_desc.o
    0x0800eb04   0x0800eb04   0x00000056   Code   RO        10217    i.USBD_GetConfig    usbd_ctlreq.o
    0x0800eb5a   0x0800eb5a   0x000001fc   Code   RO        10218    i.USBD_GetDescriptor  usbd_ctlreq.o
    0x0800ed56   0x0800ed56   0x00000050   Code   RO        10056    i.USBD_GetEpDesc    usbd_core.o
    0x0800eda6   0x0800eda6   0x00000016   Code   RO        10219    i.USBD_GetLen       usbd_ctlreq.o
    0x0800edbc   0x0800edbc   0x00000014   Code   RO        10057    i.USBD_GetNextDesc  usbd_core.o
    0x0800edd0   0x0800edd0   0x0000005a   Code   RO        10220    i.USBD_GetStatus    usbd_ctlreq.o
    0x0800ee2a   0x0800ee2a   0x00000054   Code   RO        10221    i.USBD_GetString    usbd_ctlreq.o
    0x0800ee7e   0x0800ee7e   0x0000002c   Code   RO          762    i.USBD_Get_USB_Status  usbd_conf.o
    0x0800eeaa   0x0800eeaa   0x0000003a   Code   RO        10058    i.USBD_Init         usbd_core.o
    0x0800eee4   0x0800eee4   0x00000026   Code   RO          763    i.USBD_LL_ClearStallEP  usbd_conf.o
    0x0800ef0a   0x0800ef0a   0x00000026   Code   RO          764    i.USBD_LL_CloseEP   usbd_conf.o
    0x0800ef30   0x0800ef30   0x00000108   Code   RO        10059    i.USBD_LL_DataInStage  usbd_core.o
    0x0800f038   0x0800f038   0x00000102   Code   RO        10060    i.USBD_LL_DataOutStage  usbd_core.o
    0x0800f13a   0x0800f13a   0x00000006   Code   RO        10061    i.USBD_LL_DevConnected  usbd_core.o
    0x0800f140   0x0800f140   0x00000026   Code   RO        10062    i.USBD_LL_DevDisconnected  usbd_core.o
    0x0800f166   0x0800f166   0x00000012   Code   RO          768    i.USBD_LL_GetRxDataSize  usbd_conf.o
    0x0800f178   0x0800f178   0x00000068   Code   RO          769    i.USBD_LL_Init      usbd_conf.o
    0x0800f1e0   0x0800f1e0   0x00000038   Code   RO          770    i.USBD_LL_IsStallEP  usbd_conf.o
    0x0800f218   0x0800f218   0x00000048   Code   RO        10063    i.USBD_LL_IsoINIncomplete  usbd_core.o
    0x0800f260   0x0800f260   0x00000048   Code   RO        10064    i.USBD_LL_IsoOUTIncomplete  usbd_core.o
    0x0800f2a8   0x0800f2a8   0x00000030   Code   RO          771    i.USBD_LL_OpenEP    usbd_conf.o
    0x0800f2d8   0x0800f2d8   0x00000030   Code   RO          772    i.USBD_LL_PrepareReceive  usbd_conf.o
    0x0800f308   0x0800f308   0x0000006c   Code   RO        10065    i.USBD_LL_Reset     usbd_core.o
    0x0800f374   0x0800f374   0x00000016   Code   RO        10066    i.USBD_LL_Resume    usbd_core.o
    0x0800f38a   0x0800f38a   0x00000028   Code   RO        10067    i.USBD_LL_SOF       usbd_core.o
    0x0800f3b2   0x0800f3b2   0x00000008   Code   RO        10068    i.USBD_LL_SetSpeed  usbd_core.o
    0x0800f3ba   0x0800f3ba   0x00000026   Code   RO          773    i.USBD_LL_SetUSBAddress  usbd_conf.o
    0x0800f3e0   0x0800f3e0   0x00000076   Code   RO        10069    i.USBD_LL_SetupStage  usbd_core.o
    0x0800f456   0x0800f456   0x00000026   Code   RO          774    i.USBD_LL_StallEP   usbd_conf.o
    0x0800f47c   0x0800f47c   0x0000001e   Code   RO          775    i.USBD_LL_Start     usbd_conf.o
    0x0800f49a   0x0800f49a   0x00000014   Code   RO        10070    i.USBD_LL_Suspend   usbd_core.o
    0x0800f4ae   0x0800f4ae   0x00000030   Code   RO          777    i.USBD_LL_Transmit  usbd_conf.o
    0x0800f4de   0x0800f4de   0x00000036   Code   RO        10222    i.USBD_ParseSetupRequest  usbd_ctlreq.o
    0x0800f514   0x0800f514   0x00000048   Code   RO        10071    i.USBD_RegisterClass  usbd_core.o
    0x0800f55c   0x0800f55c   0x00000006   Code   RO        10072    i.USBD_RunTestMode  usbd_core.o
    0x0800f562   0x0800f562   0x0000005a   Code   RO        10223    i.USBD_SetAddress   usbd_ctlreq.o
    0x0800f5bc   0x0800f5bc   0x00000020   Code   RO        10073    i.USBD_SetClassConfig  usbd_core.o
    0x0800f5dc   0x0800f5dc   0x00000104   Code   RO        10224    i.USBD_SetConfig    usbd_ctlreq.o
    0x0800f6e0   0x0800f6e0   0x00000038   Code   RO        10225    i.USBD_SetFeature   usbd_ctlreq.o
    0x0800f718   0x0800f718   0x0000000c   Code   RO        10074    i.USBD_Start        usbd_core.o
    0x0800f724   0x0800f724   0x000000ae   Code   RO        10226    i.USBD_StdDevReq    usbd_ctlreq.o
    0x0800f7d2   0x0800f7d2   0x00000280   Code   RO        10227    i.USBD_StdEPReq     usbd_ctlreq.o
    0x0800fa52   0x0800fa52   0x000000ae   Code   RO        10228    i.USBD_StdItfReq    usbd_ctlreq.o
    0x0800fb00   0x0800fb00   0x00000002   Code   RO          778    i.USBD_static_free  usbd_conf.o
    0x0800fb02   0x0800fb02   0x00000002   PAD
    0x0800fb04   0x0800fb04   0x0000000c   Code   RO          779    i.USBD_static_malloc  usbd_conf.o
    0x0800fb10   0x0800fb10   0x000000d0   Code   RO         4623    i.USB_ActivateEndpoint  stm32f4xx_ll_usb.o
    0x0800fbe0   0x0800fbe0   0x00000028   Code   RO         4625    i.USB_ActivateSetup  stm32f4xx_ll_usb.o
    0x0800fc08   0x0800fc08   0x00000084   Code   RO         4627    i.USB_CoreInit      stm32f4xx_ll_usb.o
    0x0800fc8c   0x0800fc8c   0x00000058   Code   RO         4628    i.USB_CoreReset     stm32f4xx_ll_usb.o
    0x0800fce4   0x0800fce4   0x0000014c   Code   RO         4631    i.USB_DeactivateEndpoint  stm32f4xx_ll_usb.o
    0x0800fe30   0x0800fe30   0x00000024   Code   RO         4632    i.USB_DevConnect    stm32f4xx_ll_usb.o
    0x0800fe54   0x0800fe54   0x00000024   Code   RO         4633    i.USB_DevDisconnect  stm32f4xx_ll_usb.o
    0x0800fe78   0x0800fe78   0x000001e0   Code   RO         4634    i.USB_DevInit       stm32f4xx_ll_usb.o
    0x08010058   0x08010058   0x0000000e   Code   RO         4635    i.USB_DisableGlobalInt  stm32f4xx_ll_usb.o
    0x08010066   0x08010066   0x00000002   PAD
    0x08010068   0x08010068   0x000001dc   Code   RO         4638    i.USB_EP0StartXfer  stm32f4xx_ll_usb.o
    0x08010244   0x08010244   0x00000070   Code   RO         4639    i.USB_EP0_OutStart  stm32f4xx_ll_usb.o
    0x080102b4   0x080102b4   0x0000008e   Code   RO         4640    i.USB_EPClearStall  stm32f4xx_ll_usb.o
    0x08010342   0x08010342   0x0000009a   Code   RO         4641    i.USB_EPSetStall    stm32f4xx_ll_usb.o
    0x080103dc   0x080103dc   0x00000348   Code   RO         4642    i.USB_EPStartXfer   stm32f4xx_ll_usb.o
    0x08010724   0x08010724   0x000000ec   Code   RO         4643    i.USB_EPStopXfer    stm32f4xx_ll_usb.o
    0x08010810   0x08010810   0x0000000e   Code   RO         4644    i.USB_EnableGlobalInt  stm32f4xx_ll_usb.o
    0x0801081e   0x0801081e   0x00000002   PAD
    0x08010820   0x08010820   0x00000054   Code   RO         4645    i.USB_FlushRxFifo   stm32f4xx_ll_usb.o
    0x08010874   0x08010874   0x00000058   Code   RO         4646    i.USB_FlushTxFifo   stm32f4xx_ll_usb.o
    0x080108cc   0x080108cc   0x00000026   Code   RO         4648    i.USB_GetDevSpeed   stm32f4xx_ll_usb.o
    0x080108f2   0x080108f2   0x0000000a   Code   RO         4650    i.USB_GetMode       stm32f4xx_ll_usb.o
    0x080108fc   0x080108fc   0x00000014   Code   RO         4657    i.USB_ReadDevAllInEpInterrupt  stm32f4xx_ll_usb.o
    0x08010910   0x08010910   0x00000014   Code   RO         4658    i.USB_ReadDevAllOutEpInterrupt  stm32f4xx_ll_usb.o
    0x08010924   0x08010924   0x00000032   Code   RO         4659    i.USB_ReadDevInEPInterrupt  stm32f4xx_ll_usb.o
    0x08010956   0x08010956   0x0000001a   Code   RO         4660    i.USB_ReadDevOutEPInterrupt  stm32f4xx_ll_usb.o
    0x08010970   0x08010970   0x0000000a   Code   RO         4661    i.USB_ReadInterrupts  stm32f4xx_ll_usb.o
    0x0801097a   0x0801097a   0x00000060   Code   RO         4662    i.USB_ReadPacket    stm32f4xx_ll_usb.o
    0x080109da   0x080109da   0x00000068   Code   RO         4664    i.USB_SetCurrentMode  stm32f4xx_ll_usb.o
    0x08010a42   0x08010a42   0x0000002a   Code   RO         4665    i.USB_SetDevAddress  stm32f4xx_ll_usb.o
    0x08010a6c   0x08010a6c   0x00000012   Code   RO         4666    i.USB_SetDevSpeed   stm32f4xx_ll_usb.o
    0x08010a7e   0x08010a7e   0x00000002   PAD
    0x08010a80   0x08010a80   0x000000e8   Code   RO         4667    i.USB_SetTurnaroundTime  stm32f4xx_ll_usb.o
    0x08010b68   0x08010b68   0x00000044   Code   RO         4670    i.USB_WritePacket   stm32f4xx_ll_usb.o
    0x08010bac   0x08010bac   0x00000004   Code   RO         1136    i.UsageFault_Handler  stm32f4xx_it.o
    0x08010bb0   0x08010bb0   0x000001d8   Code   RO         2439    i.Vision_DataReceive  control_vision.o
    0x08010d88   0x08010d88   0x00000050   Code   RO         2440    i.Vision_Handler    control_vision.o
    0x08010dd8   0x08010dd8   0x00000064   Code   RO         2443    i.Vision_Init       control_vision.o
    0x08010e3c   0x08010e3c   0x00000044   Code   RO         2444    i.Vision_USART_Receive_DMA  control_vision.o
    0x08010e80   0x08010e80   0x00000040   Code   RO         2445    i.Vision_classdef_SendToPC  control_vision.o
    0x08010ec0   0x08010ec0   0x00000074   Code   RO         2447    i.Vision_processing  control_vision.o
    0x08010f34   0x08010f34   0x000004cc   Code   RO         2360    i.YawWorkMode_Follow  cloud_control.o
    0x08011400   0x08011400   0x00000026   Code   RO        10627    i.__ARM_fpclassifyf  m_wm.l(fpclassifyf.o)
    0x08011426   0x08011426   0x0000000e   Code   RO         2448    i.__ARM_isnanf      control_vision.o
    0x08011434   0x08011434   0x00000010   Code   RO         5735    i.__NVIC_GetPriorityGrouping  stm32f4xx_hal_cortex.o
    0x08011444   0x08011444   0x00000028   Code   RO         5736    i.__NVIC_SetPriority  stm32f4xx_hal_cortex.o
    0x0801146c   0x0801146c   0x0000012c   Code   RO        10479    i.__hardfp_asinf    m_wm.l(asinf.o)
    0x08011598   0x08011598   0x000002ac   Code   RO        10503    i.__hardfp_atan2f   m_wm.l(atan2f.o)
    0x08011844   0x08011844   0x00000014   Code   RO        10527    i.__hardfp_fabs     m_wm.l(fabs.o)
    0x08011858   0x08011858   0x0000007a   Code   RO        10559    i.__hardfp_sqrt     m_wm.l(sqrt.o)
    0x080118d2   0x080118d2   0x00000006   Code   RO        10630    i.__mathlib_flt_infnan  m_wm.l(funder.o)
    0x080118d8   0x080118d8   0x00000006   Code   RO        10631    i.__mathlib_flt_infnan2  m_wm.l(funder.o)
    0x080118de   0x080118de   0x00000002   PAD
    0x080118e0   0x080118e0   0x00000010   Code   RO        10632    i.__mathlib_flt_invalid  m_wm.l(funder.o)
    0x080118f0   0x080118f0   0x00000010   Code   RO        10635    i.__mathlib_flt_underflow  m_wm.l(funder.o)
    0x08011900   0x08011900   0x0000000e   Code   RO        10725    i.__scatterload_copy  mc_w.l(handlers.o)
    0x0801190e   0x0801190e   0x00000002   Code   RO        10726    i.__scatterload_null  mc_w.l(handlers.o)
    0x08011910   0x08011910   0x0000000e   Code   RO        10727    i.__scatterload_zeroinit  mc_w.l(handlers.o)
    0x0801191e   0x0801191e   0x00000002   PAD
    0x08011920   0x08011920   0x0000000c   Code   RO        10693    i.__set_errno       mc_w.l(errno.o)
    0x0801192c   0x0801192c   0x00000068   Code   RO         3967    i.aRGB_led_show     bsp_led.o
    0x08011994   0x08011994   0x0000002e   Code   RO         3605    i.abs_limit         pid.o
    0x080119c2   0x080119c2   0x00000002   PAD
    0x080119c4   0x080119c4   0x00000134   Code   RO         1358    i.bmi088_accel_init  bmi088driver.o
    0x08011af8   0x08011af8   0x000002fc   Code   RO         1359    i.bmi088_accel_self_test  bmi088driver.o
    0x08011df4   0x08011df4   0x000000f4   Code   RO         1360    i.bmi088_gyro_init  bmi088driver.o
    0x08011ee8   0x08011ee8   0x000000d0   Code   RO         1361    i.bmi088_gyro_self_test  bmi088driver.o
    0x08011fb8   0x08011fb8   0x000000ec   Code   RO         3104    i.cali_data_read    calibrate_task.o
    0x080120a4   0x080120a4   0x0000008c   Code   RO         3105    i.cali_data_write   calibrate_task.o
    0x08012130   0x08012130   0x0000004c   Code   RO         3106    i.cali_gyro_hook    calibrate_task.o
    0x0801217c   0x0801217c   0x000000c4   Code   RO         3107    i.cali_param_init   calibrate_task.o
    0x08012240   0x08012240   0x000001a4   Code   RO         3108    i.calibrate_task    calibrate_task.o
    0x080123e4   0x080123e4   0x00000030   Code   RO         3841    i.delay_init        bsp_delay.o
    0x08012414   0x08012414   0x00000050   Code   RO         3843    i.delay_us          bsp_delay.o
    0x08012464   0x08012464   0x0000002e   Code   RO         3882    i.flash_erase_address  bsp_flash.o
    0x08012492   0x08012492   0x00000014   Code   RO         3883    i.flash_read        bsp_flash.o
    0x080124a6   0x080124a6   0x00000002   PAD
    0x080124a8   0x080124a8   0x00000098   Code   RO         3885    i.flash_write_single_address  bsp_flash.o
    0x08012540   0x08012540   0x000000f4   Code   RO         3886    i.ger_sector        bsp_flash.o
    0x08012634   0x08012634   0x000000dc   Code   RO         3293    i.get_angle         ins_task.o
    0x08012710   0x08012710   0x000000e8   Code   RO         3887    i.get_next_flash_address  bsp_flash.o
    0x080127f8   0x080127f8   0x00000054   Code   RO         3294    i.gyro_offset_calc  ins_task.o
    0x0801284c   0x0801284c   0x00000040   Code   RO         2919    i.if_or_no          shot.o
    0x0801288c   0x0801288c   0x0000012c   Code   RO         3295    i.imu_cali_slove    ins_task.o
    0x080129b8   0x080129b8   0x00000168   Code   RO         3296    i.imu_cmd_spi_dma   ins_task.o
    0x08012b20   0x08012b20   0x0000000c   Code   RO         3939    i.imu_pwm_set       bsp_imu_pwm.o
    0x08012b2c   0x08012b2c   0x000000a4   Code   RO         3297    i.imu_temp_control  ins_task.o
    0x08012bd0   0x08012bd0   0x0000003c   Code   RO         3562    i.invSqrt           mahonyahrs.o
    0x08012c0c   0x08012c0c   0x00000002   Code   RO         1757    i.ist8310_GPIO_init  ist8310driver_middleware.o
    0x08012c0e   0x08012c0e   0x00000002   PAD
    0x08012c10   0x08012c10   0x00000028   Code   RO         1759    i.ist8310_IIC_read_single_reg  ist8310driver_middleware.o
    0x08012c38   0x08012c38   0x00000028   Code   RO         1761    i.ist8310_IIC_write_single_reg  ist8310driver_middleware.o
    0x08012c60   0x08012c60   0x00000014   Code   RO         1762    i.ist8310_RST_H     ist8310driver_middleware.o
    0x08012c74   0x08012c74   0x00000014   Code   RO         1763    i.ist8310_RST_L     ist8310driver_middleware.o
    0x08012c88   0x08012c88   0x00000002   Code   RO         1764    i.ist8310_com_init  ist8310driver_middleware.o
    0x08012c8a   0x08012c8a   0x0000000c   Code   RO         1765    i.ist8310_delay_ms  ist8310driver_middleware.o
    0x08012c96   0x08012c96   0x00000002   PAD
    0x08012c98   0x08012c98   0x00000094   Code   RO         1944    i.ist8310_init      ist8310driver.o
    0x08012d2c   0x08012d2c   0x000001b0   Code   RO         3405    i.led_RGB_flow_task  led_flow_task.o
    0x08012edc   0x08012edc   0x0000004c   Code   RO            7    i.main              main.o
    0x08012f28   0x08012f28   0x0000000e   Code   RO         9538    i.makeFreeRtosPriority  cmsis_os.o
    0x08012f36   0x08012f36   0x00000018   Code   RO         9540    i.osDelay           cmsis_os.o
    0x08012f4e   0x08012f4e   0x0000000a   Code   RO         9543    i.osKernelStart     cmsis_os.o
    0x08012f58   0x08012f58   0x00000028   Code   RO         9552    i.osMessageCreate   cmsis_os.o
    0x08012f80   0x08012f80   0x0000005e   Code   RO         9577    i.osThreadCreate    cmsis_os.o
    0x08012fde   0x08012fde   0x00000002   PAD
    0x08012fe0   0x08012fe0   0x00000030   Code   RO         9005    i.pcTaskGetName     tasks.o
    0x08013010   0x08013010   0x000000a4   Code   RO         9006    i.prvAddCurrentTaskToDelayedList  tasks.o
    0x080130b4   0x080130b4   0x000000b4   Code   RO         9007    i.prvAddNewTaskToReadyList  tasks.o
    0x08013168   0x08013168   0x00000074   Code   RO         9370    i.prvCheckForValidListAndQueue  timers.o
    0x080131dc   0x080131dc   0x00000048   Code   RO         9008    i.prvCheckTasksWaitingTermination  tasks.o
    0x08013224   0x08013224   0x0000002a   Code   RO         8653    i.prvCopyDataFromQueue  queue.o
    0x0801324e   0x0801324e   0x0000007e   Code   RO         8654    i.prvCopyDataToQueue  queue.o
    0x080132cc   0x080132cc   0x00000050   Code   RO         9009    i.prvDeleteTCB      tasks.o
    0x0801331c   0x0801331c   0x00000028   Code   RO         9371    i.prvGetNextExpireTime  timers.o
    0x08013344   0x08013344   0x0000007c   Code   RO         9917    i.prvHeapInit       heap_4.o
    0x080133c0   0x080133c0   0x00000028   Code   RO         9010    i.prvIdleTask       tasks.o
    0x080133e8   0x080133e8   0x00000026   Code   RO         8657    i.prvInitialiseNewQueue  queue.o
    0x0801340e   0x0801340e   0x000000c2   Code   RO         9011    i.prvInitialiseNewTask  tasks.o
    0x080134d0   0x080134d0   0x00000068   Code   RO         9012    i.prvInitialiseTaskLists  tasks.o
    0x08013538   0x08013538   0x00000068   Code   RO         9918    i.prvInsertBlockIntoFreeList  heap_4.o
    0x080135a0   0x080135a0   0x00000058   Code   RO         9373    i.prvInsertTimerInActiveList  timers.o
    0x080135f8   0x080135f8   0x0000001a   Code   RO         8658    i.prvIsQueueEmpty   queue.o
    0x08013612   0x08013612   0x0000001e   Code   RO         8659    i.prvIsQueueFull    queue.o
    0x08013630   0x08013630   0x00000074   Code   RO         9374    i.prvProcessExpiredTimer  timers.o
    0x080136a4   0x080136a4   0x00000164   Code   RO         9375    i.prvProcessReceivedCommands  timers.o
    0x08013808   0x08013808   0x00000074   Code   RO         9376    i.prvProcessTimerOrBlockTask  timers.o
    0x0801387c   0x0801387c   0x00000034   Code   RO         9013    i.prvResetNextTaskUnblockTime  tasks.o
    0x080138b0   0x080138b0   0x0000002c   Code   RO         9377    i.prvSampleTimeNow  timers.o
    0x080138dc   0x080138dc   0x000000b0   Code   RO         9014    i.prvSearchForNameWithinSingleList  tasks.o
    0x0801398c   0x0801398c   0x000000a4   Code   RO         9378    i.prvSwitchTimerLists  timers.o
    0x08013a30   0x08013a30   0x00000016   Code   RO         9015    i.prvTaskCheckFreeStackSpace  tasks.o
    0x08013a46   0x08013a46   0x00000002   PAD
    0x08013a48   0x08013a48   0x00000040   Code   RO         9974    i.prvTaskExitError  port.o
    0x08013a88   0x08013a88   0x0000001a   Code   RO         9379    i.prvTimerTask      timers.o
    0x08013aa2   0x08013aa2   0x0000007e   Code   RO         8660    i.prvUnlockQueue    queue.o
    0x08013b20   0x08013b20   0x0000014c   Code   RO         9919    i.pvPortMalloc      heap_4.o
    0x08013c6c   0x08013c6c   0x0000002c   Code   RO         9975    i.pxPortInitialiseStack  port.o
    0x08013c98   0x08013c98   0x00000084   Code   RO         2224    i.read_start_imu    chassis_control.o
    0x08013d1c   0x08013d1c   0x00000078   Code   RO         2920    i.roll_shot_go      shot.o
    0x08013d94   0x08013d94   0x00000158   Code   RO         2921    i.shot_IRQHandler   shot.o
    0x08013eec   0x08013eec   0x0000003e   Code   RO        10659    i.sqrtf             m_wm.l(sqrtf.o)
    0x08013f2a   0x08013f2a   0x00000002   PAD
    0x08013f2c   0x08013f2c   0x00000074   Code   RO         9018    i.ulTaskNotifyTake  tasks.o
    0x08013fa0   0x08013fa0   0x00000028   Code   RO         8613    i.uxListRemove      list.o
    0x08013fc8   0x08013fc8   0x00000028   Code   RO         9021    i.uxTaskGetStackHighWaterMark  tasks.o
    0x08013ff0   0x08013ff0   0x00000018   Code   RO          304    i.vApplicationGetIdleTaskMemory  freertos.o
    0x08014008   0x08014008   0x00000018   Code   RO          305    i.vApplicationGetTimerTaskMemory  freertos.o
    0x08014020   0x08014020   0x0000001a   Code   RO         8614    i.vListInitialise   list.o
    0x0801403a   0x0801403a   0x00000006   Code   RO         8615    i.vListInitialiseItem  list.o
    0x08014040   0x08014040   0x00000034   Code   RO         8616    i.vListInsert       list.o
    0x08014074   0x08014074   0x00000018   Code   RO         8617    i.vListInsertEnd    list.o
    0x0801408c   0x0801408c   0x00000054   Code   RO         9977    i.vPortEnterCritical  port.o
    0x080140e0   0x080140e0   0x0000003c   Code   RO         9978    i.vPortExitCritical  port.o
    0x0801411c   0x0801411c   0x000000a4   Code   RO         9920    i.vPortFree         heap_4.o
    0x080141c0   0x080141c0   0x00000028   Code   RO         9979    i.vPortSetupTimerInterrupt  port.o
    0x080141e8   0x080141e8   0x00000078   Code   RO         9980    i.vPortValidateInterruptPriority  port.o
    0x08014260   0x08014260   0x0000002c   Code   RO         8664    i.vQueueAddToRegistry  queue.o
    0x0801428c   0x0801428c   0x0000004a   Code   RO         8667    i.vQueueWaitForMessageRestricted  queue.o
    0x080142d6   0x080142d6   0x00000002   PAD
    0x080142d8   0x080142d8   0x0000005c   Code   RO         9025    i.vTaskDelay        tasks.o
    0x08014334   0x08014334   0x000000d4   Code   RO         9026    i.vTaskDelayUntil   tasks.o
    0x08014408   0x08014408   0x000000f4   Code   RO         9027    i.vTaskDelete       tasks.o
    0x080144fc   0x080144fc   0x00000018   Code   RO         9029    i.vTaskInternalSetTimeOutState  tasks.o
    0x08014514   0x08014514   0x0000000c   Code   RO         9030    i.vTaskMissedYield  tasks.o
    0x08014520   0x08014520   0x000000f0   Code   RO         9031    i.vTaskNotifyGiveFromISR  tasks.o
    0x08014610   0x08014610   0x00000038   Code   RO         9032    i.vTaskPlaceOnEventList  tasks.o
    0x08014648   0x08014648   0x00000040   Code   RO         9033    i.vTaskPlaceOnEventListRestricted  tasks.o
    0x08014688   0x08014688   0x000000b8   Code   RO         9040    i.vTaskStartScheduler  tasks.o
    0x08014740   0x08014740   0x00000010   Code   RO         9042    i.vTaskSuspendAll   tasks.o
    0x08014750   0x08014750   0x0000008c   Code   RO         9043    i.vTaskSwitchContext  tasks.o
    0x080147dc   0x080147dc   0x0000003c   Code   RO         2102    i.ws2812_init       ws2812.o
    0x08014818   0x08014818   0x00000068   Code   RO         2105    i.ws2812_set_RGB    ws2812.o
    0x08014880   0x08014880   0x00000048   Code   RO         2106    i.ws2812_stauts     ws2812.o
    0x080148c8   0x080148c8   0x00000168   Code   RO         9981    i.xPortStartScheduler  port.o
    0x08014a30   0x08014a30   0x0000005a   Code   RO         8670    i.xQueueGenericCreate  queue.o
    0x08014a8a   0x08014a8a   0x000000e0   Code   RO         8671    i.xQueueGenericCreateStatic  queue.o
    0x08014b6a   0x08014b6a   0x00000002   PAD
    0x08014b6c   0x08014b6c   0x00000098   Code   RO         8672    i.xQueueGenericReset  queue.o
    0x08014c04   0x08014c04   0x000001a8   Code   RO         8673    i.xQueueGenericSend  queue.o
    0x08014dac   0x08014dac   0x000000fc   Code   RO         8674    i.xQueueGenericSendFromISR  queue.o
    0x08014ea8   0x08014ea8   0x00000168   Code   RO         8682    i.xQueueReceive     queue.o
    0x08015010   0x08015010   0x000000a8   Code   RO         9046    i.xTaskCheckForTimeOut  tasks.o
    0x080150b8   0x080150b8   0x00000064   Code   RO         9047    i.xTaskCreate       tasks.o
    0x0801511c   0x0801511c   0x000000ba   Code   RO         9048    i.xTaskCreateStatic  tasks.o
    0x080151d6   0x080151d6   0x00000002   PAD
    0x080151d8   0x080151d8   0x000000a4   Code   RO         9052    i.xTaskGetHandle    tasks.o
    0x0801527c   0x0801527c   0x00000020   Code   RO         9053    i.xTaskGetSchedulerState  tasks.o
    0x0801529c   0x0801529c   0x0000000c   Code   RO         9054    i.xTaskGetTickCount  tasks.o
    0x080152a8   0x080152a8   0x00000148   Code   RO         9056    i.xTaskIncrementTick  tasks.o
    0x080153f0   0x080153f0   0x000000c8   Code   RO         9059    i.xTaskPriorityDisinherit  tasks.o
    0x080154b8   0x080154b8   0x00000098   Code   RO         9061    i.xTaskRemoveFromEventList  tasks.o
    0x08015550   0x08015550   0x00000104   Code   RO         9062    i.xTaskResumeAll    tasks.o
    0x08015654   0x08015654   0x00000078   Code   RO         9386    i.xTimerCreateTimerTask  timers.o
    0x080156cc   0x080156cc   0x00000084   Code   RO         9387    i.xTimerGenericCommand  timers.o
    0x08015750   0x08015750   0x00000138   Data   RO          307    .constdata          freertos.o
    0x08015888   0x08015888   0x00000012   Data   RO         1366    .constdata          bmi088driver.o
    0x0801589a   0x0801589a   0x0000000c   Data   RO         1947    .constdata          ist8310driver.o
    0x080158a6   0x080158a6   0x00000200   Data   RO         2450    .constdata          control_vision.o
    0x08015aa6   0x08015aa6   0x00000003   Data   RO         3110    .constdata          calibrate_task.o
    0x08015aa9   0x08015aa9   0x00000003   PAD
    0x08015aac   0x08015aac   0x00000018   Data   RO         3299    .constdata          ins_task.o
    0x08015ac4   0x08015ac4   0x00000100   Data   RO         3737    .constdata          crc.o
    0x08015bc4   0x08015bc4   0x00000018   Data   RO         4121    .constdata          system_stm32f4xx.o
    0x08015bdc   0x08015bdc   0x00000008   Data   RO         5452    .constdata          stm32f4xx_hal_dma.o
    0x08015be4   0x08015be4   0x0000006d   Data   RO          308    .conststring        freertos.o
    0x08015c51   0x08015c51   0x00000003   PAD
    0x08015c54   0x08015c54   0x00000020   Data   RO        10723    Region$$Table       anon$$obj.o


    Execution Region RW_IRAM1 (Exec base: 0x20000000, Load base: 0x08015c74, Size: 0x0000c608, Max: 0x00020000, ABSOLUTE, COMPRESSED[0x00000354])

    Exec Addr    Load Addr    Size         Type   Attr      Idx    E Section Name        Object

    0x20000000   COMPRESSED   0x00000034   Data   RW          309    .data               freertos.o
    0x20000034   COMPRESSED   0x00000004   Data   RW          417    .data               can.o
    0x20000038   COMPRESSED   0x0000004e   Data   RW          966    .data               usbd_desc.o
    0x20000086   COMPRESSED   0x00000002   PAD
    0x20000088   COMPRESSED   0x00000014   Data   RW         1053    .data               usbd_cdc_if.o
    0x2000009c   COMPRESSED   0x00000004   Data   RW         1137    .data               stm32f4xx_it.o
    0x200000a0   COMPRESSED   0x0000002c   Data   RW         1367    .data               bmi088driver.o
    0x200000cc   COMPRESSED   0x00000012   Data   RW         1711    .data               dji_imu.o
    0x200000de   COMPRESSED   0x00000002   PAD
    0x200000e0   COMPRESSED   0x00000014   Data   RW         1842    .data               m2006_motor.o
    0x200000f4   COMPRESSED   0x00000018   Data   RW         1913    .data               m6020_motor.o
    0x2000010c   COMPRESSED   0x00000064   Data   RW         1987    .data               dr16_remote.o
    0x20000170   COMPRESSED   0x00000006   Data   RW         2108    .data               ws2812.o
    0x20000176   COMPRESSED   0x00000002   PAD
    0x20000178   COMPRESSED   0x00000440   Data   RW         2225    .data               chassis_control.o
    0x200005b8   COMPRESSED   0x0000027c   Data   RW         2362    .data               cloud_control.o
    0x20000834   COMPRESSED   0x000000e0   Data   RW         2451    .data               control_vision.o
    0x20000914   COMPRESSED   0x00000004   Data   RW         2831    .data               robot_control.o
    0x20000918   COMPRESSED   0x00000124   Data   RW         2923    .data               shot.o
    0x20000a3c   COMPRESSED   0x00000060   Data   RW         3065    .data               status_update.o
    0x20000a9c   COMPRESSED   0x00000014   Data   RW         3111    .data               calibrate_task.o
    0x20000ab0   COMPRESSED   0x000000a0   Data   RW         3300    .data               ins_task.o
    0x20000b50   COMPRESSED   0x0000001c   Data   RW         3406    .data               led_flow_task.o
    0x20000b6c   COMPRESSED   0x00000014   Data   RW         3563    .data               mahonyahrs.o
    0x20000b80   COMPRESSED   0x00000008   Data   RW         3844    .data               bsp_delay.o
    0x20000b88   COMPRESSED   0x00000010   Data   RW         3888    .data               bsp_flash.o
    0x20000b98   COMPRESSED   0x00000008   Data   RW         3968    .data               bsp_led.o
    0x20000ba0   COMPRESSED   0x00000004   Data   RW         4122    .data               system_stm32f4xx.o
    0x20000ba4   COMPRESSED   0x00000014   Data   RW         4197    .data               task_canmsg.o
    0x20000bb8   COMPRESSED   0x00000009   Data   RW         5884    .data               stm32f4xx_hal.o
    0x20000bc1   COMPRESSED   0x00000003   PAD
    0x20000bc4   COMPRESSED   0x0000003c   Data   RW         9065    .data               tasks.o
    0x20000c00   COMPRESSED   0x00000014   Data   RW         9395    .data               timers.o
    0x20000c14   COMPRESSED   0x00000020   Data   RW         9926    .data               heap_4.o
    0x20000c34   COMPRESSED   0x0000000c   Data   RW         9982    .data               port.o
    0x20000c40   COMPRESSED   0x00000001   Data   RW        10229    .data               usbd_ctlreq.o
    0x20000c41   COMPRESSED   0x00000003   PAD
    0x20000c44   COMPRESSED   0x0000008a   Data   RW        10392    .data               usbd_cdc.o
    0x20000cce   COMPRESSED   0x00000002   PAD
    0x20000cd0   COMPRESSED   0x00000004   Data   RW        10694    .data               mc_w.l(errno.o)
    0x20000cd4        -       0x000006a8   Zero   RW          306    .bss                freertos.o
    0x2000137c        -       0x00000050   Zero   RW          416    .bss                can.o
    0x200013cc        -       0x00000054   Zero   RW          488    .bss                i2c.o
    0x20001420        -       0x00000118   Zero   RW          530    .bss                spi.o
    0x20001538        -       0x000001c8   Zero   RW          577    .bss                tim.o
    0x20001700        -       0x000001ec   Zero   RW          647    .bss                usart.o
    0x200018ec        -       0x000002dc   Zero   RW          702    .bss                usb_device.o
    0x20001bc8        -       0x0000072c   Zero   RW          780    .bss                usbd_conf.o
    0x200022f4        -       0x00000200   Zero   RW          965    .bss                usbd_desc.o
    0x200024f4        -       0x00001000   Zero   RW         1052    .bss                usbd_cdc_if.o
    0x200034f4        -       0x00000048   Zero   RW         1312    .bss                stm32f4xx_hal_timebase_tim.o
    0x2000353c        -       0x00000030   Zero   RW         1710    .bss                dji_imu.o
    0x2000356c        -       0x00000174   Zero   RW         1841    .bss                m2006_motor.o
    0x200036e0        -       0x00000428   Zero   RW         1912    .bss                m6020_motor.o
    0x20003b08        -       0x00000030   Zero   RW         1986    .bss                dr16_remote.o
    0x20003b38        -       0x00000030   Zero   RW         2061    .bss                rm_message.o
    0x20003b68        -       0x000002b0   Zero   RW         2107    .bss                ws2812.o
    0x20003e18        -       0x00000088   Zero   RW         2449    .bss                control_vision.o
    0x20003ea0        -       0x00000018   Zero   RW         2600    .bss                monitor_rm_can.o
    0x20003eb8        -       0x0000028c   Zero   RW         2922    .bss                shot.o
    0x20004144        -       0x00000041   Zero   RW         3109    .bss                calibrate_task.o
    0x20004185   COMPRESSED   0x00000003   PAD
    0x20004188        -       0x00000134   Zero   RW         3298    .bss                ins_task.o
    0x200042bc        -       0x0000000a   Zero   RW         3807    .bss                bsp_buzzer.o
    0x200042c6   COMPRESSED   0x00000002   PAD
    0x200042c8        -       0x000000dc   Zero   RW         4076    .bss                bsp_can.o
    0x200043a4        -       0x00000020   Zero   RW         5106    .bss                stm32f4xx_hal_flash.o
    0x200043c4        -       0x00000040   Zero   RW         8685    .bss                queue.o
    0x20004404        -       0x000000f0   Zero   RW         9064    .bss                tasks.o
    0x200044f4        -       0x00000110   Zero   RW         9394    .bss                timers.o
    0x20004604        -       0x00006000   Zero   RW         9925    .bss                heap_4.o
    0x2000a604   COMPRESSED   0x00000004   PAD
    0x2000a608        -       0x00002000   Zero   RW         3795    STACK               startup_stm32f407xx.o


==============================================================================

Image component sizes


      Code (inc. data)   RO Data    RW Data    ZI Data      Debug   Object Name

      2338         40         18         44          0      15811   bmi088driver.o
       140         28          0          0          0       4800   bmi088middleware.o
       332         18          0          0         10       1971   bsp_buzzer.o
       276         14          0          0        220       3559   bsp_can.o
       128         20          0          8          0       1344   bsp_delay.o
       694        108          0         16          0       4073   bsp_flash.o
        12          4          0          0          0        502   bsp_imu_pwm.o
       104         22          0          8          0        592   bsp_led.o
     10428        170          0          0          0       5670   bsp_spi.o
      1068         86          3         20         65     592008   calibrate_task.o
       492         42          0          4         80       2502   can.o
       318         56          0       1088          0       8854   chassis_control.o
      1972        254          0        636          0       6949   cloud_control.o
       182          0          0          0          0      23793   cmsis_os.o
      1114        100        512        224        136      15018   control_vision.o
        36          6        256          0          0       1236   crc.o
       352         30          0         18         48       1874   dji_imu.o
       168          6          0          0          0        858   dma.o
      1504         72          0        100         48       9070   dr16_remote.o
         0          0          0          0          0      19788   event_groups.o
       616        110        421         52       1704      11909   freertos.o
       564         22          0          0          0       1327   gpio.o
       724         74          0         32      24576       4983   heap_4.o
       260         30          0          0         84       1761   i2c.o
      4610        332         24        160        308      16075   ins_task.o
       148          6         12          0          0       1927   ist8310driver.o
       136         22          0          0          0       3971   ist8310driver_middleware.o
       432         10          0         28          0       1709   led_flow_task.o
       148          0          0          0          0       3686   list.o
       344         16          0         20        372       3795   m2006_motor.o
       328         16          0         24       1064       2893   m6020_motor.o
      2276         72          0         20          0       4913   mahonyahrs.o
       282         16          0          0          0     773172   main.o
       416         34          0          0         24     604853   monitor_rm_can.o
      1082         12          0          0          0       5739   pid.o
      1014         92          0         12          0      12265   port.o
      2008         20          0          0         64      18678   queue.o
       144          4          0          0         48       1922   rm_message.o
       206         28          0          4          0      10657   robot_control.o
      2280        324          0        292        652      13607   shot.o
       232         10          0          0          0       1933   speedramp.o
       416         38          0          0        280       1971   spi.o
        36          8        392          0       8192        824   startup_stm32f407xx.o
      1820        188          0         96          0       3486   status_update.o
       136         24          0          9          0       8842   stm32f4xx_hal.o
      2136          6          0          0          0      15295   stm32f4xx_hal_can.o
       320         30          0          0          0      34453   stm32f4xx_hal_cortex.o
      1538         16          8          0          0       8102   stm32f4xx_hal_dma.o
       652         64          0          0         32       6166   stm32f4xx_hal_flash.o
       432         26          0          0          0       3346   stm32f4xx_hal_flash_ex.o
       556         50          0          0          0       3514   stm32f4xx_hal_gpio.o
      2856         46          0          0          0      11894   stm32f4xx_hal_i2c.o
        84          6          0          0          0        870   stm32f4xx_hal_msp.o
      3604         16          0          0          0      14116   stm32f4xx_hal_pcd.o
        90          0          0          0          0       2505   stm32f4xx_hal_pcd_ex.o
      1888         94          0          0          0       6417   stm32f4xx_hal_rcc.o
      1078         14          0          0          0       4757   stm32f4xx_hal_spi.o
      3398        212          0          0          0      22160   stm32f4xx_hal_tim.o
       300         30          0          0          0       3409   stm32f4xx_hal_tim_ex.o
       180         20          0          0         72       1503   stm32f4xx_hal_timebase_tim.o
      1918         14          0          0          0       9784   stm32f4xx_hal_uart.o
       412         84          0          4          0      16332   stm32f4xx_it.o
      4246         98          0          0          0      24259   stm32f4xx_ll_usb.o
         0          0          0          0          0        404   stream_buffer.o
       100         18         24          4          0       1211   system_stm32f4xx.o
       244         28          0         20          0       2463   task_canmsg.o
        56         12          0          0          0       1100   task_debug.o
        32          4          0          0          0       1171   task_host.o
       240         42          0          0          0       1307   task_imu_send.o
        30          0          0          0          0       1095   task_robotcontrol.o
      4174        474          0         60        240      36429   tasks.o
      1688        128          0          0        456       6076   tim.o
      1318        124          0         20        272      30915   timers.o
       860         86          0          0        492       3513   usart.o
        76         16          0          0        732       2615   usb_device.o
      1790         54          0        138          0      14605   usbd_cdc.o
       216         28          0         20       4096       4272   usbd_cdc_if.o
      1004         24          0          0       1836      17352   usbd_conf.o
      1346          0          0          0          0      16969   usbd_core.o
      2342         30          0          1          0      18148   usbd_ctlreq.o
       386        122          0         78        512       6821   usbd_desc.o
       174          0          0          0          0       4844   usbd_ioreq.o
        26          0          0          0          0        604   user_filter.o
       680         60          0          6        688       4295   ws2812.o

    ----------------------------------------------------------------------
     84862       4660       1708       3280      47412    2602261   Object Totals
         0          0         32          0          0          0   (incl. Generated)
        76          0          6         14          9          0   (incl. Padding)

    ----------------------------------------------------------------------

      Code (inc. data)   RO Data    RW Data    ZI Data      Debug   Library Member Name

       300         42          0          0          0        176   asinf.o
       684         90          0          0          0        208   atan2f.o
        20          0          0          0          0        124   fabs.o
        38          0          0          0          0        116   fpclassifyf.o
        44         12          0          0          0        464   funder.o
       122          0          0          0          0        148   sqrt.o
        62          0          0          0          0        136   sqrtf.o
        86          0          0          0          0          0   __dczerorl2.o
         0          0          0          0          0          0   entry.o
         0          0          0          0          0          0   entry10a.o
         0          0          0          0          0          0   entry11a.o
         4          0          0          0          0          0   entry12b.o
         8          4          0          0          0          0   entry2.o
         4          0          0          0          0          0   entry5.o
         0          0          0          0          0          0   entry7b.o
         0          0          0          0          0          0   entry8b.o
         8          4          0          0          0          0   entry9a.o
        12          6          0          4          0         68   errno.o
        30          0          0          0          0          0   handlers.o
        36          8          0          0          0         68   init.o
         0          0          0          0          0          0   iusefp.o
        30          0          0          0          0         68   llshl.o
        36          0          0          0          0         68   llsshr.o
        32          0          0          0          0         68   llushr.o
        36          0          0          0          0         68   memcpya.o
        36          0          0          0          0        108   memseta.o
        14          0          0          0          0         68   strlen.o
        98          0          0          0          0         92   uldiv.o
        56          0          0          0          0         88   d2f.o
       334          0          0          0          0        148   dadd.o
       186          0          0          0          0        176   depilogue.o
       162          0          0          0          0        100   dsqrt.o
        38          0          0          0          0         68   f2d.o
       110          0          0          0          0        168   fepilogue.o

    ----------------------------------------------------------------------
      2634        166          0          4          0       2796   Library Totals
         8          0          0          0          0          0   (incl. Padding)

    ----------------------------------------------------------------------

      Code (inc. data)   RO Data    RW Data    ZI Data      Debug   Library Name

      1270        144          0          0          0       1372   m_wm.l
       470         22          0          4          0        676   mc_w.l
       886          0          0          0          0        748   mf_w.l

    ----------------------------------------------------------------------
      2634        166          0          4          0       2796   Library Totals

    ----------------------------------------------------------------------

==============================================================================


      Code (inc. data)   RO Data    RW Data    ZI Data      Debug   

     87496       4826       1708       3284      47412    2549717   Grand Totals
     87496       4826       1708        852      47412    2549717   ELF Image Totals (compressed)
     87496       4826       1708        852          0          0   ROM Totals

==============================================================================

    Total RO  Size (Code + RO Data)                89204 (  87.11kB)
    Total RW  Size (RW Data + ZI Data)             50696 (  49.51kB)
    Total ROM Size (Code + RO Data + RW Data)      90056 (  87.95kB)

==============================================================================

