Component: ARM Compiler 5.06 update 7 (build 960) Tool: armlink [4d3601]

==============================================================================

Section Cross References

    startup_stm32f427xx.o(RESET) refers to startup_stm32f427xx.o(STACK) for __initial_sp
    startup_stm32f427xx.o(RESET) refers to startup_stm32f427xx.o(.text) for Reset_Handler
    startup_stm32f427xx.o(RESET) refers to stm32f4xx_it.o(i.NMI_Handler) for NMI_Handler
    startup_stm32f427xx.o(RESET) refers to stm32f4xx_it.o(i.HardFault_Handler) for HardFault_Handler
    startup_stm32f427xx.o(RESET) refers to stm32f4xx_it.o(i.MemManage_Handler) for MemManage_Handler
    startup_stm32f427xx.o(RESET) refers to stm32f4xx_it.o(i.BusFault_Handler) for BusFault_Handler
    startup_stm32f427xx.o(RESET) refers to stm32f4xx_it.o(i.UsageFault_Handler) for UsageFault_Handler
    startup_stm32f427xx.o(RESET) refers to port.o(.emb_text) for SVC_Handler
    startup_stm32f427xx.o(RESET) refers to stm32f4xx_it.o(i.DebugMon_Handler) for DebugMon_Handler
    startup_stm32f427xx.o(RESET) refers to port.o(i.SysTick_Handler) for SysTick_Handler
    startup_stm32f427xx.o(RESET) refers to stm32f4xx_it.o(i.DMA1_Stream1_IRQHandler) for DMA1_Stream1_IRQHandler
    startup_stm32f427xx.o(RESET) refers to stm32f4xx_it.o(i.DMA1_Stream3_IRQHandler) for DMA1_Stream3_IRQHandler
    startup_stm32f427xx.o(RESET) refers to stm32f4xx_it.o(i.DMA1_Stream4_IRQHandler) for DMA1_Stream4_IRQHandler
    startup_stm32f427xx.o(RESET) refers to stm32f4xx_it.o(i.CAN1_RX0_IRQHandler) for CAN1_RX0_IRQHandler
    startup_stm32f427xx.o(RESET) refers to stm32f4xx_it.o(i.TIM2_IRQHandler) for TIM2_IRQHandler
    startup_stm32f427xx.o(RESET) refers to stm32f4xx_it.o(i.TIM4_IRQHandler) for TIM4_IRQHandler
    startup_stm32f427xx.o(RESET) refers to stm32f4xx_it.o(i.USART1_IRQHandler) for USART1_IRQHandler
    startup_stm32f427xx.o(RESET) refers to stm32f4xx_it.o(i.USART3_IRQHandler) for USART3_IRQHandler
    startup_stm32f427xx.o(RESET) refers to stm32f4xx_it.o(i.TIM6_DAC_IRQHandler) for TIM6_DAC_IRQHandler
    startup_stm32f427xx.o(RESET) refers to stm32f4xx_it.o(i.DMA2_Stream2_IRQHandler) for DMA2_Stream2_IRQHandler
    startup_stm32f427xx.o(RESET) refers to stm32f4xx_it.o(i.CAN2_RX0_IRQHandler) for CAN2_RX0_IRQHandler
    startup_stm32f427xx.o(RESET) refers to stm32f4xx_it.o(i.UART7_IRQHandler) for UART7_IRQHandler
    startup_stm32f427xx.o(.text) refers to system_stm32f4xx.o(i.SystemInit) for SystemInit
    startup_stm32f427xx.o(.text) refers to entry.o(.ARM.Collect$$$$00000000) for __main
    main.o(i.HAL_TIM_PeriodElapsedCallback) refers to stm32f4xx_hal.o(i.HAL_IncTick) for HAL_IncTick
    main.o(i.SystemClock_Config) refers to memseta.o(.text) for __aeabi_memclr4
    main.o(i.SystemClock_Config) refers to stm32f4xx_hal_rcc.o(i.HAL_RCC_OscConfig) for HAL_RCC_OscConfig
    main.o(i.SystemClock_Config) refers to stm32f4xx_hal_rcc.o(i.HAL_RCC_ClockConfig) for HAL_RCC_ClockConfig
    main.o(i.main) refers to stm32f4xx_hal.o(i.HAL_Init) for HAL_Init
    main.o(i.main) refers to main.o(i.SystemClock_Config) for SystemClock_Config
    main.o(i.main) refers to gpio.o(i.MX_GPIO_Init) for MX_GPIO_Init
    main.o(i.main) refers to dma.o(i.MX_DMA_Init) for MX_DMA_Init
    main.o(i.main) refers to adc.o(i.MX_ADC1_Init) for MX_ADC1_Init
    main.o(i.main) refers to can.o(i.MX_CAN1_Init) for MX_CAN1_Init
    main.o(i.main) refers to can.o(i.MX_CAN2_Init) for MX_CAN2_Init
    main.o(i.main) refers to spi.o(i.MX_SPI5_Init) for MX_SPI5_Init
    main.o(i.main) refers to tim.o(i.MX_TIM2_Init) for MX_TIM2_Init
    main.o(i.main) refers to tim.o(i.MX_TIM3_Init) for MX_TIM3_Init
    main.o(i.main) refers to usart.o(i.MX_USART1_UART_Init) for MX_USART1_UART_Init
    main.o(i.main) refers to usart.o(i.MX_USART6_UART_Init) for MX_USART6_UART_Init
    main.o(i.main) refers to tim.o(i.MX_TIM5_Init) for MX_TIM5_Init
    main.o(i.main) refers to usart.o(i.MX_UART7_Init) for MX_UART7_Init
    main.o(i.main) refers to tim.o(i.MX_TIM12_Init) for MX_TIM12_Init
    main.o(i.main) refers to tim.o(i.MX_TIM4_Init) for MX_TIM4_Init
    main.o(i.main) refers to usart.o(i.MX_USART3_UART_Init) for MX_USART3_UART_Init
    main.o(i.main) refers to freertos.o(i.MX_FREERTOS_Init) for MX_FREERTOS_Init
    main.o(i.main) refers to cmsis_os.o(i.osKernelStart) for osKernelStart
    gpio.o(i.MX_GPIO_Init) refers to memseta.o(.text) for __aeabi_memclr4
    gpio.o(i.MX_GPIO_Init) refers to stm32f4xx_hal_gpio.o(i.HAL_GPIO_WritePin) for HAL_GPIO_WritePin
    gpio.o(i.MX_GPIO_Init) refers to stm32f4xx_hal_gpio.o(i.HAL_GPIO_Init) for HAL_GPIO_Init
    freertos.o(i.All_Init_Run) refers to port.o(i.vPortEnterCritical) for vPortEnterCritical
    freertos.o(i.All_Init_Run) refers to stm32f4xx_hal_tim.o(i.HAL_TIM_Base_Start_IT) for HAL_TIM_Base_Start_IT
    freertos.o(i.All_Init_Run) refers to stm32f4xx_hal_tim.o(i.HAL_TIM_PWM_Start) for HAL_TIM_PWM_Start
[...]
    __mathlib_dbl_infnan                     0x0800a381   Thumb Code    20  dunder.o(i.__mathlib_dbl_infnan)
    __mathlib_dbl_infnan2                    0x0800a395   Thumb Code    20  dunder.o(i.__mathlib_dbl_infnan2)
    __mathlib_dbl_invalid                    0x0800a3a9   Thumb Code    24  dunder.o(i.__mathlib_dbl_invalid)
    __mathlib_dbl_overflow                   0x0800a3c9   Thumb Code    24  dunder.o(i.__mathlib_dbl_overflow)
    __mathlib_dbl_underflow                  0x0800a3e9   Thumb Code    24  dunder.o(i.__mathlib_dbl_underflow)
    __mathlib_flt_infnan                     0x0800a409   Thumb Code     6  funder.o(i.__mathlib_flt_infnan)
    __mathlib_flt_infnan2                    0x0800a40f   Thumb Code     6  funder.o(i.__mathlib_flt_infnan2)
    __mathlib_flt_invalid                    0x0800a415   Thumb Code    10  funder.o(i.__mathlib_flt_invalid)
    __mathlib_flt_underflow                  0x0800a425   Thumb Code    10  funder.o(i.__mathlib_flt_underflow)
    __scatterload_copy                       0x0800a435   Thumb Code    14  handlers.o(i.__scatterload_copy)
    __scatterload_null                       0x0800a443   Thumb Code     2  handlers.o(i.__scatterload_null)
    __scatterload_zeroinit                   0x0800a445   Thumb Code    14  handlers.o(i.__scatterload_zeroinit)
    __set_errno                              0x0800a455   Thumb Code     6  errno.o(i.__set_errno)
    abs_limit                                0x0800a5bf   Thumb Code    42  pid.o(i.abs_limit)
    atan                                     0x0800aab1   Thumb Code    16  atan.o(i.atan)
    dbus_uart_init                           0x0800aac1   Thumb Code    64  dr16_remote.o(i.dbus_uart_init)
    determine_ID                             0x0800ab09   Thumb Code    22  rm_judgesystem.o(i.determine_ID)
    fabs                                     0x0800ab29   Thumb Code    24  fabs.o(i.fabs)
    get_angle                                0x0800ab41   Thumb Code   232  ahrs.o(i.get_angle)
    int_into_char                            0x0800ac29   Thumb Code    24  rm_judgesystem.o(i.int_into_char)
    is_red_or_blue                           0x0800ac45   Thumb Code    20  rm_judgesystem.o(i.is_red_or_blue)
    main                                     0x0800addb   Thumb Code    78  main.o(i.main)
    mpu_get_data                             0x0800aea1   Thumb Code   106  dji_imu.o(i.mpu_get_data)
    osKernelStart                            0x0800b14d   Thumb Code    10  cmsis_os.o(i.osKernelStart)
    osMessageCreate                          0x0800b157   Thumb Code    38  cmsis_os.o(i.osMessageCreate)
    osThreadCreate                           0x0800b17d   Thumb Code    84  cmsis_os.o(i.osThreadCreate)
    pvPortMalloc                             0x0800b651   Thumb Code   216  heap_4.o(i.pvPortMalloc)
    pxPortInitialiseStack                    0x0800b72d   Thumb Code    40  port.o(i.pxPortInitialiseStack)
    rc_callback_handler                      0x0800b7dd   Thumb Code   168  dr16_remote.o(i.rc_callback_handler)
    sqrt                                     0x0800b885   Thumb Code   110  sqrt.o(i.sqrt)
    sqrtf                                    0x0800b8f3   Thumb Code    62  sqrtf.o(i.sqrtf)
    uart_receive_handler                     0x0800b931   Thumb Code    86  dr16_remote.o(i.uart_receive_handler)
    uxListRemove                             0x0800ba0b   Thumb Code    38  list.o(i.uxListRemove)
    vApplicationGetIdleTaskMemory            0x0800ba31   Thumb Code    16  freertos.o(i.vApplicationGetIdleTaskMemory)
    vListInitialise                          0x0800ba45   Thumb Code    22  list.o(i.vListInitialise)
    vListInitialiseItem                      0x0800ba5b   Thumb Code     6  list.o(i.vListInitialiseItem)
    vListInsert                              0x0800ba61   Thumb Code    48  list.o(i.vListInsert)
    vListInsertEnd                           0x0800ba91   Thumb Code    24  list.o(i.vListInsertEnd)
    vPortEnterCritical                       0x0800baa9   Thumb Code    54  port.o(i.vPortEnterCritical)
    vPortExitCritical                        0x0800bae9   Thumb Code    34  port.o(i.vPortExitCritical)
    vPortFree                                0x0800bb11   Thumb Code    94  heap_4.o(i.vPortFree)
    vPortSetupTimerInterrupt                 0x0800bb75   Thumb Code    32  port.o(i.vPortSetupTimerInterrupt)
    vPortValidateInterruptPriority           0x0800bb99   Thumb Code    74  port.o(i.vPortValidateInterruptPriority)
    vTaskDelay                               0x0800bbed   Thumb Code    66  tasks.o(i.vTaskDelay)
    vTaskDelayUntil                          0x0800bc39   Thumb Code   132  tasks.o(i.vTaskDelayUntil)
    vTaskDelete                              0x0800bcc5   Thumb Code   158  tasks.o(i.vTaskDelete)
    vTaskInternalSetTimeOutState             0x0800bd71   Thumb Code    12  tasks.o(i.vTaskInternalSetTimeOutState)
    vTaskMissedYield                         0x0800bd81   Thumb Code     8  tasks.o(i.vTaskMissedYield)
    vTaskPlaceOnEventList                    0x0800bd8d   Thumb Code    44  tasks.o(i.vTaskPlaceOnEventList)
    vTaskStartScheduler                      0x0800bdbd   Thumb Code    90  tasks.o(i.vTaskStartScheduler)
    vTaskSuspendAll                          0x0800be29   Thumb Code    10  tasks.o(i.vTaskSuspendAll)
    vTaskSwitchContext                       0x0800be39   Thumb Code    82  tasks.o(i.vTaskSwitchContext)
    xPortStartScheduler                      0x0800be95   Thumb Code   222  port.o(i.xPortStartScheduler)
    xQueueGenericCreate                      0x0800bf89   Thumb Code    66  queue.o(i.xQueueGenericCreate)
    xQueueGenericCreateStatic                0x0800bfcb   Thumb Code   102  queue.o(i.xQueueGenericCreateStatic)
    xQueueGenericReset                       0x0800c031   Thumb Code   132  queue.o(i.xQueueGenericReset)
    xQueueGenericSendFromISR                 0x0800c0b9   Thumb Code   190  queue.o(i.xQueueGenericSendFromISR)
    xQueueReceive                            0x0800c179   Thumb Code   308  queue.o(i.xQueueReceive)
    xTaskCheckForTimeOut                     0x0800c2b1   Thumb Code   112  tasks.o(i.xTaskCheckForTimeOut)
    xTaskCreate                              0x0800c325   Thumb Code    90  tasks.o(i.xTaskCreate)
    xTaskCreateStatic                        0x0800c37f   Thumb Code    86  tasks.o(i.xTaskCreateStatic)
    xTaskGetSchedulerState                   0x0800c3d5   Thumb Code    22  tasks.o(i.xTaskGetSchedulerState)
    xTaskGetTickCount                        0x0800c3f1   Thumb Code     6  tasks.o(i.xTaskGetTickCount)
    xTaskIncrementTick                       0x0800c3fd   Thumb Code   194  tasks.o(i.xTaskIncrementTick)
    xTaskPriorityDisinherit                  0x0800c4c9   Thumb Code   144  tasks.o(i.xTaskPriorityDisinherit)
    xTaskRemoveFromEventList                 0x0800c561   Thumb Code   108  tasks.o(i.xTaskRemoveFromEventList)
    xTaskResumeAll                           0x0800c5d5   Thumb Code   182  tasks.o(i.xTaskResumeAll)
    MyCRC8Tab                                0x0800c798   Data         256  crc.o(.constdata)
    CRC8_TAB                                 0x0800c8b4   Data         256  rm_judgesystem.o(.constdata)
    wCRC_Table                               0x0800c9b4   Data         512  rm_judgesystem.o(.constdata)
    AHBPrescTable                            0x0800cbbc   Data          16  system_stm32f4xx.o(.constdata)
    APBPrescTable                            0x0800cbcc   Data           8  system_stm32f4xx.o(.constdata)
    __mathlib_zero                           0x0800cd00   Data           8  qnan.o(.constdata)
    sinTable_f32                             0x0800cd70   Data        2052  arm_common_tables.o(.rodata.sinTable_f32)
    Region$$Table$$Base                      0x0800d574   Number         0  anon$$obj.o(Region$$Table)
    Region$$Table$$Limit                     0x0800d594   Number         0  anon$$obj.o(Region$$Table)
    CAN1_ReceiveHandle                       0x20000000   Data           4  freertos.o(.data)
    CAN2_ReceiveHandle                       0x20000004   Data           4  freertos.o(.data)
    CAN1_TaskHandle                          0x20000008   Data           4  freertos.o(.data)
    CAN2_TaskHandle                          0x2000000c   Data           4  freertos.o(.data)
    IMU_ReceiveHandle                        0x20000010   Data           4  freertos.o(.data)
    Task_ControlHandle                       0x20000014   Data           4  freertos.o(.data)
    Host_Handle                              0x20000018   Data           4  freertos.o(.data)
    Check_Handle                             0x2000001c   Data           4  freertos.o(.data)
    All_InitHandle                           0x20000020   Data           4  freertos.o(.data)
    RMClientUI_Handle                        0x20000024   Data           4  freertos.o(.data)
    No_move_flag                             0x2000002c   Data           1  chassis_control.o(.data)
    Yaw_Spin_Error                           0x2000002d   Data           1  chassis_control.o(.data)
    spin_flag                                0x2000002f   Data           1  chassis_control.o(.data)
    Move_flag                                0x20000030   Data           1  chassis_control.o(.data)
    Brake_cnt                                0x20000034   Data           2  chassis_control.o(.data)
    ainimemeda                               0x20000036   Data           2  chassis_control.o(.data)
    ROLL_GO                                  0x20000038   Data           4  chassis_control.o(.data)
    turns_cnt                                0x2000003c   Data           4  chassis_control.o(.data)
    gogogogogo                               0x20000040   Data           4  chassis_control.o(.data)
    a_start                                  0x20000044   Data           4  chassis_control.o(.data)
    SpinDirection_Flag                       0x20000048   Data           4  chassis_control.o(.data)
    ReF_Flag                                 0x2000004c   Data           4  chassis_control.o(.data)
    ReF_Cnt                                  0x20000050   Data           4  chassis_control.o(.data)
    start_go                                 0x20000068   Data           4  chassis_control.o(.data)
    Follow_P_Out                             0x2000006c   Data           4  chassis_control.o(.data)
    Follow_I_Out                             0x20000070   Data           4  chassis_control.o(.data)
    start_imu                                0x20000074   Data           4  chassis_control.o(.data)
    i_VOmega                                 0x20000078   Data           4  chassis_control.o(.data)
    Ramp_Vy                                  0x2000007c   Data           4  chassis_control.o(.data)
    Ramp_Vx                                  0x20000080   Data           4  chassis_control.o(.data)
    Ramp_Vw                                  0x20000084   Data           4  chassis_control.o(.data)
    meika                                    0x20000088   Data           4  chassis_control.o(.data)
    last_roll                                0x2000008c   Data           4  chassis_control.o(.data)
    fl_error                                 0x20000090   Data           4  chassis_control.o(.data)
    speed                                    0x20000094   Data           8  chassis_control.o(.data)
    drv_tempcurrent                          0x2000009c   Data           8  chassis_control.o(.data)
    Wheel_PID                                0x200000a4   Data          16  chassis_control.o(.data)
    Ship_P_PID                               0x200000b4   Data          16  chassis_control.o(.data)
    Ship_I_PID                               0x200000c4   Data          16  chassis_control.o(.data)
    Follow_P_PID                             0x200000d4   Data          64  chassis_control.o(.data)
    Follow_I_PID                             0x20000114   Data          64  chassis_control.o(.data)
    LFWheel_PID                              0x20000154   Data          60  chassis_control.o(.data)
    RFWheel_PID                              0x20000190   Data          60  chassis_control.o(.data)
    LBWheel_PID                              0x200001cc   Data          60  chassis_control.o(.data)
    RBWheel_PID                              0x20000208   Data          60  chassis_control.o(.data)
    RF_Ship_P_PID                            0x20000244   Data          64  chassis_control.o(.data)
    LF_Ship_P_PID                            0x20000284   Data          64  chassis_control.o(.data)
    LB_Ship_P_PID                            0x200002c4   Data          64  chassis_control.o(.data)
    RB_Ship_P_PID                            0x20000304   Data          64  chassis_control.o(.data)
    RF_Ship_I_PID                            0x20000344   Data          64  chassis_control.o(.data)
    LF_Ship_I_PID                            0x20000384   Data          64  chassis_control.o(.data)
    LB_Ship_I_PID                            0x200003c4   Data          64  chassis_control.o(.data)
    RB_Ship_I_PID                            0x20000404   Data          64  chassis_control.o(.data)
    Power_Buffer                             0x20000444   Data           2  power_control.o(.data)
    powerBuffErr                             0x20000446   Data           2  power_control.o(.data)
    debug_powercoe                           0x20000448   Data           4  power_control.o(.data)
    SumCurrent_In                            0x2000044c   Data           4  power_control.o(.data)
    SumCurrent_Out                           0x20000450   Data           4  power_control.o(.data)
    DRV_CalcRatio                            0x20000454   Data           4  power_control.o(.data)
    robot_id                                 0x20000458   Data           4  control_vision.o(.data)
    VisionExportData                         0x2000045c   Data          36  control_vision.o(.data)
    Vision_SendBuf                           0x20000480   Data         144  control_vision.o(.data)
    Control_Vision_FUN                       0x20000510   Data          24  control_vision.o(.data)
    Robot                                    0x20000528   Data           3  robot_control.o(.data)
    Residual_Heat                            0x2000052c   Data           4  robot_control.o(.data)
    SupCap_Mix                               0x20000530   Data           4  robot_control.o(.data)
    Calibrate_Temperate                      0x20000534   Data           1  imu_compensate.o(.data)
    first_temperate                          0x20000535   Data           1  imu_compensate.o(.data)
    imuTempPid                               0x2000053c   Data          64  imu_compensate.o(.data)
    IMU_CompensateFUN                        0x2000057c   Data           8  imu_compensate.o(.data)
    Dev_Check                                0x20000584   Data           4  devicescheck.o(.data)
    InitShow_Flag                            0x20000588   Data           1  rmclient_ui.o(.data)
    Dispaly_Init                             0x2000058c   Data          36  rmclient_ui.o(.data)
    Display_Updata                           0x200005b0   Data          20  rmclient_ui.o(.data)
    DR16_Export_Data                         0x200005c4   Data          32  dr16_remote.o(.data)
    ControlSwitch                            0x200005e4   Data           2  dr16_remote.o(.data)
    M6020_Array                              0x200005e8   Data          20  m6020_motor.o(.data)
    DJI_IMUFUN                               0x200005fc   Data          16  dji_imu.o(.data)
    IMU_Init_Condition                       0x2000060c   Data           1  dji_imu.o(.data)
    id                                       0x20000610   Data           1  dji_imu.o(.data)
    ist_buff                                 0x20000611   Data           6  dji_imu.o(.data)
    DJI_C_IMUFUN                             0x20000694   Data          20  dev_cimu.o(.data)
    DJI_C_Euler_Receive                      0x200006a8   Data           8  dev_cimu.o(.data)
    DJI_C_Gyro_Receive                       0x200006b0   Data           8  dev_cimu.o(.data)
    JudgeSystem_FUN                          0x200006b8   Data          12  rm_judgesystem.o(.data)
    SenrtyMode_Flag                          0x200006c4   Data           1  rm_judgesystem.o(.data)
    DartMode_Flag                            0x200006c5   Data           1  rm_judgesystem.o(.data)
    Send_Color                               0x200006c6   Data           1  rm_judgesystem.o(.data)
    Status_Datalength                        0x200006c7   Data           1  rm_judgesystem.o(.data)
    star                                     0x200006c8   Data           1  rm_judgesystem.o(.data)
    ShootLV_Datalength                       0x200006c9   Data           1  rm_judgesystem.o(.data)
    Judge_Self_ID                            0x200006e0   Data           1  rm_judgesystem.o(.data)
    Color                                    0x200006e1   Data           1  rm_judgesystem.o(.data)
    CRC_INIT                                 0x200006e2   Data           2  rm_judgesystem.o(.data)
    DMA_Counter                              0x200006e4   Data           2  rm_judgesystem.o(.data)
    ext_game_result                          0x200006e6   Data           2  rm_judgesystem.o(.data)
    ext_dart_remaining_time                  0x200006e8   Data           2  rm_judgesystem.o(.data)
    Buff                                     0x200006ea   Data           2  rm_judgesystem.o(.data)
    ext_robot_hurt                           0x200006ec   Data           2  rm_judgesystem.o(.data)
    Judge_SelfClient_ID                      0x200006ee   Data           2  rm_judgesystem.o(.data)
    ext_referee_warning                      0x200006f0   Data           3  rm_judgesystem.o(.data)
    aerial_robot_energy                      0x200006f3   Data           3  rm_judgesystem.o(.data)
    ext_dart_status                          0x200006f6   Data           4  rm_judgesystem.o(.data)
    ext_even_data                            0x200006fa   Data           5  rm_judgesystem.o(.data)
    ext_supply_projectile_action             0x200006ff   Data           5  rm_judgesystem.o(.data)
    ext_rfid_status                          0x20000704   Data           5  rm_judgesystem.o(.data)
    RM_Judge                                 0x2000070a   Data           6  rm_judgesystem.o(.data)
    JudgeSystem                              0x20000710   Data           6  rm_judgesystem.o(.data)
    ext_bullet_remaining                     0x20000716   Data           7  rm_judgesystem.o(.data)
    ext_shoot_data                           0x2000071d   Data           8  rm_judgesystem.o(.data)
    SupCap_C_Flag                            0x20000728   Data           1  dev_supcap.o(.data)
    charge_flag                              0x20000729   Data           1  dev_supcap.o(.data)
    SupCap_Check                             0x2000072c   Data           8  dev_supcap.o(.data)
    PowerMeter_Rec                           0x20000734   Data           8  dev_power_meter.o(.data)
    uwTickFreq                               0x2000073c   Data           1  stm32f4xx_hal.o(.data)
    uwTickPrio                               0x20000740   Data           4  stm32f4xx_hal.o(.data)
    uwTick                                   0x20000744   Data           4  stm32f4xx_hal.o(.data)
    SystemCoreClock                          0x20000748   Data           4  system_stm32f4xx.o(.data)
    pxCurrentTCB                             0x2000074c   Data           4  tasks.o(.data)
    hadc1                                    0x20000a1c   Data          72  adc.o(.bss)
    hcan1                                    0x20000a64   Data          40  can.o(.bss)
    hcan2                                    0x20000a8c   Data          40  can.o(.bss)
    hspi5                                    0x20000ab4   Data          88  spi.o(.bss)
    htim2                                    0x20000b0c   Data          72  tim.o(.bss)
    htim3                                    0x20000b54   Data          72  tim.o(.bss)
    htim4                                    0x20000b9c   Data          72  tim.o(.bss)
    htim5                                    0x20000be4   Data          72  tim.o(.bss)
    htim12                                   0x20000c2c   Data          72  tim.o(.bss)
    huart7                                   0x20000c74   Data          68  usart.o(.bss)
    huart1                                   0x20000cb8   Data          68  usart.o(.bss)
    huart3                                   0x20000cfc   Data          68  usart.o(.bss)
    huart6                                   0x20000d40   Data          68  usart.o(.bss)
    hdma_uart7_rx                            0x20000d84   Data          96  usart.o(.bss)
    hdma_usart1_rx                           0x20000de4   Data          96  usart.o(.bss)
    hdma_usart3_rx                           0x20000e44   Data          96  usart.o(.bss)
    hdma_usart3_tx                           0x20000ea4   Data          96  usart.o(.bss)
    htim6                                    0x20000f04   Data          72  stm32f4xx_hal_timebase_tim.o(.bss)
    Kalman_CHASFollow_Speed                  0x20000f5c   Data          48  chassis_control.o(.bss)
    angle                                    0x20000f8c   Data          16  chassis_control.o(.bss)
    Vision_DataBuff                          0x20000f9c   Data          15  control_vision.o(.bss)
    VisionData                               0x20000fac   Data          88  control_vision.o(.bss)
    VisionSend_IMU                           0x20001004   Data          16  control_vision.o(.bss)
    mpu6500_Exportdata                       0x200010cc   Data          60  imu_compensate.o(.bss)
    Can_Data                                 0x20001120   Data         152  bsp_can.o(.bss)
    rc                                       0x200011b8   Data          14  dr16_remote.o(.bss)
    dbus_buf                                 0x200011c6   Data          18  dr16_remote.o(.bss)
    M3508s                                   0x200011d8   Data         480  m3508_motor.o(.bss)
    M6020s_Yaw                               0x200013b8   Data         160  m6020_motor.o(.bss)
    M6020s                                   0x20001458   Data         640  m6020_motor.o(.bss)
    mpu_buff                                 0x200016f0   Data          15  dji_imu.o(.bss)
    mpu_data                                 0x20001700   Data          32  dji_imu.o(.bss)
    DJI_C_IMU                                0x20001720   Data          44  dev_cimu.o(.bss)
    ext_game_status                          0x2000174c   Data          12  rm_judgesystem.o(.bss)
    ext_game_robot_HP                        0x20001758   Data          33  rm_judgesystem.o(.bss)
    ext_ICRA_buff_debuff_zone_status         0x20001779   Data          12  rm_judgesystem.o(.bss)
    ext_game_robot_state                     0x20001785   Data          28  rm_judgesystem.o(.bss)
    ext_power_heat_data                      0x200017a1   Data          17  rm_judgesystem.o(.bss)
    ext_game_robot_pos                       0x200017b2   Data          17  rm_judgesystem.o(.bss)
    ext_dart_client_cmd                      0x200017c3   Data          13  rm_judgesystem.o(.bss)
    CommuData                                0x200017d0   Data          35  rm_judgesystem.o(.bss)
    ShowData                                 0x200017f3   Data         120  rm_judgesystem.o(.bss)
    Ex_ShowData                              0x2000186b   Data          90  rm_judgesystem.o(.bss)
    DeleteClient                             0x200018c5   Data          17  rm_judgesystem.o(.bss)
    ShowshootLv                              0x200018d6   Data          60  rm_judgesystem.o(.bss)
    ShootLvInit                              0x20001912   Data          60  rm_judgesystem.o(.bss)
    Cap_Energyvalue                          0x2000194e   Data          60  rm_judgesystem.o(.bss)
    Cap_Energyshow                           0x2000198a   Data          60  rm_judgesystem.o(.bss)
    Uplift_Height                            0x200019c6   Data          60  rm_judgesystem.o(.bss)
    Uplift_HeightValue                       0x20001a02   Data          60  rm_judgesystem.o(.bss)
    Clip_Angle                               0x20001a3e   Data          60  rm_judgesystem.o(.bss)
    Clip_AngleValue                          0x20001a7a   Data          60  rm_judgesystem.o(.bss)
    SentryStatus_Data                        0x20001ab6   Data          60  rm_judgesystem.o(.bss)
    Sentry_Status                            0x20001af2   Data          60  rm_judgesystem.o(.bss)
    Sentry_CommuData                         0x20001b2e   Data          35  rm_judgesystem.o(.bss)
    DartStatus_Data                          0x20001b51   Data          60  rm_judgesystem.o(.bss)
    Dart_Status                              0x20001b8d   Data          60  rm_judgesystem.o(.bss)
    Dart_CommuData                           0x20001bc9   Data          35  rm_judgesystem.o(.bss)
    Car_Distance                             0x20001bec   Data          90  rm_judgesystem.o(.bss)
    Led_Meaning                              0x20001c46   Data          60  rm_judgesystem.o(.bss)
    Led_Yellow                               0x20001c82   Data          60  rm_judgesystem.o(.bss)
    Led_Green                                0x20001cbe   Data          60  rm_judgesystem.o(.bss)
    Led_Orange                               0x20001cfa   Data          60  rm_judgesystem.o(.bss)
    Led_Purple                               0x20001d36   Data          60  rm_judgesystem.o(.bss)
    Led_Pink                                 0x20001d72   Data          60  rm_judgesystem.o(.bss)
    MapCommunate                             0x20001dae   Data          23  rm_judgesystem.o(.bss)
    JudgeSystem_rxBuff                       0x20001dc5   Data         389  rm_judgesystem.o(.bss)
    Robot_Commute                            0x20001f4a   Data          26  rm_judgesystem.o(.bss)
    TeammateTxBuffer                         0x20001f64   Data          40  rm_judgesystem.o(.bss)
    DeleteBuffer                             0x20001f8c   Data          20  rm_judgesystem.o(.bss)
    CliendTxBuffer                           0x20001fa0   Data         120  rm_judgesystem.o(.bss)
    CrossHairBuffer                          0x20002018   Data          90  rm_judgesystem.o(.bss)
    ColorMeanBuffer                          0x20002072   Data         100  rm_judgesystem.o(.bss)
    YellowMeanBuffer                         0x200020d6   Data         100  rm_judgesystem.o(.bss)
    GreenMeanBuffer                          0x2000213a   Data         100  rm_judgesystem.o(.bss)
    OrangeMeanBuffer                         0x2000219e   Data         100  rm_judgesystem.o(.bss)
    PurpleMeanBuffer                         0x20002202   Data         100  rm_judgesystem.o(.bss)
    PinkMeanBuffer                           0x20002266   Data         100  rm_judgesystem.o(.bss)
    CliendShowBuffer                         0x200022ca   Data         100  rm_judgesystem.o(.bss)
    Cap_EnergyBuff                           0x2000232e   Data         100  rm_judgesystem.o(.bss)
    Uplift_HeightBuff                        0x20002392   Data         100  rm_judgesystem.o(.bss)
    Clip_AngleBuff                           0x200023f6   Data         100  rm_judgesystem.o(.bss)
    Car_DistanBuff                           0x2000245a   Data         150  rm_judgesystem.o(.bss)
    SentryBuff                               0x200024f0   Data         100  rm_judgesystem.o(.bss)
    DartBuff                                 0x20002554   Data         100  rm_judgesystem.o(.bss)
    Radar_ReceiveBuffer                      0x200025b8   Data          40  rm_judgesystem.o(.bss)
    SenrtyCommuBuff                          0x200025e0   Data          40  rm_judgesystem.o(.bss)
    DartCommuBuff                            0x20002608   Data          40  rm_judgesystem.o(.bss)
    Supcap_Rec                               0x20002630   Data          32  dev_supcap.o(.bss)
    Power_Meter                              0x20002650   Data          12  dev_power_meter.o(.bss)
    __initial_sp                             0x20006750   Data           0  startup_stm32f427xx.o(STACK)



==============================================================================

Memory Map of the image

  Image Entry point : 0x080001ad

  Load Region LR_IROM1 (Base: 0x08000000, Size: 0x0000dd5c, Max: 0x00200000, ABSOLUTE, COMPRESSED[0x0000d730])

    Execution Region ER_IROM1 (Exec base: 0x08000000, Load base: 0x08000000, Size: 0x0000d594, Max: 0x00200000, ABSOLUTE)

    Exec Addr    Load Addr    Size         Type   Attr      Idx    E Section Name        Object

    0x08000000   0x08000000   0x000001ac   Data   RO            3    RESET               startup_stm32f427xx.o
    0x080001ac   0x080001ac   0x00000000   Code   RO         9196  * .ARM.Collect$$$$00000000  mc_w.l(entry.o)
    0x080001ac   0x080001ac   0x00000004   Code   RO         9538    .ARM.Collect$$$$00000001  mc_w.l(entry2.o)
    0x080001b0   0x080001b0   0x00000004   Code   RO         9541    .ARM.Collect$$$$00000004  mc_w.l(entry5.o)
    0x080001b4   0x080001b4   0x00000000   Code   RO         9543    .ARM.Collect$$$$00000008  mc_w.l(entry7b.o)
    0x080001b4   0x080001b4   0x00000000   Code   RO         9545    .ARM.Collect$$$$0000000A  mc_w.l(entry8b.o)
    0x080001b4   0x080001b4   0x00000008   Code   RO         9546    .ARM.Collect$$$$0000000B  mc_w.l(entry9a.o)
    0x080001bc   0x080001bc   0x00000004   Code   RO         9553    .ARM.Collect$$$$0000000E  mc_w.l(entry12b.o)
    0x080001c0   0x080001c0   0x00000000   Code   RO         9548    .ARM.Collect$$$$0000000F  mc_w.l(entry10a.o)
    0x080001c0   0x080001c0   0x00000000   Code   RO         9550    .ARM.Collect$$$$00000011  mc_w.l(entry11a.o)
    0x080001c0   0x080001c0   0x00000004   Code   RO         9539    .ARM.Collect$$$$00002712  mc_w.l(entry2.o)
    0x080001c4   0x080001c4   0x000000be   Code   RO         8788    .emb_text           port.o
    0x08000282   0x08000282   0x00000002   PAD
    0x08000284   0x08000284   0x00000024   Code   RO            4    .text               startup_stm32f427xx.o
    0x080002a8   0x080002a8   0x00000062   Code   RO         9199    .text               mc_w.l(uldiv.o)
    0x0800030a   0x0800030a   0x00000024   Code   RO         9201    .text               mc_w.l(memcpya.o)
    0x0800032e   0x0800032e   0x00000024   Code   RO         9205    .text               mc_w.l(memseta.o)
    0x08000352   0x08000352   0x00000018   Code   RO         9207    .text               mc_w.l(strcat.o)
    0x0800036a   0x0800036a   0x00000012   Code   RO         9209    .text               mc_w.l(strcpy.o)
    0x0800037c   0x0800037c   0x0000014e   Code   RO         9474    .text               mf_w.l(dadd.o)
    0x080004ca   0x080004ca   0x000000e4   Code   RO         9476    .text               mf_w.l(dmul.o)
    0x080005ae   0x080005ae   0x00000026   Code   RO         9478    .text               mf_w.l(f2d.o)
    0x080005d4   0x080005d4   0x00000038   Code   RO         9480    .text               mf_w.l(d2f.o)
    0x0800060c   0x0800060c   0x0000002c   Code   RO         9555    .text               mc_w.l(uidiv.o)
    0x08000638   0x08000638   0x0000001e   Code   RO         9557    .text               mc_w.l(llshl.o)
    0x08000656   0x08000656   0x00000020   Code   RO         9559    .text               mc_w.l(llushr.o)
    0x08000676   0x08000676   0x00000024   Code   RO         9561    .text               mc_w.l(llsshr.o)
    0x0800069a   0x0800069a   0x00000000   Code   RO         9570    .text               mc_w.l(iusefp.o)
    0x0800069a   0x0800069a   0x0000006e   Code   RO         9571    .text               mf_w.l(fepilogue.o)
    0x08000708   0x08000708   0x000000ba   Code   RO         9573    .text               mf_w.l(depilogue.o)
    0x080007c2   0x080007c2   0x000000de   Code   RO         9575    .text               mf_w.l(ddiv.o)
    0x080008a0   0x080008a0   0x0000002e   Code   RO         9579    .text               mf_w.l(dscalb.o)
    0x080008ce   0x080008ce   0x000000a2   Code   RO         9581    .text               mf_w.l(dsqrt.o)
    0x08000970   0x08000970   0x00000022   Code   RO         9583    .text               mf_w.l(dflti.o)
    0x08000992   0x08000992   0x00000002   PAD
    0x08000994   0x08000994   0x00000030   Code   RO         9587    .text               mf_w.l(cdcmple.o)
    0x080009c4   0x080009c4   0x00000030   Code   RO         9589    .text               mf_w.l(cdrcmple.o)
    0x080009f4   0x080009f4   0x00000024   Code   RO         9591    .text               mc_w.l(init.o)
    0x08000a18   0x08000a18   0x00000056   Code   RO         9601    .text               mc_w.l(__dczerorl2.o)
    0x08000a6e   0x08000a6e   0x00000002   PAD
    0x08000a70   0x08000a70   0x000000a0   Code   RO         8953    .text.arm_cos_f32   arm_cortexM4lf_math.lib(arm_cos_f32.o)
    0x08000b10   0x08000b10   0x00000098   Code   RO         8963    .text.arm_sin_f32   arm_cortexM4lf_math.lib(arm_sin_f32.o)
    0x08000ba8   0x08000ba8   0x00000128   Code   RO         4153    i.ADC_Init          stm32f4xx_hal_adc.o
    0x08000cd0   0x08000cd0   0x00000004   Code   RO         2074    i.AHRS_asinf        ahrs_middleware.o
    0x08000cd4   0x08000cd4   0x00000004   Code   RO         2075    i.AHRS_atan2f       ahrs_middleware.o
    0x08000cd8   0x08000cd8   0x00000004   Code   RO         2076    i.AHRS_cosf         ahrs_middleware.o
    0x08000cdc   0x08000cdc   0x0000001a   Code   RO         8865    i.AHRS_fabs         AHRS.lib(ahrs.o)
    0x08000cf6   0x08000cf6   0x00000002   PAD
    0x08000cf8   0x08000cf8   0x00000014   Code   RO         2077    i.AHRS_get_height   ahrs_middleware.o
    0x08000d0c   0x08000d0c   0x00000014   Code   RO         2078    i.AHRS_get_latitude  ahrs_middleware.o
    0x08000d20   0x08000d20   0x0000029c   Code   RO         8866    i.AHRS_init         AHRS.lib(ahrs.o)
    0x08000fbc   0x08000fbc   0x0000002c   Code   RO         2079    i.AHRS_invSqrt      ahrs_middleware.o
    0x08000fe8   0x08000fe8   0x00000004   Code   RO         2080    i.AHRS_sinf         ahrs_middleware.o
    0x08000fec   0x08000fec   0x0000013a   Code   RO         8867    i.AHRS_update       AHRS.lib(ahrs.o)
    0x08001126   0x08001126   0x00000002   PAD
    0x08001128   0x08001128   0x000000c8   Code   RO          259    i.All_Init_Run      freertos.o
    0x080011f0   0x080011f0   0x00000058   Code   RO         1074    i.AngleLimit        chassis_control.o
    0x08001248   0x08001248   0x00000028   Code   RO         3022    i.Append_CRC16_Check_Sum  rm_judgesystem.o
    0x08001270   0x08001270   0x0000001c   Code   RO         3023    i.Append_CRC8_Check_Sum  rm_judgesystem.o
    0x0800128c   0x0800128c   0x00000002   Code   RO          848    i.BusFault_Handler  stm32f4xx_it.o
    0x0800128e   0x0800128e   0x00000002   PAD
    0x08001290   0x08001290   0x000000a0   Code   RO         3852    i.CAN1_REC          task_canmsg.o
    0x08001330   0x08001330   0x0000002c   Code   RO          849    i.CAN1_RX0_IRQHandler  stm32f4xx_it.o
    0x0800135c   0x0800135c   0x00000060   Code   RO         3853    i.CAN2_REC          task_canmsg.o
    0x080013bc   0x080013bc   0x0000002c   Code   RO          850    i.CAN2_RX0_IRQHandler  stm32f4xx_it.o
    0x080013e8   0x080013e8   0x0000003c   Code   RO         2392    i.CAN_1_Filter_Config  bsp_can.o
    0x08001424   0x08001424   0x0000003c   Code   RO         2393    i.CAN_2_Filter_Config  bsp_can.o
    0x08001460   0x08001460   0x0000005c   Code   RO         2394    i.CAN_RxMessage_Export_Date  bsp_can.o
    0x080014bc   0x080014bc   0x00000012   Code   RO         2925    i.CIMU_Reset        dev_cimu.o
    0x080014ce   0x080014ce   0x00000088   Code   RO         1995    i.CLOUD_Incremental_PID  pid.o
    0x08001556   0x08001556   0x00000082   Code   RO         1996    i.CLOUD_Position_PID  pid.o
    0x080015d8   0x080015d8   0x0000000e   Code   RO         3026    i.CapEnergy_Show    rm_judgesystem.o
    0x080015e6   0x080015e6   0x00000002   PAD
    0x080015e8   0x080015e8   0x0000010c   Code   RO         3027    i.Cap_Energy        rm_judgesystem.o
    0x080016f4   0x080016f4   0x0000010c   Code   RO         3028    i.Cap_EnergyUpdata  rm_judgesystem.o
    0x08001800   0x08001800   0x00000110   Code   RO         3029    i.Capacitance_Value  rm_judgesystem.o
    0x08001910   0x08001910   0x0000027c   Code   RO         3030    i.Car_DistanceFrame  rm_judgesystem.o
    0x08001b8c   0x08001b8c   0x00000018   Code   RO         1630    i.Chassis_Follow_control  robot_control.o
    0x08001ba4   0x08001ba4   0x00000044   Code   RO         1075    i.Chassis_Init      chassis_control.o
    0x08001be8   0x08001be8   0x00000004   Code   RO         1076    i.Chassis_processing  chassis_control.o
    0x08001bec   0x08001bec   0x00000024   Code   RO         2926    i.Check_DJI_C_IMU   dev_cimu.o
    0x08001c10   0x08001c10   0x00000018   Code   RO         2563    i.Check_DR16        dr16_remote.o
    0x08001c28   0x08001c28   0x00000018   Code   RO         3031    i.Check_Judge       rm_judgesystem.o
    0x08001c40   0x08001c40   0x0000002c   Code   RO         3807    i.Check_Power_Meter  dev_power_meter.o
    0x08001c6c   0x08001c6c   0x0000002c   Code   RO         3701    i.Check_SupCap      dev_supcap.o
    0x08001c98   0x08001c98   0x00000024   Code   RO         1361    i.Check_Vision      control_vision.o
    0x08001cbc   0x08001cbc   0x00000020   Code   RO         2154    i.Checksum_CRC8     crc.o
    0x08001cdc   0x08001cdc   0x00000020   Code   RO         1077    i.Cloud_getYawAngleWithCenter  chassis_control.o
    0x08001cfc   0x08001cfc   0x0000002c   Code   RO         1079    i.ComputeMinOffset  chassis_control.o
    0x08001d28   0x08001d28   0x00000058   Code   RO         4053    i.DEV_Check         task_check.o
    0x08001d80   0x08001d80   0x0000002c   Code   RO         2927    i.DJI_C_Euler_getInfo  dev_cimu.o
    0x08001dac   0x08001dac   0x00000028   Code   RO         2928    i.DJI_C_Gyro_getInfo  dev_cimu.o
    0x08001dd4   0x08001dd4   0x00000004   Code   RO         2794    i.DJI_IMU_Init      dji_imu.o
    0x08001dd8   0x08001dd8   0x0000000c   Code   RO          851    i.DMA1_Stream1_IRQHandler  stm32f4xx_it.o
    0x08001de4   0x08001de4   0x0000000c   Code   RO          852    i.DMA1_Stream3_IRQHandler  stm32f4xx_it.o
    0x08001df0   0x08001df0   0x0000000c   Code   RO          853    i.DMA1_Stream4_IRQHandler  stm32f4xx_it.o
    0x08001dfc   0x08001dfc   0x0000000c   Code   RO          854    i.DMA2_Stream2_IRQHandler  stm32f4xx_it.o
    0x08001e08   0x08001e08   0x00000028   Code   RO         4941    i.DMA_CalcBaseAndBitshift  stm32f4xx_hal_dma.o
    0x08001e30   0x08001e30   0x00000054   Code   RO         4942    i.DMA_CheckFifoParam  stm32f4xx_hal_dma.o
    0x08001e84   0x08001e84   0x00000028   Code   RO         4943    i.DMA_SetConfig     stm32f4xx_hal_dma.o
    0x08001eac   0x08001eac   0x00000030   Code   RO         2564    i.DR16_CAN2_REC     dr16_remote.o
    0x08001edc   0x08001edc   0x0000002c   Code   RO         2565    i.DR16_ROLL_REC     dr16_remote.o
    0x08001f08   0x08001f08   0x00000002   Code   RO          855    i.DebugMon_Handler  stm32f4xx_it.o
    0x08001f0a   0x08001f0a   0x00000002   Code   RO           13    i.Error_Handler     main.o
    0x08001f0c   0x08001f0c   0x00000278   Code   RO         3043    i.Ex_CrossHair      rm_judgesystem.o
    0x08002184   0x08002184   0x00000016   Code   RO         2301    i.Filter_IIRLPF     user_filter.o
    0x0800219a   0x0800219a   0x00000002   PAD
    0x0800219c   0x0800219c   0x0000000c   Code   RO         1362    i.GetVisionDiscMode  control_vision.o
    0x080021a8   0x080021a8   0x0000002c   Code   RO         3044    i.Get_CRC16_Check_Sum  rm_judgesystem.o
    0x080021d4   0x080021d4   0x0000001c   Code   RO         3045    i.Get_CRC8_Check_Sum  rm_judgesystem.o
    0x080021f0   0x080021f0   0x00000004   Code   RO         3047    i.Green_ShowOn      rm_judgesystem.o
    0x080021f4   0x080021f4   0x00000164   Code   RO         4155    i.HAL_ADC_ConfigChannel  stm32f4xx_hal_adc.o
    0x08002358   0x08002358   0x00000054   Code   RO         4164    i.HAL_ADC_Init      stm32f4xx_hal_adc.o
    0x080023ac   0x080023ac   0x00000028   Code   RO          550    i.HAL_ADC_MspInit   adc.o
    0x080023d4   0x080023d4   0x00000024   Code   RO         5645    i.HAL_CAN_ActivateNotification  stm32f4xx_hal_can.o
    0x080023f8   0x080023f8   0x000000dc   Code   RO         5646    i.HAL_CAN_AddTxMessage  stm32f4xx_hal_can.o
    0x080024d4   0x080024d4   0x0000010c   Code   RO         5647    i.HAL_CAN_ConfigFilter  stm32f4xx_hal_can.o
    0x080025e0   0x080025e0   0x00000002   Code   RO         5650    i.HAL_CAN_ErrorCallback  stm32f4xx_hal_can.o
    0x080025e2   0x080025e2   0x000000e8   Code   RO         5653    i.HAL_CAN_GetRxMessage  stm32f4xx_hal_can.o
    0x080026ca   0x080026ca   0x000001fc   Code   RO         5657    i.HAL_CAN_IRQHandler  stm32f4xx_hal_can.o
    0x080028c6   0x080028c6   0x0000011a   Code   RO         5658    i.HAL_CAN_Init      stm32f4xx_hal_can.o
    0x080029e0   0x080029e0   0x000000fc   Code   RO          592    i.HAL_CAN_MspInit   can.o
    0x08002adc   0x08002adc   0x00000002   Code   RO         5665    i.HAL_CAN_RxFifo0FullCallback  stm32f4xx_hal_can.o
    0x08002ade   0x08002ade   0x00000002   Code   RO         5666    i.HAL_CAN_RxFifo0MsgPendingCallback  stm32f4xx_hal_can.o
    0x08002ae0   0x08002ae0   0x00000002   Code   RO         5667    i.HAL_CAN_RxFifo1FullCallback  stm32f4xx_hal_can.o
    0x08002ae2   0x08002ae2   0x00000002   Code   RO         5668    i.HAL_CAN_RxFifo1MsgPendingCallback  stm32f4xx_hal_can.o
    0x08002ae4   0x08002ae4   0x00000002   Code   RO         5669    i.HAL_CAN_SleepCallback  stm32f4xx_hal_can.o
    0x08002ae6   0x08002ae6   0x00000002   PAD
    0x08002ae8   0x08002ae8   0x00000058   Code   RO         5670    i.HAL_CAN_Start     stm32f4xx_hal_can.o
    0x08002b40   0x08002b40   0x00000002   Code   RO         5672    i.HAL_CAN_TxMailbox0AbortCallback  stm32f4xx_hal_can.o
    0x08002b42   0x08002b42   0x00000002   Code   RO         5673    i.HAL_CAN_TxMailbox0CompleteCallback  stm32f4xx_hal_can.o
    0x08002b44   0x08002b44   0x00000002   Code   RO         5674    i.HAL_CAN_TxMailbox1AbortCallback  stm32f4xx_hal_can.o
    0x08002b46   0x08002b46   0x00000002   Code   RO         5675    i.HAL_CAN_TxMailbox1CompleteCallback  stm32f4xx_hal_can.o
    0x08002b48   0x08002b48   0x00000002   Code   RO         5676    i.HAL_CAN_TxMailbox2AbortCallback  stm32f4xx_hal_can.o
    0x08002b4a   0x08002b4a   0x00000002   Code   RO         5677    i.HAL_CAN_TxMailbox2CompleteCallback  stm32f4xx_hal_can.o
    0x08002b4c   0x08002b4c   0x00000002   Code   RO         5679    i.HAL_CAN_WakeUpFromRxMsgCallback  stm32f4xx_hal_can.o
    0x08002b4e   0x08002b4e   0x00000092   Code   RO         4944    i.HAL_DMA_Abort     stm32f4xx_hal_dma.o
    0x08002be0   0x08002be0   0x00000024   Code   RO         4945    i.HAL_DMA_Abort_IT  stm32f4xx_hal_dma.o
    0x08002c04   0x08002c04   0x000001a0   Code   RO         4949    i.HAL_DMA_IRQHandler  stm32f4xx_hal_dma.o
    0x08002da4   0x08002da4   0x000000d4   Code   RO         4950    i.HAL_DMA_Init      stm32f4xx_hal_dma.o
    0x08002e78   0x08002e78   0x00000046   Code   RO         4953    i.HAL_DMA_Start     stm32f4xx_hal_dma.o
    0x08002ebe   0x08002ebe   0x00000002   PAD
    0x08002ec0   0x08002ec0   0x00000024   Code   RO         5381    i.HAL_Delay         stm32f4xx_hal.o
    0x08002ee4   0x08002ee4   0x00000234   Code   RO         4837    i.HAL_GPIO_Init     stm32f4xx_hal_gpio.o
    0x08003118   0x08003118   0x0000000a   Code   RO         4841    i.HAL_GPIO_WritePin  stm32f4xx_hal_gpio.o
    0x08003122   0x08003122   0x00000002   PAD
    0x08003124   0x08003124   0x0000000c   Code   RO         5389    i.HAL_GetTick       stm32f4xx_hal.o
    0x08003130   0x08003130   0x00000010   Code   RO         5395    i.HAL_IncTick       stm32f4xx_hal.o
    0x08003140   0x08003140   0x00000034   Code   RO         5396    i.HAL_Init          stm32f4xx_hal.o
    0x08003174   0x08003174   0x00000098   Code   RO         1035    i.HAL_InitTick      stm32f4xx_hal_timebase_tim.o
    0x0800320c   0x0800320c   0x00000038   Code   RO         1011    i.HAL_MspInit       stm32f4xx_hal_msp.o
    0x08003244   0x08003244   0x0000001a   Code   RO         5244    i.HAL_NVIC_EnableIRQ  stm32f4xx_hal_cortex.o
    0x0800325e   0x0800325e   0x00000002   PAD
    0x08003260   0x08003260   0x00000040   Code   RO         5250    i.HAL_NVIC_SetPriority  stm32f4xx_hal_cortex.o
    0x080032a0   0x080032a0   0x00000024   Code   RO         5251    i.HAL_NVIC_SetPriorityGrouping  stm32f4xx_hal_cortex.o
    0x080032c4   0x080032c4   0x00000134   Code   RO         4431    i.HAL_RCC_ClockConfig  stm32f4xx_hal_rcc.o
    0x080033f8   0x080033f8   0x00000040   Code   RO         4435    i.HAL_RCC_GetClockConfig  stm32f4xx_hal_rcc.o
    0x08003438   0x08003438   0x00000020   Code   RO         4438    i.HAL_RCC_GetPCLK1Freq  stm32f4xx_hal_rcc.o
    0x08003458   0x08003458   0x00000020   Code   RO         4439    i.HAL_RCC_GetPCLK2Freq  stm32f4xx_hal_rcc.o
    0x08003478   0x08003478   0x00000064   Code   RO         4440    i.HAL_RCC_GetSysClockFreq  stm32f4xx_hal_rcc.o
    0x080034dc   0x080034dc   0x0000036c   Code   RO         4443    i.HAL_RCC_OscConfig  stm32f4xx_hal_rcc.o
    0x08003848   0x08003848   0x000000bc   Code   RO         5889    i.HAL_SPI_Init      stm32f4xx_hal_spi.o
    0x08003904   0x08003904   0x0000006c   Code   RO          665    i.HAL_SPI_MspInit   spi.o
    0x08003970   0x08003970   0x000001e2   Code   RO         5898    i.HAL_SPI_TransmitReceive  stm32f4xx_hal_spi.o
    0x08003b52   0x08003b52   0x00000002   Code   RO         6906    i.HAL_TIMEx_BreakCallback  stm32f4xx_hal_tim_ex.o
    0x08003b54   0x08003b54   0x00000002   Code   RO         6907    i.HAL_TIMEx_CommutCallback  stm32f4xx_hal_tim_ex.o
    0x08003b56   0x08003b56   0x00000002   PAD
    0x08003b58   0x08003b58   0x00000090   Code   RO         6925    i.HAL_TIMEx_MasterConfigSynchronization  stm32f4xx_hal_tim_ex.o
    0x08003be8   0x08003be8   0x0000005a   Code   RO         6202    i.HAL_TIM_Base_Init  stm32f4xx_hal_tim.o
    0x08003c42   0x08003c42   0x00000002   PAD
    0x08003c44   0x08003c44   0x000000ac   Code   RO          707    i.HAL_TIM_Base_MspInit  tim.o
    0x08003cf0   0x08003cf0   0x00000080   Code   RO         6207    i.HAL_TIM_Base_Start_IT  stm32f4xx_hal_tim.o
    0x08003d70   0x08003d70   0x000000dc   Code   RO         6211    i.HAL_TIM_ConfigClockSource  stm32f4xx_hal_tim.o
    0x08003e4c   0x08003e4c   0x00000002   Code   RO         6236    i.HAL_TIM_IC_CaptureCallback  stm32f4xx_hal_tim.o
    0x08003e4e   0x08003e4e   0x00000166   Code   RO         6250    i.HAL_TIM_IRQHandler  stm32f4xx_hal_tim.o
    0x08003fb4   0x08003fb4   0x000000ac   Code   RO          708    i.HAL_TIM_MspPostInit  tim.o
    0x08004060   0x08004060   0x00000002   Code   RO         6253    i.HAL_TIM_OC_DelayElapsedCallback  stm32f4xx_hal_tim.o
    0x08004062   0x08004062   0x000000cc   Code   RO         6274    i.HAL_TIM_PWM_ConfigChannel  stm32f4xx_hal_tim.o
    0x0800412e   0x0800412e   0x0000005a   Code   RO         6277    i.HAL_TIM_PWM_Init  stm32f4xx_hal_tim.o
    0x08004188   0x08004188   0x00000002   Code   RO         6279    i.HAL_TIM_PWM_MspInit  stm32f4xx_hal_tim.o
    0x0800418a   0x0800418a   0x00000002   Code   RO         6280    i.HAL_TIM_PWM_PulseFinishedCallback  stm32f4xx_hal_tim.o
    0x0800418c   0x0800418c   0x000000c8   Code   RO         6282    i.HAL_TIM_PWM_Start  stm32f4xx_hal_tim.o
    0x08004254   0x08004254   0x00000014   Code   RO           14    i.HAL_TIM_PeriodElapsedCallback  main.o
    0x08004268   0x08004268   0x00000002   Code   RO         6293    i.HAL_TIM_TriggerCallback  stm32f4xx_hal_tim.o
    0x0800426a   0x0800426a   0x00000002   Code   RO         7184    i.HAL_UARTEx_RxEventCallback  stm32f4xx_hal_uart.o
    0x0800426c   0x0800426c   0x00000002   Code   RO         7198    i.HAL_UART_ErrorCallback  stm32f4xx_hal_uart.o
    0x0800426e   0x0800426e   0x00000002   PAD
    0x08004270   0x08004270   0x00000268   Code   RO         7201    i.HAL_UART_IRQHandler  stm32f4xx_hal_uart.o
    0x080044d8   0x080044d8   0x00000062   Code   RO         7202    i.HAL_UART_Init     stm32f4xx_hal_uart.o
    0x0800453a   0x0800453a   0x00000002   PAD
    0x0800453c   0x0800453c   0x00000288   Code   RO          779    i.HAL_UART_MspInit  usart.o
    0x080047c4   0x080047c4   0x00000002   Code   RO         7208    i.HAL_UART_RxCpltCallback  stm32f4xx_hal_uart.o
    0x080047c6   0x080047c6   0x00000002   PAD
    0x080047c8   0x080047c8   0x000000b2   Code   RO         7210    i.HAL_UART_Transmit  stm32f4xx_hal_uart.o
    0x0800487a   0x0800487a   0x00000002   Code   RO         7213    i.HAL_UART_TxCpltCallback  stm32f4xx_hal_uart.o
    0x0800487c   0x0800487c   0x00000002   Code   RO          856    i.HardFault_Handler  stm32f4xx_it.o
    0x0800487e   0x0800487e   0x00000008   Code   RO         3997    i.Host_Run          task_host.o
    0x08004886   0x08004886   0x00000002   PAD
    0x08004888   0x08004888   0x000000dc   Code   RO         2795    i.IMU_Cali_Slove    dji_imu.o
    0x08004964   0x08004964   0x00000020   Code   RO         1699    i.IMU_GetData_Compensate  imu_compensate.o
    0x08004984   0x08004984   0x00000034   Code   RO         3909    i.IMU_Receive_Run   task_imumsg.o
    0x080049b8   0x080049b8   0x00000170   Code   RO         2796    i.IMU_data_read_over  dji_imu.o
    0x08004b28   0x08004b28   0x00000080   Code   RO         1700    i.IMU_temp_Control  imu_compensate.o
    0x08004ba8   0x08004ba8   0x00000054   Code   RO         3048    i.JudgeSystem_Handler  rm_judgesystem.o
    0x08004bfc   0x08004bfc   0x00000050   Code   RO         3049    i.JudgeSystem_USART_Receive_DMA  rm_judgesystem.o
    0x08004c4c   0x08004c4c   0x00000350   Code   RO         3050    i.Judge_GetMessage  rm_judgesystem.o
    0x08004f9c   0x08004f9c   0x00000030   Code   RO         2246    i.KalmanCreate      kalman_filter.o
    0x08004fcc   0x08004fcc   0x00000120   Code   RO         3058    i.LEDGreen_Mean     rm_judgesystem.o
    0x080050ec   0x080050ec   0x00000124   Code   RO         3061    i.LEDOrange_Mean    rm_judgesystem.o
    0x08005210   0x08005210   0x00000108   Code   RO         3063    i.LEDOrange_MeanUpdate  rm_judgesystem.o
    0x08005318   0x08005318   0x00000120   Code   RO         3064    i.LEDPink_Mean      rm_judgesystem.o
    0x08005438   0x08005438   0x000000f8   Code   RO         3066    i.LEDPink_MeanUpdate  rm_judgesystem.o
    0x08005530   0x08005530   0x00000124   Code   RO         3067    i.LEDPurple_Mean    rm_judgesystem.o
    0x08005654   0x08005654   0x0000011c   Code   RO         3072    i.LEDYellow_Mean    rm_judgesystem.o
    0x08005770   0x08005770   0x00000108   Code   RO         3074    i.LEDYellow_MeanUpdate  rm_judgesystem.o
    0x08005878   0x08005878   0x000000ac   Code   RO         1305    i.Limit             power_control.o
    0x08005924   0x08005924   0x0000004c   Code   RO         1306    i.Limit_Calc        power_control.o
    0x08005970   0x08005970   0x0000003c   Code   RO         2722    i.M3508_getInfo     m3508_motor.o
    0x080059ac   0x080059ac   0x000000d4   Code   RO         2756    i.M6020_getInfo     m6020_motor.o
    0x08005a80   0x08005a80   0x00000068   Code   RO          551    i.MX_ADC1_Init      adc.o
    0x08005ae8   0x08005ae8   0x00000044   Code   RO          593    i.MX_CAN1_Init      can.o
    0x08005b2c   0x08005b2c   0x00000044   Code   RO          594    i.MX_CAN2_Init      can.o
    0x08005b70   0x08005b70   0x0000006c   Code   RO          640    i.MX_DMA_Init       dma.o
    0x08005bdc   0x08005bdc   0x000000d8   Code   RO          260    i.MX_FREERTOS_Init  freertos.o
    0x08005cb4   0x08005cb4   0x000000ac   Code   RO          235    i.MX_GPIO_Init      gpio.o
    0x08005d60   0x08005d60   0x00000048   Code   RO          666    i.MX_SPI5_Init      spi.o
    0x08005da8   0x08005da8   0x00000088   Code   RO          709    i.MX_TIM12_Init     tim.o
    0x08005e30   0x08005e30   0x00000068   Code   RO          710    i.MX_TIM2_Init      tim.o
    0x08005e98   0x08005e98   0x00000098   Code   RO          711    i.MX_TIM3_Init      tim.o
    0x08005f30   0x08005f30   0x00000068   Code   RO          712    i.MX_TIM4_Init      tim.o
    0x08005f98   0x08005f98   0x000000c4   Code   RO          713    i.MX_TIM5_Init      tim.o
    0x0800605c   0x0800605c   0x00000038   Code   RO          780    i.MX_UART7_Init     usart.o
    0x08006094   0x08006094   0x0000003c   Code   RO          781    i.MX_USART1_UART_Init  usart.o
    0x080060d0   0x080060d0   0x00000038   Code   RO          782    i.MX_USART3_UART_Init  usart.o
    0x08006108   0x08006108   0x00000038   Code   RO          783    i.MX_USART6_UART_Init  usart.o
    0x08006140   0x08006140   0x00000002   Code   RO          857    i.MemManage_Handler  stm32f4xx_it.o
    0x08006142   0x08006142   0x00000002   PAD
    0x08006144   0x08006144   0x00000058   Code   RO         2329    i.Motor_0x1FF_SendData  monitor_rm_can.o
    0x0800619c   0x0800619c   0x00000054   Code   RO         2331    i.Motor_0x200_SendData  monitor_rm_can.o
    0x080061f0   0x080061f0   0x00000002   Code   RO          858    i.NMI_Handler       stm32f4xx_it.o
    0x080061f2   0x080061f2   0x00000002   PAD
    0x080061f4   0x080061f4   0x00000010   Code   RO         1788    i.Offline_Check     devicescheck.o
    0x08006204   0x08006204   0x000000b0   Code   RO         1083    i.Omnidirectional_Formula  chassis_control.o
    0x080062b4   0x080062b4   0x00000004   Code   RO         3076    i.Orange_ShowOn     rm_judgesystem.o
    0x080062b8   0x080062b8   0x00000004   Code   RO         3078    i.Pink_ShowOn       rm_judgesystem.o
    0x080062bc   0x080062bc   0x00000048   Code   RO         3808    i.PowerMeter_Update  dev_power_meter.o
    0x08006304   0x08006304   0x0000001c   Code   RO         1701    i.Preserve_temp     imu_compensate.o
    0x08006320   0x08006320   0x00000004   Code   RO         3080    i.Purple_ShowOn     rm_judgesystem.o
    0x08006324   0x08006324   0x00000016   Code   RO         4103    i.RMClientUI_Send   task_rmclientui.o
    0x0800633a   0x0800633a   0x00000002   PAD
    0x0800633c   0x0800633c   0x00000100   Code   RO         1084    i.RUDTargetAngle_Calc  chassis_control.o
    0x0800643c   0x0800643c   0x00000088   Code   RO         1085    i.RUDTotalAngle_Calc  chassis_control.o
    0x080064c4   0x080064c4   0x0000006c   Code   RO         2566    i.RemoteControl_Output  dr16_remote.o
    0x08006530   0x08006530   0x0000000e   Code   RO         1573    i.RemoteControl_Update  status_update.o
    0x0800653e   0x0800653e   0x00000002   PAD
    0x08006540   0x08006540   0x00000014   Code   RO         1574    i.RemoteMode_Update  status_update.o
    0x08006554   0x08006554   0x00000054   Code   RO         2332    i.Robomaster_0x088_Can1_SendData  monitor_rm_can.o
    0x080065a8   0x080065a8   0x00000024   Code   RO         2333    i.Robomaster_SupCap_Can1_SendData  monitor_rm_can.o
    0x080065cc   0x080065cc   0x0000001a   Code   RO         3955    i.RobotControl      task_robotcontrol.o
    0x080065e6   0x080065e6   0x00000002   PAD
    0x080065e8   0x080065e8   0x00000010   Code   RO         1632    i.Robot_Disable     robot_control.o
    0x080065f8   0x080065f8   0x00000024   Code   RO         1086    i.Robot_Init        chassis_control.o
    0x0800661c   0x0800661c   0x00000070   Code   RO         1633    i.Robot_control     robot_control.o
    0x0800668c   0x0800668c   0x00000058   Code   RO         5927    i.SPI_EndRxTxTransaction  stm32f4xx_hal_spi.o
    0x080066e4   0x080066e4   0x000000b8   Code   RO         5932    i.SPI_WaitFlagStateUntilTimeout  stm32f4xx_hal_spi.o
    0x0800679c   0x0800679c   0x0000003c   Code   RO         1087    i.Set_MaxSpeed      chassis_control.o
    0x080067d8   0x080067d8   0x00000024   Code   RO         1088    i.Set_RudMaxOut     chassis_control.o
    0x080067fc   0x080067fc   0x0000041c   Code   RO         1089    i.Ship_ChassisWorkMode_Follow  chassis_control.o
    0x08006c18   0x08006c18   0x000006dc   Code   RO         1090    i.Ship_calc         chassis_control.o
    0x080072f4   0x080072f4   0x000000f8   Code   RO         3107    i.ShootLv_Init      rm_judgesystem.o
    0x080073ec   0x080073ec   0x000000f8   Code   RO         3108    i.ShootLv_Updata    rm_judgesystem.o
    0x080074e4   0x080074e4   0x0000000e   Code   RO         3109    i.ShootLv_show      rm_judgesystem.o
    0x080074f2   0x080074f2   0x0000000e   Code   RO         3110    i.Show_CrossHair    rm_judgesystem.o
    0x08007500   0x08007500   0x00000108   Code   RO         3111    i.Show_ShootLevel   rm_judgesystem.o
    0x08007608   0x08007608   0x0000028c   Code   RO         3112    i.Standard_CrossHair  rm_judgesystem.o
    0x08007894   0x08007894   0x0000000c   Code   RO         3702    i.SupCap_ChargeControl  dev_supcap.o
    0x080078a0   0x080078a0   0x00000014   Code   RO         3704    i.SupCap_Control    dev_supcap.o
    0x080078b4   0x080078b4   0x00000010   Code   RO         3707    i.SupCap_Is_Output  dev_supcap.o
    0x080078c4   0x080078c4   0x00000010   Code   RO         3708    i.SupCap_Main_Switch  dev_supcap.o
    0x080078d4   0x080078d4   0x00000134   Code   RO         3709    i.SupCap_Process    dev_supcap.o
    0x08007a08   0x08007a08   0x00000018   Code   RO         3710    i.SupCap_Send_Msg   dev_supcap.o
    0x08007a20   0x08007a20   0x00000030   Code   RO         3712    i.SupCap_Update     dev_supcap.o
    0x08007a50   0x08007a50   0x0000002c   Code   RO         8789    i.SysTick_Handler   port.o
    0x08007a7c   0x08007a7c   0x00000084   Code   RO           15    i.SystemClock_Config  main.o
    0x08007b00   0x08007b00   0x0000001c   Code   RO         7531    i.SystemInit        system_stm32f4xx.o
    0x08007b1c   0x08007b1c   0x0000000c   Code   RO          859    i.TIM2_IRQHandler   stm32f4xx_it.o
    0x08007b28   0x08007b28   0x0000000c   Code   RO          860    i.TIM4_IRQHandler   stm32f4xx_it.o
    0x08007b34   0x08007b34   0x0000000c   Code   RO          861    i.TIM6_DAC_IRQHandler  stm32f4xx_it.o
    0x08007b40   0x08007b40   0x000000c8   Code   RO         6295    i.TIM_Base_SetConfig  stm32f4xx_hal_tim.o
    0x08007c08   0x08007c08   0x0000001a   Code   RO         6296    i.TIM_CCxChannelCmd  stm32f4xx_hal_tim.o
    0x08007c22   0x08007c22   0x00000014   Code   RO         6306    i.TIM_ETR_SetConfig  stm32f4xx_hal_tim.o
    0x08007c36   0x08007c36   0x00000010   Code   RO         6307    i.TIM_ITRx_SetConfig  stm32f4xx_hal_tim.o
    0x08007c46   0x08007c46   0x00000002   PAD
    0x08007c48   0x08007c48   0x00000060   Code   RO         6308    i.TIM_OC1_SetConfig  stm32f4xx_hal_tim.o
    0x08007ca8   0x08007ca8   0x0000006c   Code   RO         6309    i.TIM_OC2_SetConfig  stm32f4xx_hal_tim.o
    0x08007d14   0x08007d14   0x00000068   Code   RO         6310    i.TIM_OC3_SetConfig  stm32f4xx_hal_tim.o
    0x08007d7c   0x08007d7c   0x00000050   Code   RO         6311    i.TIM_OC4_SetConfig  stm32f4xx_hal_tim.o
    0x08007dcc   0x08007dcc   0x00000022   Code   RO         6313    i.TIM_TI1_ConfigInputStage  stm32f4xx_hal_tim.o
    0x08007dee   0x08007dee   0x00000024   Code   RO         6315    i.TIM_TI2_ConfigInputStage  stm32f4xx_hal_tim.o
    0x08007e12   0x08007e12   0x00000002   PAD
    0x08007e14   0x08007e14   0x00000034   Code   RO          862    i.UART7_IRQHandler  stm32f4xx_it.o
    0x08007e48   0x08007e48   0x00000010   Code   RO         7215    i.UART_DMAAbortOnError  stm32f4xx_hal_uart.o
    0x08007e58   0x08007e58   0x0000004e   Code   RO         7225    i.UART_EndRxTransfer  stm32f4xx_hal_uart.o
    0x08007ea6   0x08007ea6   0x000000c0   Code   RO         7227    i.UART_Receive_IT   stm32f4xx_hal_uart.o
    0x08007f66   0x08007f66   0x00000002   PAD
    0x08007f68   0x08007f68   0x0000010c   Code   RO         7228    i.UART_SetConfig    stm32f4xx_hal_uart.o
    0x08008074   0x08008074   0x00000078   Code   RO         7231    i.UART_WaitOnFlagUntilTimeout  stm32f4xx_hal_uart.o
    0x080080ec   0x080080ec   0x00000018   Code   RO          863    i.USART1_IRQHandler  stm32f4xx_it.o
    0x08008104   0x08008104   0x00000034   Code   RO          864    i.USART3_IRQHandler  stm32f4xx_it.o
    0x08008138   0x08008138   0x000000e4   Code   RO         2929    i.Updata_Hand_Euler_Gyro_Data  dev_cimu.o
    0x0800821c   0x0800821c   0x000002b0   Code   RO         1702    i.Update_IMU_Data   imu_compensate.o
    0x080084cc   0x080084cc   0x00000002   Code   RO          865    i.UsageFault_Handler  stm32f4xx_it.o
    0x080084ce   0x080084ce   0x00000002   PAD
    0x080084d0   0x080084d0   0x00000044   Code   RO         1945    i.UserDefined_UI    rmclient_ui.o
    0x08008514   0x08008514   0x0000003c   Code   RO         3118    i.Verify_CRC16_Check_Sum  rm_judgesystem.o
    0x08008550   0x08008550   0x000000e4   Code   RO         1363    i.Vision_DataReceive  control_vision.o
    0x08008634   0x08008634   0x00000038   Code   RO         1364    i.Vision_Handler    control_vision.o
    0x0800866c   0x0800866c   0x0000004c   Code   RO         1367    i.Vision_Init       control_vision.o
    0x080086b8   0x080086b8   0x0000004c   Code   RO         1368    i.Vision_USART_Receive_DMA  control_vision.o
    0x08008704   0x08008704   0x00000060   Code   RO         1371    i.Vision_processing  control_vision.o
    0x08008764   0x08008764   0x000004c8   Code   RO         1092    i.Wheel_calc        chassis_control.o
    0x08008c2c   0x08008c2c   0x00000004   Code   RO         3123    i.Yellow_ShowOn     rm_judgesystem.o
    0x08008c30   0x08008c30   0x00000028   Code   RO         9260    i.__0sprintf$1      mc_w.l(printf1.o)
    0x08008c58   0x08008c58   0x00000030   Code   RO         9502    i.__ARM_fpclassify  m_wm.l(fpclassify.o)
    0x08008c88   0x08008c88   0x00000026   Code   RO         9504    i.__ARM_fpclassifyf  m_wm.l(fpclassifyf.o)
    0x08008cae   0x08008cae   0x00000020   Code   RO         5257    i.__NVIC_SetPriority  stm32f4xx_hal_cortex.o
    0x08008cce   0x08008cce   0x00000002   PAD
    0x08008cd0   0x08008cd0   0x0000012c   Code   RO         9108    i.__hardfp_asinf    m_wm.l(asinf.o)
    0x08008dfc   0x08008dfc   0x00000004   PAD
    0x08008e00   0x08008e00   0x000002d8   Code   RO         9120    i.__hardfp_atan     m_wm.l(atan.o)
    0x080090d8   0x080090d8   0x00000200   Code   RO         9134    i.__hardfp_atan2    m_wm.l(atan2.o)
    0x080092d8   0x080092d8   0x000002ac   Code   RO         9146    i.__hardfp_atan2f   m_wm.l(atan2f.o)
    0x08009584   0x08009584   0x00000004   PAD
    0x08009588   0x08009588   0x00000c50   Code   RO         9158    i.__hardfp_pow      m_wm.l(pow.o)
    0x0800a1d8   0x0800a1d8   0x0000007a   Code   RO         9172    i.__hardfp_sqrt     m_wm.l(sqrt.o)
    0x0800a252   0x0800a252   0x000000f8   Code   RO         9520    i.__kernel_poly     m_wm.l(poly.o)
    0x0800a34a   0x0800a34a   0x00000006   PAD
    0x0800a350   0x0800a350   0x00000030   Code   RO         9482    i.__mathlib_dbl_divzero  m_wm.l(dunder.o)
    0x0800a380   0x0800a380   0x00000014   Code   RO         9483    i.__mathlib_dbl_infnan  m_wm.l(dunder.o)
    0x0800a394   0x0800a394   0x00000014   Code   RO         9484    i.__mathlib_dbl_infnan2  m_wm.l(dunder.o)
    0x0800a3a8   0x0800a3a8   0x00000020   Code   RO         9485    i.__mathlib_dbl_invalid  m_wm.l(dunder.o)
    0x0800a3c8   0x0800a3c8   0x00000020   Code   RO         9486    i.__mathlib_dbl_overflow  m_wm.l(dunder.o)
    0x0800a3e8   0x0800a3e8   0x00000020   Code   RO         9488    i.__mathlib_dbl_underflow  m_wm.l(dunder.o)
    0x0800a408   0x0800a408   0x00000006   Code   RO         9507    i.__mathlib_flt_infnan  m_wm.l(funder.o)
    0x0800a40e   0x0800a40e   0x00000006   Code   RO         9508    i.__mathlib_flt_infnan2  m_wm.l(funder.o)
    0x0800a414   0x0800a414   0x00000010   Code   RO         9509    i.__mathlib_flt_invalid  m_wm.l(funder.o)
    0x0800a424   0x0800a424   0x00000010   Code   RO         9512    i.__mathlib_flt_underflow  m_wm.l(funder.o)
    0x0800a434   0x0800a434   0x0000000e   Code   RO         9595    i.__scatterload_copy  mc_w.l(handlers.o)
    0x0800a442   0x0800a442   0x00000002   Code   RO         9596    i.__scatterload_null  mc_w.l(handlers.o)
    0x0800a444   0x0800a444   0x0000000e   Code   RO         9597    i.__scatterload_zeroinit  mc_w.l(handlers.o)
    0x0800a452   0x0800a452   0x00000002   PAD
    0x0800a454   0x0800a454   0x0000000c   Code   RO         9565    i.__set_errno       mc_w.l(errno.o)
    0x0800a460   0x0800a460   0x00000154   Code   RO         9265    i._printf_core      mc_w.l(printf1.o)
    0x0800a5b4   0x0800a5b4   0x0000000a   Code   RO         9267    i._sputc            mc_w.l(printf1.o)
    0x0800a5be   0x0800a5be   0x0000002a   Code   RO         2003    i.abs_limit         pid.o
    0x0800a5e8   0x0800a5e8   0x000001d0   Code   RO         8868    i.accel_comple_filter  AHRS.lib(ahrs.o)
    0x0800a7b8   0x0800a7b8   0x0000018c   Code   RO         8869    i.accel_update_kp_ki  AHRS.lib(ahrs.o)
    0x0800a944   0x0800a944   0x0000016c   Code   RO         8870    i.angle_to_quat     AHRS.lib(ahrs.o)
    0x0800aab0   0x0800aab0   0x00000010   Code   RO         9122    i.atan              m_wm.l(atan.o)
    0x0800aac0   0x0800aac0   0x00000048   Code   RO         2567    i.dbus_uart_init    dr16_remote.o
    0x0800ab08   0x0800ab08   0x00000020   Code   RO         3124    i.determine_ID      rm_judgesystem.o
    0x0800ab28   0x0800ab28   0x00000018   Code   RO         9498    i.fabs              m_wm.l(fabs.o)
    0x0800ab40   0x0800ab40   0x000000e8   Code   RO         8871    i.get_angle         AHRS.lib(ahrs.o)
    0x0800ac28   0x0800ac28   0x0000001c   Code   RO         3125    i.int_into_char     rm_judgesystem.o
    0x0800ac44   0x0800ac44   0x0000001c   Code   RO         3126    i.is_red_or_blue    rm_judgesystem.o
    0x0800ac60   0x0800ac60   0x00000100   Code   RO         2797    i.ist8310_init      dji_imu.o
    0x0800ad60   0x0800ad60   0x00000038   Code   RO         2798    i.ist_reg_read_by_mpu  dji_imu.o
    0x0800ad98   0x0800ad98   0x00000042   Code   RO         2799    i.ist_reg_write_by_mpu  dji_imu.o
    0x0800adda   0x0800adda   0x0000004e   Code   RO           16    i.main              main.o
    0x0800ae28   0x0800ae28   0x0000000c   Code   RO         8354    i.makeFreeRtosPriority  cmsis_os.o
    0x0800ae34   0x0800ae34   0x0000006c   Code   RO         2800    i.mpu_device_init   dji_imu.o
    0x0800aea0   0x0800aea0   0x00000074   Code   RO         2801    i.mpu_get_data      dji_imu.o
    0x0800af14   0x0800af14   0x0000008e   Code   RO         2802    i.mpu_master_i2c_auto_read_config  dji_imu.o
    0x0800afa2   0x0800afa2   0x00000002   PAD
    0x0800afa4   0x0800afa4   0x000000a8   Code   RO         2803    i.mpu_offset_call   dji_imu.o
    0x0800b04c   0x0800b04c   0x00000050   Code   RO         2804    i.mpu_read_byte     dji_imu.o
    0x0800b09c   0x0800b09c   0x0000005c   Code   RO         2805    i.mpu_read_bytes    dji_imu.o
    0x0800b0f8   0x0800b0f8   0x00000054   Code   RO         2806    i.mpu_write_byte    dji_imu.o
    0x0800b14c   0x0800b14c   0x0000000a   Code   RO         8359    i.osKernelStart     cmsis_os.o
    0x0800b156   0x0800b156   0x00000026   Code   RO         8368    i.osMessageCreate   cmsis_os.o
    0x0800b17c   0x0800b17c   0x00000054   Code   RO         8393    i.osThreadCreate    cmsis_os.o
    0x0800b1d0   0x0800b1d0   0x00000070   Code   RO         8030    i.prvAddCurrentTaskToDelayedList  tasks.o
    0x0800b240   0x0800b240   0x000000d0   Code   RO         8031    i.prvAddNewTaskToReadyList  tasks.o
    0x0800b310   0x0800b310   0x00000026   Code   RO         7709    i.prvCopyDataFromQueue  queue.o
    0x0800b336   0x0800b336   0x0000006c   Code   RO         7710    i.prvCopyDataToQueue  queue.o
    0x0800b3a2   0x0800b3a2   0x00000034   Code   RO         8032    i.prvDeleteTCB      tasks.o
    0x0800b3d6   0x0800b3d6   0x00000002   PAD
    0x0800b3d8   0x0800b3d8   0x0000004c   Code   RO         8721    i.prvHeapInit       heap_4.o
    0x0800b424   0x0800b424   0x00000060   Code   RO         8033    i.prvIdleTask       tasks.o
    0x0800b484   0x0800b484   0x00000016   Code   RO         7712    i.prvInitialiseNewQueue  queue.o
    0x0800b49a   0x0800b49a   0x00000098   Code   RO         8034    i.prvInitialiseNewTask  tasks.o
    0x0800b532   0x0800b532   0x00000002   PAD
    0x0800b534   0x0800b534   0x0000004c   Code   RO         8722    i.prvInsertBlockIntoFreeList  heap_4.o
    0x0800b580   0x0800b580   0x0000001c   Code   RO         7713    i.prvIsQueueEmpty   queue.o
    0x0800b59c   0x0800b59c   0x00000020   Code   RO         8035    i.prvResetNextTaskUnblockTime  tasks.o
    0x0800b5bc   0x0800b5bc   0x00000028   Code   RO         8790    i.prvTaskExitError  port.o
    0x0800b5e4   0x0800b5e4   0x0000006a   Code   RO         7714    i.prvUnlockQueue    queue.o
    0x0800b64e   0x0800b64e   0x00000002   PAD
    0x0800b650   0x0800b650   0x000000dc   Code   RO         8723    i.pvPortMalloc      heap_4.o
    0x0800b72c   0x0800b72c   0x0000002c   Code   RO         8791    i.pxPortInitialiseStack  port.o
    0x0800b758   0x0800b758   0x00000084   Code   RO         8876    i.quat_normalization  AHRS.lib(ahrs.o)
    0x0800b7dc   0x0800b7dc   0x000000a8   Code   RO         2569    i.rc_callback_handler  dr16_remote.o
    0x0800b884   0x0800b884   0x0000006e   Code   RO         9174    i.sqrt              m_wm.l(sqrt.o)
    0x0800b8f2   0x0800b8f2   0x0000003e   Code   RO         9528    i.sqrtf             m_wm.l(sqrtf.o)
    0x0800b930   0x0800b930   0x00000060   Code   RO         2570    i.uart_receive_handler  dr16_remote.o
    0x0800b990   0x0800b990   0x0000007a   Code   RO         8877    i.update_w          AHRS.lib(ahrs.o)
    0x0800ba0a   0x0800ba0a   0x00000026   Code   RO         7669    i.uxListRemove      list.o
    0x0800ba30   0x0800ba30   0x00000014   Code   RO          261    i.vApplicationGetIdleTaskMemory  freertos.o
    0x0800ba44   0x0800ba44   0x00000016   Code   RO         7670    i.vListInitialise   list.o
    0x0800ba5a   0x0800ba5a   0x00000006   Code   RO         7671    i.vListInitialiseItem  list.o
    0x0800ba60   0x0800ba60   0x00000030   Code   RO         7672    i.vListInsert       list.o
    0x0800ba90   0x0800ba90   0x00000018   Code   RO         7673    i.vListInsertEnd    list.o
    0x0800baa8   0x0800baa8   0x00000040   Code   RO         8793    i.vPortEnterCritical  port.o
    0x0800bae8   0x0800bae8   0x00000028   Code   RO         8794    i.vPortExitCritical  port.o
    0x0800bb10   0x0800bb10   0x00000064   Code   RO         8724    i.vPortFree         heap_4.o
    0x0800bb74   0x0800bb74   0x00000024   Code   RO         8795    i.vPortSetupTimerInterrupt  port.o
    0x0800bb98   0x0800bb98   0x00000054   Code   RO         8796    i.vPortValidateInterruptPriority  port.o
    0x0800bbec   0x0800bbec   0x0000004c   Code   RO         8044    i.vTaskDelay        tasks.o
    0x0800bc38   0x0800bc38   0x0000008c   Code   RO         8045    i.vTaskDelayUntil   tasks.o
    0x0800bcc4   0x0800bcc4   0x000000ac   Code   RO         8046    i.vTaskDelete       tasks.o
    0x0800bd70   0x0800bd70   0x00000010   Code   RO         8048    i.vTaskInternalSetTimeOutState  tasks.o
    0x0800bd80   0x0800bd80   0x0000000c   Code   RO         8049    i.vTaskMissedYield  tasks.o
    0x0800bd8c   0x0800bd8c   0x00000030   Code   RO         8051    i.vTaskPlaceOnEventList  tasks.o
    0x0800bdbc   0x0800bdbc   0x0000006c   Code   RO         8058    i.vTaskStartScheduler  tasks.o
    0x0800be28   0x0800be28   0x00000010   Code   RO         8060    i.vTaskSuspendAll   tasks.o
    0x0800be38   0x0800be38   0x0000005c   Code   RO         8061    i.vTaskSwitchContext  tasks.o
    0x0800be94   0x0800be94   0x000000f4   Code   RO         8797    i.xPortStartScheduler  port.o
    0x0800bf88   0x0800bf88   0x00000042   Code   RO         7723    i.xQueueGenericCreate  queue.o
    0x0800bfca   0x0800bfca   0x00000066   Code   RO         7724    i.xQueueGenericCreateStatic  queue.o
    0x0800c030   0x0800c030   0x00000088   Code   RO         7725    i.xQueueGenericReset  queue.o
    0x0800c0b8   0x0800c0b8   0x000000be   Code   RO         7727    i.xQueueGenericSendFromISR  queue.o
    0x0800c176   0x0800c176   0x00000002   PAD
    0x0800c178   0x0800c178   0x00000138   Code   RO         7733    i.xQueueReceive     queue.o
    0x0800c2b0   0x0800c2b0   0x00000074   Code   RO         8063    i.xTaskCheckForTimeOut  tasks.o
    0x0800c324   0x0800c324   0x0000005a   Code   RO         8064    i.xTaskCreate       tasks.o
    0x0800c37e   0x0800c37e   0x00000056   Code   RO         8065    i.xTaskCreateStatic  tasks.o
    0x0800c3d4   0x0800c3d4   0x0000001c   Code   RO         8069    i.xTaskGetSchedulerState  tasks.o
    0x0800c3f0   0x0800c3f0   0x0000000c   Code   RO         8070    i.xTaskGetTickCount  tasks.o
    0x0800c3fc   0x0800c3fc   0x000000cc   Code   RO         8072    i.xTaskIncrementTick  tasks.o
    0x0800c4c8   0x0800c4c8   0x00000098   Code   RO         8075    i.xTaskPriorityDisinherit  tasks.o
    0x0800c560   0x0800c560   0x00000074   Code   RO         8077    i.xTaskRemoveFromEventList  tasks.o
    0x0800c5d4   0x0800c5d4   0x000000c4   Code   RO         8078    i.xTaskResumeAll    tasks.o
    0x0800c698   0x0800c698   0x00000100   Data   RO          263    .constdata          freertos.o
    0x0800c798   0x0800c798   0x00000100   Data   RO         2156    .constdata          crc.o
    0x0800c898   0x0800c898   0x0000001c   Data   RO         2808    .constdata          dji_imu.o
    0x0800c8b4   0x0800c8b4   0x00000300   Data   RO         3132    .constdata          rm_judgesystem.o
    0x0800cbb4   0x0800cbb4   0x00000008   Data   RO         4956    .constdata          stm32f4xx_hal_dma.o
    0x0800cbbc   0x0800cbbc   0x00000010   Data   RO         7532    .constdata          system_stm32f4xx.o
    0x0800cbcc   0x0800cbcc   0x00000008   Data   RO         7533    .constdata          system_stm32f4xx.o
    0x0800cbd4   0x0800cbd4   0x0000000c   Data   RO         8878    .constdata          AHRS.lib(ahrs.o)
    0x0800cbe0   0x0800cbe0   0x00000098   Data   RO         9123    .constdata          m_wm.l(atan.o)
    0x0800cc78   0x0800cc78   0x00000088   Data   RO         9161    .constdata          m_wm.l(pow.o)
    0x0800cd00   0x0800cd00   0x00000008   Data   RO         9522    .constdata          m_wm.l(qnan.o)
    0x0800cd08   0x0800cd08   0x00000065   Data   RO          264    .conststring        freertos.o
    0x0800cd6d   0x0800cd6d   0x00000003   PAD
    0x0800cd70   0x0800cd70   0x00000804   Data   RO         9088    .rodata.sinTable_f32  arm_cortexM4lf_math.lib(arm_common_tables.o)
    0x0800d574   0x0800d574   0x00000020   Data   RO         9593    Region$$Table       anon$$obj.o


    Execution Region RW_IRAM2 (Exec base: 0x10000000, Load base: 0x0800d730, Size: 0x00000000, Max: 0x00010000, ABSOLUTE)

    **** No section assigned to this execution region ****


    Execution Region RW_IRAM1 (Exec base: 0x20000000, Load base: 0x0800d594, Size: 0x00006750, Max: 0x00030000, ABSOLUTE, COMPRESSED[0x0000019c])

    Exec Addr    Load Addr    Size         Type   Attr      Idx    E Section Name        Object

    0x20000000   COMPRESSED   0x00000028   Data   RW          265    .data               freertos.o
    0x20000028   COMPRESSED   0x00000004   Data   RW          596    .data               can.o
    0x2000002c   COMPRESSED   0x00000128   Data   RW         1097    .data               chassis_control.o
    0x20000154   COMPRESSED   0x0000003c   Data   RW         1101    .data               chassis_control.o
    0x20000190   COMPRESSED   0x0000003c   Data   RW         1102    .data               chassis_control.o
    0x200001cc   COMPRESSED   0x0000003c   Data   RW         1103    .data               chassis_control.o
    0x20000208   COMPRESSED   0x0000003c   Data   RW         1104    .data               chassis_control.o
    0x20000244   COMPRESSED   0x00000040   Data   RW         1105    .data               chassis_control.o
    0x20000284   COMPRESSED   0x00000040   Data   RW         1106    .data               chassis_control.o
    0x200002c4   COMPRESSED   0x00000040   Data   RW         1107    .data               chassis_control.o
    0x20000304   COMPRESSED   0x00000040   Data   RW         1108    .data               chassis_control.o
    0x20000344   COMPRESSED   0x00000040   Data   RW         1109    .data               chassis_control.o
    0x20000384   COMPRESSED   0x00000040   Data   RW         1110    .data               chassis_control.o
    0x200003c4   COMPRESSED   0x00000040   Data   RW         1111    .data               chassis_control.o
    0x20000404   COMPRESSED   0x00000040   Data   RW         1112    .data               chassis_control.o
    0x20000444   COMPRESSED   0x00000014   Data   RW         1307    .data               power_control.o
    0x20000458   COMPRESSED   0x000000b8   Data   RW         1375    .data               control_vision.o
    0x20000510   COMPRESSED   0x00000018   Data   RW         1376    .data               control_vision.o
    0x20000528   COMPRESSED   0x0000000c   Data   RW         1635    .data               robot_control.o
    0x20000534   COMPRESSED   0x00000048   Data   RW         1705    .data               imu_compensate.o
    0x2000057c   COMPRESSED   0x00000008   Data   RW         1706    .data               imu_compensate.o
    0x20000584   COMPRESSED   0x00000004   Data   RW         1789    .data               devicescheck.o
    0x20000588   COMPRESSED   0x0000003c   Data   RW         1946    .data               rmclient_ui.o
    0x200005c4   COMPRESSED   0x00000020   Data   RW         2572    .data               dr16_remote.o
    0x200005e4   COMPRESSED   0x00000002   Data   RW         2573    .data               dr16_remote.o
    0x200005e6   COMPRESSED   0x00000002   PAD
    0x200005e8   COMPRESSED   0x00000014   Data   RW         2761    .data               m6020_motor.o
    0x200005fc   COMPRESSED   0x00000010   Data   RW         2809    .data               dji_imu.o
    0x2000060c   COMPRESSED   0x00000086   Data   RW         2810    .data               dji_imu.o
    0x20000692   COMPRESSED   0x00000002   PAD
    0x20000694   COMPRESSED   0x00000014   Data   RW         2931    .data               dev_cimu.o
    0x200006a8   COMPRESSED   0x00000010   Data   RW         2932    .data               dev_cimu.o
    0x200006b8   COMPRESSED   0x0000000c   Data   RW         3133    .data               rm_judgesystem.o
    0x200006c4   COMPRESSED   0x00000061   Data   RW         3134    .data               rm_judgesystem.o
    0x20000725   COMPRESSED   0x00000003   PAD
    0x20000728   COMPRESSED   0x0000000c   Data   RW         3714    .data               dev_supcap.o
    0x20000734   COMPRESSED   0x00000008   Data   RW         3810    .data               dev_power_meter.o
    0x2000073c   COMPRESSED   0x0000000c   Data   RW         5403    .data               stm32f4xx_hal.o
    0x20000748   COMPRESSED   0x00000004   Data   RW         7534    .data               system_stm32f4xx.o
    0x2000074c   COMPRESSED   0x0000003c   Data   RW         8081    .data               tasks.o
    0x20000788   COMPRESSED   0x00000020   Data   RW         8730    .data               heap_4.o
    0x200007a8   COMPRESSED   0x0000000c   Data   RW         8798    .data               port.o
    0x200007b4   COMPRESSED   0x00000010   Data   RW         8879    .data               AHRS.lib(ahrs.o)
    0x200007c4   COMPRESSED   0x00000004   Data   RW         9566    .data               mc_w.l(errno.o)
    0x200007c8        -       0x00000254   Zero   RW          262    .bss                freertos.o
    0x20000a1c        -       0x00000048   Zero   RW          552    .bss                adc.o
    0x20000a64        -       0x00000050   Zero   RW          595    .bss                can.o
    0x20000ab4        -       0x00000058   Zero   RW          667    .bss                spi.o
    0x20000b0c        -       0x00000168   Zero   RW          714    .bss                tim.o
    0x20000c74        -       0x00000290   Zero   RW          785    .bss                usart.o
    0x20000f04        -       0x00000048   Zero   RW         1038    .bss                stm32f4xx_hal_timebase_tim.o
    0x20000f4c        -       0x00000050   Zero   RW         1095    .bss                chassis_control.o
    0x20000f9c        -       0x00000068   Zero   RW         1372    .bss                control_vision.o
    0x20001004        -       0x00000010   Zero   RW         1373    .bss                control_vision.o
    0x20001014        -       0x000000f4   Zero   RW         1703    .bss                imu_compensate.o
    0x20001108        -       0x00000018   Zero   RW         2334    .bss                monitor_rm_can.o
    0x20001120        -       0x00000098   Zero   RW         2395    .bss                bsp_can.o
    0x200011b8        -       0x00000020   Zero   RW         2571    .bss                dr16_remote.o
    0x200011d8        -       0x000001e0   Zero   RW         2723    .bss                m3508_motor.o
    0x200013b8        -       0x000000a0   Zero   RW         2757    .bss                m6020_motor.o
    0x20001458        -       0x00000280   Zero   RW         2760    .bss                m6020_motor.o
    0x200016d8        -       0x00000048   Zero   RW         2807    .bss                dji_imu.o
    0x20001720        -       0x0000002c   Zero   RW         2930    .bss                dev_cimu.o
    0x2000174c        -       0x00000ee4   Zero   RW         3128    .bss                rm_judgesystem.o
    0x20002630        -       0x00000020   Zero   RW         3713    .bss                dev_supcap.o
    0x20002650        -       0x0000000c   Zero   RW         3809    .bss                dev_power_meter.o
    0x2000265c        -       0x000000f0   Zero   RW         8080    .bss                tasks.o
    0x2000274c        -       0x00003c00   Zero   RW         8729    .bss                heap_4.o
    0x2000634c   COMPRESSED   0x00000004   PAD
    0x20006350        -       0x00000400   Zero   RW            1    STACK               startup_stm32f427xx.o


==============================================================================

Image component sizes


      Code (inc. data)   RO Data    RW Data    ZI Data      Debug   Object Name

       144         26          0          0         72       1793   adc.o
       100         16          0          0          0       4032   ahrs_middleware.o
       212         16          0          0        152       4379   bsp_can.o
       388         40          0          4         80       2718   can.o
      4968        324          0       1048         80      30843   chassis_control.o
         0          0          0          0          0       4560   cloud_control.o
       144          0          0          0          0      23693   cmsis_os.o
       580         78          0        208        120       8105   control_vision.o
        32          4        256          0          0       1384   crc.o
       366         46          0         36         44       4613   dev_cimu.o
       116         24          0          8         12       1901   dev_power_meter.o
       488         72          0         12         32       6850   dev_supcap.o
        16          6          0          4          0       1084   devicescheck.o
      1760         96         28        150         72      11612   dji_imu.o
       108          4          0          0          0       1006   dma.o
       560         54          0         34         32      21870   dr16_remote.o
         0          0          0          0          0      20076   event_groups.o
       436         62        357         40        596     703453   freertos.o
       172          8          0          0          0       1231   gpio.o
       472         24          0         32      15360       7699   heap_4.o
       876         74          0         80        244      22767   imu_compensate.o
        48          6          0          0          0      16347   kalman_filter.o
       138          0          0          0          0       3822   list.o
         0          0          0          0          0       1324   m2006_motor.o
        60          6          0          0        480       2217   m3508_motor.o
       212         10          0         20        800       2607   m6020_motor.o
       232         14          0          0          0     803368   main.o
       292         34          0          0         24       3553   monitor_rm_can.o
       308          0          0          0          0       3805   pid.o
       786         82          0         12          0      12253   port.o
       248         18          0         20          0       2747   power_control.o
      1108          8          0          0          0      15250   queue.o
      7094        804        768        109       3812      50622   rm_judgesystem.o
        68         10          0         60          0       2451   rmclient_ui.o
       152         28          0         12          0       2862   robot_control.o
       180         24          0          0         88       1909   spi.o
        36          8        428          0       1024        860   startup_stm32f427xx.o
        34          6          0          0          0       8295   status_update.o
       116         18          0         12          0       9158   stm32f4xx_hal.o
       736         34          0          0          0       3111   stm32f4xx_hal_adc.o
      1660          6          0          0          0      15455   stm32f4xx_hal_can.o
       158         14          0          0          0      33286   stm32f4xx_hal_cortex.o
      1044         16          8          0          0       7523   stm32f4xx_hal_dma.o
       574         54          0          0          0       2404   stm32f4xx_hal_gpio.o
        56          4          0          0          0       1038   stm32f4xx_hal_msp.o
      1412         86          0          0          0       6189   stm32f4xx_hal_rcc.o
       942         12          0          0          0       5157   stm32f4xx_hal_spi.o
      2020        136          0          0          0      17558   stm32f4xx_hal_tim.o
       148         28          0          0          0       2673   stm32f4xx_hal_tim_ex.o
       152         20          0          0         72       1675   stm32f4xx_hal_timebase_tim.o
      1574         16          0          0          0      10936   stm32f4xx_hal_uart.o
       312         84          0          0          0      15533   stm32f4xx_it.o
        28          6         24          4          0       1351   system_stm32f4xx.o
       256         10          0          0          0       1206   task_canmsg.o
        88         16          0          0          0       1240   task_check.o
         8          0          0          0          0        491   task_host.o
        52         14          0          0          0       1126   task_imumsg.o
        22          0          0          0          0       1222   task_rmclientui.o
        26          0          0          0          0       1227   task_robotcontrol.o
      2332        178          0         60        240      28466   tasks.o
      1036         88          0          0        360       5842   tim.o
       876         90          0          0        656       4550   usart.o
        22          0          0          0          0        608   user_filter.o

    ----------------------------------------------------------------------
     38642       2962       1904       1972      24456    1998986   Object Totals
         0          0         32          0          0          0   (incl. Generated)
        58          0          3          7          4          0   (incl. Padding)

    ----------------------------------------------------------------------

      Code (inc. data)   RO Data    RW Data    ZI Data      Debug   Library Member Name

      2718         84         12         16          0       9922   ahrs.o
         0          0       2052          0          0       3698   arm_common_tables.o
       160         12          0          0          0       1107   arm_cos_f32.o
       152         12          0          0          0       1102   arm_sin_f32.o
       300         42          0          0          0        176   asinf.o
       744        106        152          0          0        352   atan.o
       512         64          0          0          0        208   atan2.o
       684         90          0          0          0        208   atan2f.o
       184         44          0          0          0        744   dunder.o
        24          0          0          0          0        124   fabs.o
        48          0          0          0          0        124   fpclassify.o
        38          0          0          0          0        116   fpclassifyf.o
        44         12          0          0          0        464   funder.o
       248          0          0          0          0        152   poly.o
      3152        296        136          0          0        352   pow.o
         0          0          8          0          0          0   qnan.o
       232          0          0          0          0        296   sqrt.o
        62          0          0          0          0        136   sqrtf.o
        86          0          0          0          0          0   __dczerorl2.o
         0          0          0          0          0          0   entry.o
         0          0          0          0          0          0   entry10a.o
         0          0          0          0          0          0   entry11a.o
         4          0          0          0          0          0   entry12b.o
         8          4          0          0          0          0   entry2.o
         4          0          0          0          0          0   entry5.o
         0          0          0          0          0          0   entry7b.o
         0          0          0          0          0          0   entry8b.o
         8          4          0          0          0          0   entry9a.o
        12          6          0          4          0         68   errno.o
        30          0          0          0          0          0   handlers.o
        36          8          0          0          0         68   init.o
         0          0          0          0          0          0   iusefp.o
        30          0          0          0          0         68   llshl.o
        36          0          0          0          0         68   llsshr.o
        32          0          0          0          0         68   llushr.o
        36          0          0          0          0         68   memcpya.o
        36          0          0          0          0        108   memseta.o
       390         10          0          0          0        252   printf1.o
        24          0          0          0          0         68   strcat.o
        18          0          0          0          0         68   strcpy.o
        44          0          0          0          0         80   uidiv.o
        98          0          0          0          0         92   uldiv.o
        48          0          0          0          0         68   cdcmple.o
        48          0          0          0          0         68   cdrcmple.o
        56          0          0          0          0         88   d2f.o
       334          0          0          0          0        148   dadd.o
       222          0          0          0          0        100   ddiv.o
       186          0          0          0          0        176   depilogue.o
        34          0          0          0          0         76   dflti.o
       228          0          0          0          0         96   dmul.o
        46          0          0          0          0         80   dscalb.o
       162          0          0          0          0        100   dsqrt.o
        38          0          0          0          0         68   f2d.o
       110          0          0          0          0        168   fepilogue.o

    ----------------------------------------------------------------------
     11770        802       2360         20          0      21593   Library Totals
        24          8          0          0          0          0   (incl. Padding)

    ----------------------------------------------------------------------

      Code (inc. data)   RO Data    RW Data    ZI Data      Debug   Library Name

      2718         84         12         16          0       9922   AHRS.lib
       312         24       2052          0          0       5907   arm_cortexM4lf_math.lib
      6272        654        296          0          0       3452   m_wm.l
       932         32          0          4          0       1076   mc_w.l
      1512          0          0          0          0       1236   mf_w.l

    ----------------------------------------------------------------------
     11770        802       2360         20          0      21593   Library Totals

    ----------------------------------------------------------------------

==============================================================================


      Code (inc. data)   RO Data    RW Data    ZI Data      Debug   

     50412       3764       4264       1992      24456    1985751   Grand Totals
     50412       3764       4264        412      24456    1985751   ELF Image Totals (compressed)
     50412       3764       4264        412          0          0   ROM Totals

==============================================================================

    Total RO  Size (Code + RO Data)                54676 (  53.39kB)
    Total RW  Size (RW Data + ZI Data)             26448 (  25.83kB)
    Total ROM Size (Code + RO Data + RW Data)      55088 (  53.80kB)

==============================================================================

